Archive member included to satisfy reference by file (symbol)

.\CortexM3\ARM_GCC_541\Debug\Keys2NotewDisplay.a(Button_Switch.o)
                              .\CortexM3\ARM_GCC_541\Debug\main.o (Button_Switch_StartEx)
.\CortexM3\ARM_GCC_541\Debug\Keys2NotewDisplay.a(KeyNote_Low.o)
                              .\CortexM3\ARM_GCC_541\Debug\main.o (KeyNote_Low_Read)
.\CortexM3\ARM_GCC_541\Debug\Keys2NotewDisplay.a(KeyNote_High.o)
                              .\CortexM3\ARM_GCC_541\Debug\main.o (KeyNote_High_Read)
.\CortexM3\ARM_GCC_541\Debug\Keys2NotewDisplay.a(Waveform_Send.o)
                              .\CortexM3\ARM_GCC_541\Debug\main.o (Waveform_Send_ReadStatusRegister)
.\CortexM3\ARM_GCC_541\Debug\Keys2NotewDisplay.a(Fs.o)
                              .\CortexM3\ARM_GCC_541\Debug\main.o (Fs_Write)
.\CortexM3\ARM_GCC_541\Debug\Keys2NotewDisplay.a(Waveform_ISR.o)
                              .\CortexM3\ARM_GCC_541\Debug\main.o (Waveform_ISR_StartEx)
.\CortexM3\ARM_GCC_541\Debug\Keys2NotewDisplay.a(Wave_Out.o)
                              .\CortexM3\ARM_GCC_541\Debug\main.o (Wave_Out_Start)
.\CortexM3\ARM_GCC_541\Debug\Keys2NotewDisplay.a(DACBuffer.o)
                              .\CortexM3\ARM_GCC_541\Debug\main.o (DACBuffer_Start)
.\CortexM3\ARM_GCC_541\Debug\Keys2NotewDisplay.a(DC.o)
                              .\CortexM3\ARM_GCC_541\Debug\tft.o (DC_Write)
.\CortexM3\ARM_GCC_541\Debug\Keys2NotewDisplay.a(ADC_VolumePedal.o)
                              .\CortexM3\ARM_GCC_541\Debug\main.o (ADC_VolumePedal_Start)
.\CortexM3\ARM_GCC_541\Debug\Keys2NotewDisplay.a(ADC_VolumePedal_INT.o)
                              .\CortexM3\ARM_GCC_541\Debug\Keys2NotewDisplay.a(ADC_VolumePedal.o) (ADC_VolumePedal_ISR1)
.\CortexM3\ARM_GCC_541\Debug\Keys2NotewDisplay.a(Wave_Out_DMA_dma.o)
                              .\CortexM3\ARM_GCC_541\Debug\Keys2NotewDisplay.a(Wave_Out.o) (Wave_Out_DMA_DmaInitialize)
.\CortexM3\ARM_GCC_541\Debug\Keys2NotewDisplay.a(Wave_Out_VDAC8.o)
                              .\CortexM3\ARM_GCC_541\Debug\Keys2NotewDisplay.a(Wave_Out.o) (Wave_Out_VDAC8_Enable)
.\CortexM3\ARM_GCC_541\Debug\Keys2NotewDisplay.a(Wave_Out_IntClock.o)
                              .\CortexM3\ARM_GCC_541\Debug\Keys2NotewDisplay.a(Wave_Out.o) (Wave_Out_IntClock_Start)
.\CortexM3\ARM_GCC_541\Debug\Keys2NotewDisplay.a(ADC_VolumePedal_AMux.o)
                              .\CortexM3\ARM_GCC_541\Debug\Keys2NotewDisplay.a(ADC_VolumePedal.o) (ADC_VolumePedal_AMux_Select)
.\CortexM3\ARM_GCC_541\Debug\Keys2NotewDisplay.a(ADC_VolumePedal_Ext_CP_Clk.o)
                              .\CortexM3\ARM_GCC_541\Debug\Keys2NotewDisplay.a(ADC_VolumePedal.o) (ADC_VolumePedal_Ext_CP_Clk_SetModeRegister)
.\CortexM3\ARM_GCC_541\Debug\Keys2NotewDisplay.a(ADC_VolumePedal_theACLK.o)
                              .\CortexM3\ARM_GCC_541\Debug\Keys2NotewDisplay.a(ADC_VolumePedal.o) (ADC_VolumePedal_theACLK_SetModeRegister)
.\CortexM3\ARM_GCC_541\Debug\Keys2NotewDisplay.a(CyDmac.o)
                              .\CortexM3\ARM_GCC_541\Debug\Cm3Start.o (CyDmacConfigure)
.\CortexM3\ARM_GCC_541\Debug\Keys2NotewDisplay.a(CyLib.o)
                              .\CortexM3\ARM_GCC_541\Debug\GUI_X.o (CyHalt)
.\CortexM3\ARM_GCC_541\Debug\Keys2NotewDisplay.a(cyPm.o)
                              .\CortexM3\ARM_GCC_541\Debug\Keys2NotewDisplay.a(CyLib.o) (CyPmReadStatus)
.\CortexM3\ARM_GCC_541\Debug\Keys2NotewDisplay.a(ReadInputs.o)
                              .\CortexM3\ARM_GCC_541\Debug\main.o (ReadInputs_ReadStatusRegister)
.\CortexM3\ARM_GCC_541\Debug\Keys2NotewDisplay.a(Inputs.o)
                              .\CortexM3\ARM_GCC_541\Debug\main.o (Inputs_StartEx)
.\CortexM3\ARM_GCC_541\Debug\Keys2NotewDisplay.a(SPIM_1.o)
                              .\CortexM3\ARM_GCC_541\Debug\tft.o (SPIM_1_ReadTxStatus)
.\CortexM3\ARM_GCC_541\Debug\Keys2NotewDisplay.a(SPIM_1_IntClock.o)
                              .\CortexM3\ARM_GCC_541\Debug\Keys2NotewDisplay.a(SPIM_1.o) (SPIM_1_IntClock_Start)
.\CortexM3\ARM_GCC_541\Debug\Keys2NotewDisplay.a(UpdateNote.o)
                              .\CortexM3\ARM_GCC_541\Debug\main.o (UpdateNote_ReadStatusRegister)
.\CortexM3\ARM_GCC_541\Debug\Keys2NotewDisplay.a(NewNote.o)
                              .\CortexM3\ARM_GCC_541\Debug\main.o (NewNote_StartEx)
.\CortexM3\ARM_GCC_541\Debug\Keys2NotewDisplay.a(Control_Reg_1.o)
                              .\CortexM3\ARM_GCC_541\Debug\main.o (Control_Reg_1_Write)
.\CortexM3\ARM_GCC_541\Debug\Keys2NotewDisplay.a(Control_Reg_2.o)
                              .\CortexM3\ARM_GCC_541\Debug\main.o (Control_Reg_2_Write)
.\CortexM3\ARM_GCC_541\Debug\Keys2NotewDisplay.a(CyBootAsmGnu.o)
                              .\CortexM3\ARM_GCC_541\Debug\cyfitter_cfg.o (CyDelayCycles)
.\CortexM3\ARM_GCC_541\Debug\Keys2NotewDisplay.a(CyFlash.o)
                              .\CortexM3\ARM_GCC_541\Debug\Keys2NotewDisplay.a(cyPm.o) (CyFlash_SetWaitCycles)
[...]
Memory Configuration

Name             Origin             Length             Attributes
rom              0x00000000         0x00040000         xr
ram              0x1fff8000         0x00010000         xrw
*default*        0x00000000         0xffffffff

Linker script and memory map

LOAD c:/program files (x86)/cypress/psoc creator/4.4/psoc creator/import/gnu/arm/5.4.1/bin/../lib/gcc/arm-none-eabi/5.4.1/armv7-m/crti.o
LOAD c:/program files (x86)/cypress/psoc creator/4.4/psoc creator/import/gnu/arm/5.4.1/bin/../lib/gcc/arm-none-eabi/5.4.1/armv7-m/crtbegin.o
LOAD c:/program files (x86)/cypress/psoc creator/4.4/psoc creator/import/gnu/arm/5.4.1/bin/../lib/gcc/arm-none-eabi/5.4.1/../../../../arm-none-eabi/lib/armv7-m/crt0.o
START GROUP
LOAD .\CortexM3\ARM_GCC_541\Debug\main.o
LOAD .\CortexM3\ARM_GCC_541\Debug\waveforms.o
LOAD .\CortexM3\ARM_GCC_541\Debug\GUIConf.o
LOAD .\CortexM3\ARM_GCC_541\Debug\LCDConf.o
LOAD .\CortexM3\ARM_GCC_541\Debug\tft.o
LOAD .\CortexM3\ARM_GCC_541\Debug\GUI_X.o
LOAD .\CortexM3\ARM_GCC_541\Debug\cyfitter_cfg.o
LOAD .\CortexM3\ARM_GCC_541\Debug\cymetadata.o
LOAD .\CortexM3\ARM_GCC_541\Debug\Cm3Start.o
LOAD .\CortexM3\ARM_GCC_541\Debug\Keys2NotewDisplay.a
LOAD C:\Program Files (x86)\Cypress\PSoC Creator\4.4\PSoC Creator\psoc\content\cycomponentlibrary\CyComponentLibrary.cylib\CortexM3\ARM_GCC_541\Debug\CyComponentLibrary.a
LOAD c:/program files (x86)/cypress/psoc creator/4.4/psoc creator/import/gnu/arm/5.4.1/bin/../lib/gcc/arm-none-eabi/5.4.1/../../../../arm-none-eabi/lib/armv7-m\libm.a
LOAD ..\..\emWinGraphics_v5_46\LinkLibrary\PSoC5\GCC\libemWin_nosnts_cm3_gcc.a
END GROUP
START GROUP
LOAD c:/program files (x86)/cypress/psoc creator/4.4/psoc creator/import/gnu/arm/5.4.1/bin/../lib/gcc/arm-none-eabi/5.4.1/armv7-m\libgcc.a
LOAD c:/program files (x86)/cypress/psoc creator/4.4/psoc creator/import/gnu/arm/5.4.1/bin/../lib/gcc/arm-none-eabi/5.4.1/../../../../arm-none-eabi/lib/armv7-m\libg_nano.a
LOAD c:/program files (x86)/cypress/psoc creator/4.4/psoc creator/import/gnu/arm/5.4.1/bin/../lib/gcc/arm-none-eabi/5.4.1/../../../../arm-none-eabi/lib/armv7-m\libc_nano.a
END GROUP
START GROUP
LOAD c:/program files (x86)/cypress/psoc creator/4.4/psoc creator/import/gnu/arm/5.4.1/bin/../lib/gcc/arm-none-eabi/5.4.1/armv7-m\libgcc.a
LOAD c:/program files (x86)/cypress/psoc creator/4.4/psoc creator/import/gnu/arm/5.4.1/bin/../lib/gcc/arm-none-eabi/5.4.1/../../../../arm-none-eabi/lib/armv7-m\libc_nano.a
END GROUP
LOAD c:/program files (x86)/cypress/psoc creator/4.4/psoc creator/import/gnu/arm/5.4.1/bin/../lib/gcc/arm-none-eabi/5.4.1/armv7-m/crtend.o
LOAD c:/program files (x86)/cypress/psoc creator/4.4/psoc creator/import/gnu/arm/5.4.1/bin/../lib/gcc/arm-none-eabi/5.4.1/armv7-m/crtn.o
START GROUP
LOAD c:/program files (x86)/cypress/psoc creator/4.4/psoc creator/import/gnu/arm/5.4.1/bin/../lib/gcc/arm-none-eabi/5.4.1/armv7-m\libgcc.a
LOAD c:/program files (x86)/cypress/psoc creator/4.4/psoc creator/import/gnu/arm/5.4.1/bin/../lib/gcc/arm-none-eabi/5.4.1/../../../../arm-none-eabi/lib/armv7-m\libc.a
LOAD c:/program files (x86)/cypress/psoc creator/4.4/psoc creator/import/gnu/arm/5.4.1/bin/../lib/gcc/arm-none-eabi/5.4.1/../../../../arm-none-eabi/lib/armv7-m\libnosys.a
END GROUP
                0x00000000                CY_APPL_ORIGIN = 0x0
                0x00000100                CY_FLASH_ROW_SIZE = 0x100
                0x00000020                CY_ECC_ROW_SIZE = 0x20
                0x00000000                CY_EE_IN_BTLDR = 0x0
                0x00000000                CY_APPL_LOADABLE = 0x0
                0x00000800                CY_EE_SIZE = 0x800
                0x00000001                CY_APPL_NUM = 0x1
                0x00000001                CY_APPL_MAX = 0x1
                0x00000040                CY_METADATA_SIZE = 0x40
                0x00000000                CY_APPL_LOADABLE = 0x0
                0x00000000                CY_CHECKSUM_EXCLUDE_SIZE = ALIGN (0x0, CY_FLASH_ROW_SIZE)
                [!provide]                PROVIDE (__cy_heap_start, _end)
                0x00000001                PROVIDE (__cy_region_num, ((__cy_regions_end - __cy_regions) / 0x10))
                0x20008000                PROVIDE (__cy_stack, (ORIGIN (ram) + LENGTH (ram)))
                [!provide]                PROVIDE (__cy_heap_end, (__cy_stack - 0x800))

.cybootloader   0x00000000        0x0
 *(.cybootloader)
                0x00000000                appl1_start = CY_APPL_ORIGIN?CY_APPL_ORIGIN:ALIGN (CY_FLASH_ROW_SIZE)
                0x0001ff00                appl2_start = (appl1_start + ALIGN ((((LENGTH (rom) - appl1_start) - (0x2 * CY_FLASH_ROW_SIZE)) / 0x2), CY_FLASH_ROW_SIZE))
                0x00000000                appl_start = (CY_APPL_NUM == 0x1)?appl1_start:appl2_start
                0x00000000                ecc_offset = ((appl_start / CY_FLASH_ROW_SIZE) * CY_ECC_ROW_SIZE)
                0x00000000                ee_offset = (CY_APPL_LOADABLE && ! (CY_EE_IN_BTLDR))?((CY_EE_SIZE / CY_APPL_MAX) * (CY_APPL_NUM - 0x1)):0x0
                0x00000800                ee_size = (CY_APPL_LOADABLE && ! (CY_EE_IN_BTLDR))?(CY_EE_SIZE / CY_APPL_MAX):CY_EE_SIZE
                [!provide]                PROVIDE (CY_ECC_OFFSET, ecc_offset)

.text           0x00000000     0x7e50
 CREATE_OBJECT_SYMBOLS
                0x00000000                PROVIDE (__cy_interrupt_vector, RomVectors)
 *(.romvectors)
 .romvectors    0x00000000       0x10 .\CortexM3\ARM_GCC_541\Debug\Cm3Start.o
                0x00000000                RomVectors
                0x00000001                ASSERT ((. != __cy_interrupt_vector), No interrupt vector)
                0x00000001                ASSERT (CY_APPL_ORIGIN?(SIZEOF (.cybootloader) <= CY_APPL_ORIGIN):0x1, Wrong image location)
                0x00000010                PROVIDE (__cy_reset, Reset)
 *(.text.Reset)
 .text.Reset    0x00000010       0x18 .\CortexM3\ARM_GCC_541\Debug\Cm3Start.o
                0x00000010                Reset
                0x00000001                ASSERT ((. != __cy_reset), No reset code)
 *(.dma_init)
                0x00000001                ASSERT ((((appl_start + .) <= 0x10000) || 0x1), DMA Init must be within the first 64k of flash)
 *(.text .text.* .gnu.linkonce.t.*)
 .text          0x00000028       0x5c c:/program files (x86)/cypress/psoc creator/4.4/psoc creator/import/gnu/arm/5.4.1/bin/../lib/gcc/arm-none-eabi/5.4.1/armv7-m/crtbegin.o
 .text.Waveform_ISR
                0x00000084       0x88 .\CortexM3\ARM_GCC_541\Debug\main.o
                0x00000084                Waveform_ISR
 .text.Button_ISR
                0x0000010c      0x204 .\CortexM3\ARM_GCC_541\Debug\main.o
                0x0000010c                Button_ISR
 .text.Inputs_ISR
                0x00000310       0xa8 .\CortexM3\ARM_GCC_541\Debug\main.o
                0x00000310                Inputs_ISR
 .text.Notes_ISR
                0x000003b8      0x1e0 .\CortexM3\ARM_GCC_541\Debug\main.o
                0x000003b8                Notes_ISR
 .text.DisplayInit
                0x00000598      0x228 .\CortexM3\ARM_GCC_541\Debug\main.o
                0x00000598                DisplayInit
 .text.displayNotes
                0x000007c0      0x40c .\CortexM3\ARM_GCC_541\Debug\main.o
                0x000007c0                displayNotes
 .text.main     0x00000bcc       0x54 .\CortexM3\ARM_GCC_541\Debug\main.o
                0x00000bcc                main
 .text.GUI_X_Config
                0x00000c20       0x1c .\CortexM3\ARM_GCC_541\Debug\GUIConf.o
                0x00000c20                GUI_X_Config
 .text._InitController
                0x00000c3c        0x8 .\CortexM3\ARM_GCC_541\Debug\LCDConf.o
 .text.LCD_X_Config
                0x00000c44       0x94 .\CortexM3\ARM_GCC_541\Debug\LCDConf.o
                0x00000c44                LCD_X_Config
 .text.LCD_X_DisplayDriver
                0x00000cd8       0x14 .\CortexM3\ARM_GCC_541\Debug\LCDConf.o
                0x00000cd8                LCD_X_DisplayDriver
 .text.write8_a0
                0x00000cec       0x1c .\CortexM3\ARM_GCC_541\Debug\tft.o
                0x00000cec                write8_a0
 .text.write8_a1
                0x00000d08       0x1c .\CortexM3\ARM_GCC_541\Debug\tft.o
                0x00000d08                write8_a1
 .text.writeM8_a1
                0x00000d24       0x28 .\CortexM3\ARM_GCC_541\Debug\tft.o
                0x00000d24                writeM8_a1
 .text.read8_a1
                0x00000d4c        0x4 .\CortexM3\ARM_GCC_541\Debug\tft.o
                0x00000d4c                read8_a1
 .text.readM8_a1
                0x00000d50        0x4 .\CortexM3\ARM_GCC_541\Debug\tft.o
                0x00000d50                readM8_a1
 .text.tftStart
                0x00000d54       0x3c .\CortexM3\ARM_GCC_541\Debug\tft.o
                0x00000d54                tftStart
 .text.GUI_X_Systick_Intr
                0x00000d90       0x10 .\CortexM3\ARM_GCC_541\Debug\GUI_X.o
                0x00000d90                GUI_X_Systick_Intr
 .text.GUI_X_Systick_Init
                0x00000da0       0x34 .\CortexM3\ARM_GCC_541\Debug\GUI_X.o
                0x00000da0                GUI_X_Systick_Init
 .text.GUI_X_Init
                0x00000dd4        0x8 .\CortexM3\ARM_GCC_541\Debug\GUI_X.o
                0x00000dd4                GUI_X_Init
 .text.CyClockStartupError
                0x00000ddc        0x4 .\CortexM3\ARM_GCC_541\Debug\cyfitter_cfg.o
 .text.cfg_write_bytes32
                0x00000de0       0x34 .\CortexM3\ARM_GCC_541\Debug\cyfitter_cfg.o
 .text.AnalogSetDefault
                0x00000e14       0x50 .\CortexM3\ARM_GCC_541\Debug\cyfitter_cfg.o
 .text.CYMEMZERO
                0x00000e64        0xc .\CortexM3\ARM_GCC_541\Debug\cyfitter_cfg.o
 .text.CYCONFIGCPY
                0x00000e70        0x8 .\CortexM3\ARM_GCC_541\Debug\cyfitter_cfg.o
 .text.ClockSetup
                0x00000e78      0x10c .\CortexM3\ARM_GCC_541\Debug\cyfitter_cfg.o
 .text.ADC_VolumePedal_AMux_Set
                0x00000f84       0x1c .\CortexM3\ARM_GCC_541\Debug\cyfitter_cfg.o
                0x00000f84                ADC_VolumePedal_AMux_Set
 .text.ADC_VolumePedal_AMux_Unset
                0x00000fa0       0x1c .\CortexM3\ARM_GCC_541\Debug\cyfitter_cfg.o
                0x00000fa0                ADC_VolumePedal_AMux_Unset
 .text.cyfitter_cfg
                0x00000fbc      0x138 .\CortexM3\ARM_GCC_541\Debug\cyfitter_cfg.o
                0x00000fbc                cyfitter_cfg
 .text.IntDefaultHandler
                0x000010f4       0x10 .\CortexM3\ARM_GCC_541\Debug\Cm3Start.o
                0x000010f4                IntDefaultHandler
 .text.Start_c  0x00001104       0x4c .\CortexM3\ARM_GCC_541\Debug\Cm3Start.o
                0x00001104                Start_c
 .text.initialize_psoc
                0x00001150       0x6c .\CortexM3\ARM_GCC_541\Debug\Cm3Start.o
                0x00001150                initialize_psoc
 .text.Button_Switch_SetVector
                0x000011bc        0xc .\CortexM3\ARM_GCC_541\Debug\Keys2NotewDisplay.a(Button_Switch.o)
                0x000011bc                Button_Switch_SetVector
 .text.Button_Switch_SetPriority
                0x000011c8       0x10 .\CortexM3\ARM_GCC_541\Debug\Keys2NotewDisplay.a(Button_Switch.o)
                0x000011c8                Button_Switch_SetPriority
 .text.Button_Switch_Enable
                0x000011d8        0xc .\CortexM3\ARM_GCC_541\Debug\Keys2NotewDisplay.a(Button_Switch.o)
                0x000011d8                Button_Switch_Enable
 .text.Button_Switch_Disable
                0x000011e4        0xc .\CortexM3\ARM_GCC_541\Debug\Keys2NotewDisplay.a(Button_Switch.o)
                0x000011e4                Button_Switch_Disable
 .text.Button_Switch_StartEx
                0x000011f0       0x1c .\CortexM3\ARM_GCC_541\Debug\Keys2NotewDisplay.a(Button_Switch.o)
                0x000011f0                Button_Switch_StartEx
 .text.KeyNote_Low_Read
                0x0000120c        0xc .\CortexM3\ARM_GCC_541\Debug\Keys2NotewDisplay.a(KeyNote_Low.o)
                0x0000120c                KeyNote_Low_Read
 .text.KeyNote_High_Read
                0x00001218        0xc .\CortexM3\ARM_GCC_541\Debug\Keys2NotewDisplay.a(KeyNote_High.o)
                0x00001218                KeyNote_High_Read
 .text.Waveform_Send_Enable
                0x00001224       0x28 .\CortexM3\ARM_GCC_541\Debug\Keys2NotewDisplay.a(Waveform_Send.o)
                0x00001224                Waveform_Send_Enable
 .text.Waveform_Send_SetInterruptMode
                0x0000124c        0xc .\CortexM3\ARM_GCC_541\Debug\Keys2NotewDisplay.a(Waveform_Send.o)
                0x0000124c                Waveform_Send_SetInterruptMode
 .text.Waveform_Send_ReadStatusRegister
                0x00001258        0xc .\CortexM3\ARM_GCC_541\Debug\Keys2NotewDisplay.a(Waveform_Send.o)
                0x00001258                Waveform_Send_ReadStatusRegister
 .text.Waveform_Send_WritePeriod
                0x00001264        0xc .\CortexM3\ARM_GCC_541\Debug\Keys2NotewDisplay.a(Waveform_Send.o)
                0x00001264                Waveform_Send_WritePeriod
 .text.Waveform_Send_WriteCounter
                0x00001270        0xc .\CortexM3\ARM_GCC_541\Debug\Keys2NotewDisplay.a(Waveform_Send.o)
                0x00001270                Waveform_Send_WriteCounter
 .text.Waveform_Send_Init
                0x0000127c       0x68 .\CortexM3\ARM_GCC_541\Debug\Keys2NotewDisplay.a(Waveform_Send.o)
                0x0000127c                Waveform_Send_Init
 .text.Waveform_Send_Start
                0x000012e4       0x1c .\CortexM3\ARM_GCC_541\Debug\Keys2NotewDisplay.a(Waveform_Send.o)
                0x000012e4                Waveform_Send_Start
 .text.Fs_Write
                0x00001300       0x18 .\CortexM3\ARM_GCC_541\Debug\Keys2NotewDisplay.a(Fs.o)
                0x00001300                Fs_Write
 .text.Fs_Read  0x00001318       0x10 .\CortexM3\ARM_GCC_541\Debug\Keys2NotewDisplay.a(Fs.o)
                0x00001318                Fs_Read
 .text.Waveform_ISR_SetVector
                0x00001328       0x10 .\CortexM3\ARM_GCC_541\Debug\Keys2NotewDisplay.a(Waveform_ISR.o)
                0x00001328                Waveform_ISR_SetVector
 .text.Waveform_ISR_SetPriority
                0x00001338       0x10 .\CortexM3\ARM_GCC_541\Debug\Keys2NotewDisplay.a(Waveform_ISR.o)
                0x00001338                Waveform_ISR_SetPriority
 .text.Waveform_ISR_Enable
                0x00001348       0x10 .\CortexM3\ARM_GCC_541\Debug\Keys2NotewDisplay.a(Waveform_ISR.o)
                0x00001348                Waveform_ISR_Enable
 .text.Waveform_ISR_Disable
                0x00001358       0x10 .\CortexM3\ARM_GCC_541\Debug\Keys2NotewDisplay.a(Waveform_ISR.o)
                0x00001358                Waveform_ISR_Disable
 .text.Waveform_ISR_StartEx
                0x00001368       0x1c .\CortexM3\ARM_GCC_541\Debug\Keys2NotewDisplay.a(Waveform_ISR.o)
                0x00001368                Waveform_ISR_StartEx
 .text.Wave_Out_InitDma
                0x00001384       0x4c .\CortexM3\ARM_GCC_541\Debug\Keys2NotewDisplay.a(Wave_Out.o)
 .text.Wave_Out_Init
                0x000013d0       0x18 .\CortexM3\ARM_GCC_541\Debug\Keys2NotewDisplay.a(Wave_Out.o)
                0x000013d0                Wave_Out_Init
 .text.Wave_Out_Enable
                0x000013e8       0x1c .\CortexM3\ARM_GCC_541\Debug\Keys2NotewDisplay.a(Wave_Out.o)
                0x000013e8                Wave_Out_Enable
 .text.Wave_Out_Start
                0x00001404       0x1c .\CortexM3\ARM_GCC_541\Debug\Keys2NotewDisplay.a(Wave_Out.o)
                0x00001404                Wave_Out_Start
 .text.Wave_Out_SetValue
                0x00001420       0x5c .\CortexM3\ARM_GCC_541\Debug\Keys2NotewDisplay.a(Wave_Out.o)
                0x00001420                Wave_Out_SetValue
 .text.DACBuffer_Enable
                0x0000147c       0x28 .\CortexM3\ARM_GCC_541\Debug\Keys2NotewDisplay.a(DACBuffer.o)
                0x0000147c                DACBuffer_Enable
 .text.DACBuffer_SetPower
                0x000014a4       0x1c .\CortexM3\ARM_GCC_541\Debug\Keys2NotewDisplay.a(DACBuffer.o)
                0x000014a4                DACBuffer_SetPower
 .text.DACBuffer_Init
                0x000014c0        0xc .\CortexM3\ARM_GCC_541\Debug\Keys2NotewDisplay.a(DACBuffer.o)
                0x000014c0                DACBuffer_Init
 .text.DACBuffer_Start
                0x000014cc       0x1c .\CortexM3\ARM_GCC_541\Debug\Keys2NotewDisplay.a(DACBuffer.o)
                0x000014cc                DACBuffer_Start
 .text.DC_Write
                0x000014e8       0x18 .\CortexM3\ARM_GCC_541\Debug\Keys2NotewDisplay.a(DC.o)
                0x000014e8                DC_Write
 .text.ADC_VolumePedal_GainCompensation
                0x00001500       0xdc .\CortexM3\ARM_GCC_541\Debug\Keys2NotewDisplay.a(ADC_VolumePedal.o)
 .text.ADC_VolumePedal_SetDSMRef0Reg
                0x000015dc       0x4c .\CortexM3\ARM_GCC_541\Debug\Keys2NotewDisplay.a(ADC_VolumePedal.o)
 .text.ADC_VolumePedal_InitConfig
                0x00001628       0xdc .\CortexM3\ARM_GCC_541\Debug\Keys2NotewDisplay.a(ADC_VolumePedal.o)
 .text.ADC_VolumePedal_Init
                0x00001704       0xc4 .\CortexM3\ARM_GCC_541\Debug\Keys2NotewDisplay.a(ADC_VolumePedal.o)
                0x00001704                ADC_VolumePedal_Init
 .text.ADC_VolumePedal_Enable
                0x000017c8       0xd8 .\CortexM3\ARM_GCC_541\Debug\Keys2NotewDisplay.a(ADC_VolumePedal.o)
                0x000017c8                ADC_VolumePedal_Enable
 .text.ADC_VolumePedal_Start
                0x000018a0       0x28 .\CortexM3\ARM_GCC_541\Debug\Keys2NotewDisplay.a(ADC_VolumePedal.o)
                0x000018a0                ADC_VolumePedal_Start
 .text.ADC_VolumePedal_StartConvert
                0x000018c8       0x10 .\CortexM3\ARM_GCC_541\Debug\Keys2NotewDisplay.a(ADC_VolumePedal.o)
                0x000018c8                ADC_VolumePedal_StartConvert
 .text.ADC_VolumePedal_StopConvert
                0x000018d8       0x10 .\CortexM3\ARM_GCC_541\Debug\Keys2NotewDisplay.a(ADC_VolumePedal.o)
                0x000018d8                ADC_VolumePedal_StopConvert
 .text.ADC_VolumePedal_IsEndConversion
                0x000018e8       0x30 .\CortexM3\ARM_GCC_541\Debug\Keys2NotewDisplay.a(ADC_VolumePedal.o)
                0x000018e8                ADC_VolumePedal_IsEndConversion
 .text.ADC_VolumePedal_GetResult16
                0x00001918       0x50 .\CortexM3\ARM_GCC_541\Debug\Keys2NotewDisplay.a(ADC_VolumePedal.o)
                0x00001918                ADC_VolumePedal_GetResult16
 .text.ADC_VolumePedal_Read16
                0x00001968       0x28 .\CortexM3\ARM_GCC_541\Debug\Keys2NotewDisplay.a(ADC_VolumePedal.o)
                0x00001968                ADC_VolumePedal_Read16
 .text.ADC_VolumePedal_ISR1
                0x00001990        0x4 .\CortexM3\ARM_GCC_541\Debug\Keys2NotewDisplay.a(ADC_VolumePedal_INT.o)
                0x00001990                ADC_VolumePedal_ISR1
 .text.Wave_Out_DMA_DmaInitialize
                0x00001994       0x3c .\CortexM3\ARM_GCC_541\Debug\Keys2NotewDisplay.a(Wave_Out_DMA_dma.o)
                0x00001994                Wave_Out_DMA_DmaInitialize
 .text.Wave_Out_VDAC8_Enable
                0x000019d0       0x1c .\CortexM3\ARM_GCC_541\Debug\Keys2NotewDisplay.a(Wave_Out_VDAC8.o)
                0x000019d0                Wave_Out_VDAC8_Enable
 .text.Wave_Out_VDAC8_SetSpeed
                0x000019ec       0x1c .\CortexM3\ARM_GCC_541\Debug\Keys2NotewDisplay.a(Wave_Out_VDAC8.o)
                0x000019ec                Wave_Out_VDAC8_SetSpeed
 .text.Wave_Out_VDAC8_DacTrim
                0x00001a08       0x24 .\CortexM3\ARM_GCC_541\Debug\Keys2NotewDisplay.a(Wave_Out_VDAC8.o)
                0x00001a08                Wave_Out_VDAC8_DacTrim
 .text.Wave_Out_VDAC8_SetRange
                0x00001a2c       0x20 .\CortexM3\ARM_GCC_541\Debug\Keys2NotewDisplay.a(Wave_Out_VDAC8.o)
                0x00001a2c                Wave_Out_VDAC8_SetRange
 .text.Wave_Out_VDAC8_Init
                0x00001a4c       0x2c .\CortexM3\ARM_GCC_541\Debug\Keys2NotewDisplay.a(Wave_Out_VDAC8.o)
                0x00001a4c                Wave_Out_VDAC8_Init
 .text.Wave_Out_IntClock_Start
                0x00001a78       0x1c .\CortexM3\ARM_GCC_541\Debug\Keys2NotewDisplay.a(Wave_Out_IntClock.o)
                0x00001a78                Wave_Out_IntClock_Start
 .text.ADC_VolumePedal_AMux_Start
                0x00001a94       0x20 .\CortexM3\ARM_GCC_541\Debug\Keys2NotewDisplay.a(ADC_VolumePedal_AMux.o)
                0x00001a94                ADC_VolumePedal_AMux_Start
 .text.ADC_VolumePedal_AMux_Select
                0x00001ab4       0x18 .\CortexM3\ARM_GCC_541\Debug\Keys2NotewDisplay.a(ADC_VolumePedal_AMux.o)
                0x00001ab4                ADC_VolumePedal_AMux_Select
 .text.ADC_VolumePedal_Ext_CP_Clk_GetDividerRegister
                0x00001acc        0xc .\CortexM3\ARM_GCC_541\Debug\Keys2NotewDisplay.a(ADC_VolumePedal_Ext_CP_Clk.o)
                0x00001acc                ADC_VolumePedal_Ext_CP_Clk_GetDividerRegister
 .text.ADC_VolumePedal_Ext_CP_Clk_SetModeRegister
                0x00001ad8       0x14 .\CortexM3\ARM_GCC_541\Debug\Keys2NotewDisplay.a(ADC_VolumePedal_Ext_CP_Clk.o)
                0x00001ad8                ADC_VolumePedal_Ext_CP_Clk_SetModeRegister
 .text.ADC_VolumePedal_Ext_CP_Clk_GetSourceRegister
                0x00001aec       0x10 .\CortexM3\ARM_GCC_541\Debug\Keys2NotewDisplay.a(ADC_VolumePedal_Ext_CP_Clk.o)
                0x00001aec                ADC_VolumePedal_Ext_CP_Clk_GetSourceRegister
 .text.ADC_VolumePedal_Ext_CP_Clk_SetDividerRegister
                0x00001afc       0xd8 .\CortexM3\ARM_GCC_541\Debug\Keys2NotewDisplay.a(ADC_VolumePedal_Ext_CP_Clk.o)
                0x00001afc                ADC_VolumePedal_Ext_CP_Clk_SetDividerRegister
 .text.ADC_VolumePedal_theACLK_GetDividerRegister
                0x00001bd4        0xc .\CortexM3\ARM_GCC_541\Debug\Keys2NotewDisplay.a(ADC_VolumePedal_theACLK.o)
                0x00001bd4                ADC_VolumePedal_theACLK_GetDividerRegister
 .text.ADC_VolumePedal_theACLK_SetModeRegister
                0x00001be0       0x14 .\CortexM3\ARM_GCC_541\Debug\Keys2NotewDisplay.a(ADC_VolumePedal_theACLK.o)
                0x00001be0                ADC_VolumePedal_theACLK_SetModeRegister
 .text.ADC_VolumePedal_theACLK_GetSourceRegister
                0x00001bf4       0x10 .\CortexM3\ARM_GCC_541\Debug\Keys2NotewDisplay.a(ADC_VolumePedal_theACLK.o)
                0x00001bf4                ADC_VolumePedal_theACLK_GetSourceRegister
 .text.ADC_VolumePedal_theACLK_SetDividerRegister
                0x00001c04       0xd8 .\CortexM3\ARM_GCC_541\Debug\Keys2NotewDisplay.a(ADC_VolumePedal_theACLK.o)
                0x00001c04                ADC_VolumePedal_theACLK_SetDividerRegister
 .text.CyDmacConfigure
                0x00001cdc       0x34 .\CortexM3\ARM_GCC_541\Debug\Keys2NotewDisplay.a(CyDmac.o)
                0x00001cdc                CyDmacConfigure
 .text.CyDmaChEnable
                0x00001d10       0x38 .\CortexM3\ARM_GCC_541\Debug\Keys2NotewDisplay.a(CyDmac.o)
                0x00001d10                CyDmaChEnable
 .text.CyDmaChPriority
                0x00001d48       0x24 .\CortexM3\ARM_GCC_541\Debug\Keys2NotewDisplay.a(CyDmac.o)
                0x00001d48                CyDmaChPriority
 .text.CyDmaChSetExtendedAddress
                0x00001d6c       0x34 .\CortexM3\ARM_GCC_541\Debug\Keys2NotewDisplay.a(CyDmac.o)
                0x00001d6c                CyDmaChSetExtendedAddress
 .text.CyDmaChSetInitialTd
                0x00001da0       0x18 .\CortexM3\ARM_GCC_541\Debug\Keys2NotewDisplay.a(CyDmac.o)
                0x00001da0                CyDmaChSetInitialTd
 .text.CyDmaChSetConfiguration
                0x00001db8       0x44 .\CortexM3\ARM_GCC_541\Debug\Keys2NotewDisplay.a(CyDmac.o)
                0x00001db8                CyDmaChSetConfiguration
 .text.CyDmaTdAllocate
                0x00001dfc       0x34 .\CortexM3\ARM_GCC_541\Debug\Keys2NotewDisplay.a(CyDmac.o)
                0x00001dfc                CyDmaTdAllocate
 .text.CyDmaTdSetConfiguration
                0x00001e30       0x28 .\CortexM3\ARM_GCC_541\Debug\Keys2NotewDisplay.a(CyDmac.o)
                0x00001e30                CyDmaTdSetConfiguration
 .text.CyDmaTdSetAddress
                0x00001e58       0x1c .\CortexM3\ARM_GCC_541\Debug\Keys2NotewDisplay.a(CyDmac.o)
                0x00001e58                CyDmaTdSetAddress
 .text.CyHalt   0x00001e74        0x4 .\CortexM3\ARM_GCC_541\Debug\Keys2NotewDisplay.a(CyLib.o)
                0x00001e74                CyHalt
 .text.CyDelay  0x00001e78       0x2c .\CortexM3\ARM_GCC_541\Debug\Keys2NotewDisplay.a(CyLib.o)
                0x00001e78                CyDelay
 .text.CyDelayUs
                0x00001ea4       0x14 .\CortexM3\ARM_GCC_541\Debug\Keys2NotewDisplay.a(CyLib.o)
                0x00001ea4                CyDelayUs
 .text.CyIntSetSysVector
                0x00001eb8       0x28 .\CortexM3\ARM_GCC_541\Debug\Keys2NotewDisplay.a(CyLib.o)
                0x00001eb8                CyIntSetSysVector
 .text.CyIntSetVector
                0x00001ee0       0x28 .\CortexM3\ARM_GCC_541\Debug\Keys2NotewDisplay.a(CyLib.o)
                0x00001ee0                CyIntSetVector
 .text.CyIntSetPriority
                0x00001f08       0x30 .\CortexM3\ARM_GCC_541\Debug\Keys2NotewDisplay.a(CyLib.o)
                0x00001f08                CyIntSetPriority
 .text.CySysTickEnableInterrupt
                0x00001f38       0x10 .\CortexM3\ARM_GCC_541\Debug\Keys2NotewDisplay.a(CyLib.o)
                0x00001f38                CySysTickEnableInterrupt
 .text.CySysTickEnable
                0x00001f48       0x18 .\CortexM3\ARM_GCC_541\Debug\Keys2NotewDisplay.a(CyLib.o)
                0x00001f48                CySysTickEnable
 .text.CySysTickSetReload
                0x00001f60       0x10 .\CortexM3\ARM_GCC_541\Debug\Keys2NotewDisplay.a(CyLib.o)
                0x00001f60                CySysTickSetReload
 .text.CySysTickSetClockSource
                0x00001f70       0x20 .\CortexM3\ARM_GCC_541\Debug\Keys2NotewDisplay.a(CyLib.o)
                0x00001f70                CySysTickSetClockSource
 .text.CySysTickGetCountFlag
                0x00001f90       0x10 .\CortexM3\ARM_GCC_541\Debug\Keys2NotewDisplay.a(CyLib.o)
                0x00001f90                CySysTickGetCountFlag
 .text.CySysTickServiceCallbacks
                0x00001fa0       0x28 .\CortexM3\ARM_GCC_541\Debug\Keys2NotewDisplay.a(CyLib.o)
 .text.CySysTickClear
                0x00001fc8        0xc .\CortexM3\ARM_GCC_541\Debug\Keys2NotewDisplay.a(CyLib.o)
                0x00001fc8                CySysTickClear
 .text.CySysTickInit
                0x00001fd4       0x58 .\CortexM3\ARM_GCC_541\Debug\Keys2NotewDisplay.a(CyLib.o)
                0x00001fd4                CySysTickInit
 .text.CySysTickStart
                0x0000202c       0x1c .\CortexM3\ARM_GCC_541\Debug\Keys2NotewDisplay.a(CyLib.o)
                0x0000202c                CySysTickStart
 .text.CySysTickSetCallback
                0x00002048       0x10 .\CortexM3\ARM_GCC_541\Debug\Keys2NotewDisplay.a(CyLib.o)
                0x00002048                CySysTickSetCallback
 .text.CySysTickGetCallback
                0x00002058       0x10 .\CortexM3\ARM_GCC_541\Debug\Keys2NotewDisplay.a(CyLib.o)
                0x00002058                CySysTickGetCallback
 .text.ReadInputs_Enable
                0x00002068       0x28 .\CortexM3\ARM_GCC_541\Debug\Keys2NotewDisplay.a(ReadInputs.o)
                0x00002068                ReadInputs_Enable
 .text.ReadInputs_SetInterruptMode
                0x00002090        0xc .\CortexM3\ARM_GCC_541\Debug\Keys2NotewDisplay.a(ReadInputs.o)
                0x00002090                ReadInputs_SetInterruptMode
 .text.ReadInputs_ReadStatusRegister
                0x0000209c        0xc .\CortexM3\ARM_GCC_541\Debug\Keys2NotewDisplay.a(ReadInputs.o)
                0x0000209c                ReadInputs_ReadStatusRegister
 .text.ReadInputs_WritePeriod
                0x000020a8        0xc .\CortexM3\ARM_GCC_541\Debug\Keys2NotewDisplay.a(ReadInputs.o)
                0x000020a8                ReadInputs_WritePeriod
 .text.ReadInputs_WriteCounter
                0x000020b4        0xc .\CortexM3\ARM_GCC_541\Debug\Keys2NotewDisplay.a(ReadInputs.o)
                0x000020b4                ReadInputs_WriteCounter
 .text.ReadInputs_Init
                0x000020c0       0x68 .\CortexM3\ARM_GCC_541\Debug\Keys2NotewDisplay.a(ReadInputs.o)
                0x000020c0                ReadInputs_Init
 .text.ReadInputs_Start
                0x00002128       0x1c .\CortexM3\ARM_GCC_541\Debug\Keys2NotewDisplay.a(ReadInputs.o)
                0x00002128                ReadInputs_Start
 .text.Inputs_SetVector
                0x00002144       0x10 .\CortexM3\ARM_GCC_541\Debug\Keys2NotewDisplay.a(Inputs.o)
                0x00002144                Inputs_SetVector
 .text.Inputs_SetPriority
                0x00002154       0x10 .\CortexM3\ARM_GCC_541\Debug\Keys2NotewDisplay.a(Inputs.o)
                0x00002154                Inputs_SetPriority
 .text.Inputs_Enable
                0x00002164       0x10 .\CortexM3\ARM_GCC_541\Debug\Keys2NotewDisplay.a(Inputs.o)
                0x00002164                Inputs_Enable
 .text.Inputs_Disable
                0x00002174       0x10 .\CortexM3\ARM_GCC_541\Debug\Keys2NotewDisplay.a(Inputs.o)
                0x00002174                Inputs_Disable
 .text.Inputs_StartEx
                0x00002184       0x1c .\CortexM3\ARM_GCC_541\Debug\Keys2NotewDisplay.a(Inputs.o)
                0x00002184                Inputs_StartEx
 .text.SPIM_1_Enable
                0x000021a0       0x34 .\CortexM3\ARM_GCC_541\Debug\Keys2NotewDisplay.a(SPIM_1.o)
                0x000021a0                SPIM_1_Enable
 .text.SPIM_1_ReadTxStatus
                0x000021d4        0xc .\CortexM3\ARM_GCC_541\Debug\Keys2NotewDisplay.a(SPIM_1.o)
                0x000021d4                SPIM_1_ReadTxStatus
 .text.SPIM_1_ReadRxStatus
                0x000021e0        0xc .\CortexM3\ARM_GCC_541\Debug\Keys2NotewDisplay.a(SPIM_1.o)
                0x000021e0                SPIM_1_ReadRxStatus
 .text.SPIM_1_WriteTxData
                0x000021ec       0x18 .\CortexM3\ARM_GCC_541\Debug\Keys2NotewDisplay.a(SPIM_1.o)
                0x000021ec                SPIM_1_WriteTxData
 .text.SPIM_1_ClearFIFO
                0x00002204       0x3c .\CortexM3\ARM_GCC_541\Debug\Keys2NotewDisplay.a(SPIM_1.o)
                0x00002204                SPIM_1_ClearFIFO
 .text.SPIM_1_Init
                0x00002240       0x28 .\CortexM3\ARM_GCC_541\Debug\Keys2NotewDisplay.a(SPIM_1.o)
                0x00002240                SPIM_1_Init
 .text.SPIM_1_Start
                0x00002268       0x1c .\CortexM3\ARM_GCC_541\Debug\Keys2NotewDisplay.a(SPIM_1.o)
                0x00002268                SPIM_1_Start
 .text.SPIM_1_IntClock_Start
                0x00002284       0x1c .\CortexM3\ARM_GCC_541\Debug\Keys2NotewDisplay.a(SPIM_1_IntClock.o)
                0x00002284                SPIM_1_IntClock_Start
 .text.UpdateNote_Enable
                0x000022a0       0x10 .\CortexM3\ARM_GCC_541\Debug\Keys2NotewDisplay.a(UpdateNote.o)
                0x000022a0                UpdateNote_Enable
 .text.UpdateNote_SetInterruptMode
                0x000022b0        0xc .\CortexM3\ARM_GCC_541\Debug\Keys2NotewDisplay.a(UpdateNote.o)
                0x000022b0                UpdateNote_SetInterruptMode
 .text.UpdateNote_ReadStatusRegister
                0x000022bc        0xc .\CortexM3\ARM_GCC_541\Debug\Keys2NotewDisplay.a(UpdateNote.o)
                0x000022bc                UpdateNote_ReadStatusRegister
 .text.UpdateNote_WritePeriod
                0x000022c8        0xc .\CortexM3\ARM_GCC_541\Debug\Keys2NotewDisplay.a(UpdateNote.o)
                0x000022c8                UpdateNote_WritePeriod
 .text.UpdateNote_ReadCapture
                0x000022d4        0xc .\CortexM3\ARM_GCC_541\Debug\Keys2NotewDisplay.a(UpdateNote.o)
                0x000022d4                UpdateNote_ReadCapture
 .text.UpdateNote_WriteCounter
                0x000022e0        0xc .\CortexM3\ARM_GCC_541\Debug\Keys2NotewDisplay.a(UpdateNote.o)
                0x000022e0                UpdateNote_WriteCounter
 .text.UpdateNote_ClearFIFO
                0x000022ec       0x14 .\CortexM3\ARM_GCC_541\Debug\Keys2NotewDisplay.a(UpdateNote.o)
                0x000022ec                UpdateNote_ClearFIFO
 .text.UpdateNote_Init
                0x00002300       0x38 .\CortexM3\ARM_GCC_541\Debug\Keys2NotewDisplay.a(UpdateNote.o)
                0x00002300                UpdateNote_Init
 .text.UpdateNote_Start
                0x00002338       0x1c .\CortexM3\ARM_GCC_541\Debug\Keys2NotewDisplay.a(UpdateNote.o)
                0x00002338                UpdateNote_Start
 .text.NewNote_SetVector
                0x00002354        0xc .\CortexM3\ARM_GCC_541\Debug\Keys2NotewDisplay.a(NewNote.o)
                0x00002354                NewNote_SetVector
 .text.NewNote_SetPriority
                0x00002360       0x10 .\CortexM3\ARM_GCC_541\Debug\Keys2NotewDisplay.a(NewNote.o)
                0x00002360                NewNote_SetPriority
 .text.NewNote_Enable
                0x00002370        0xc .\CortexM3\ARM_GCC_541\Debug\Keys2NotewDisplay.a(NewNote.o)
                0x00002370                NewNote_Enable
 .text.NewNote_Disable
                0x0000237c        0xc .\CortexM3\ARM_GCC_541\Debug\Keys2NotewDisplay.a(NewNote.o)
                0x0000237c                NewNote_Disable
 .text.NewNote_StartEx
                0x00002388       0x1c .\CortexM3\ARM_GCC_541\Debug\Keys2NotewDisplay.a(NewNote.o)
                0x00002388                NewNote_StartEx
 .text.Control_Reg_1_Write
                0x000023a4        0xc .\CortexM3\ARM_GCC_541\Debug\Keys2NotewDisplay.a(Control_Reg_1.o)
                0x000023a4                Control_Reg_1_Write
 .text.Control_Reg_2_Write
                0x000023b0        0xc .\CortexM3\ARM_GCC_541\Debug\Keys2NotewDisplay.a(Control_Reg_2.o)
                0x000023b0                Control_Reg_2_Write
 *fill*         0x000023bc        0x4 
 .text          0x000023c0       0x20 .\CortexM3\ARM_GCC_541\Debug\Keys2NotewDisplay.a(CyBootAsmGnu.o)
                0x000023c0                CyDelayCycles
                0x000023d0                CyEnterCriticalSection
                0x000023d8                CyExitCriticalSection
 .text._PushFreeBlock
                0x000023e0       0x24 ..\..\emWinGraphics_v5_46\LinkLibrary\PSoC5\GCC\libemWin_nosnts_cm3_gcc.a(GUI_Alloc.o)
 .text._RemoveFreeBlock
                0x00002404       0x40 ..\..\emWinGraphics_v5_46\LinkLibrary\PSoC5\GCC\libemWin_nosnts_cm3_gcc.a(GUI_Alloc.o)
 .text._AddFreeMemory
                0x00002444       0xa4 ..\..\emWinGraphics_v5_46\LinkLibrary\PSoC5\GCC\libemWin_nosnts_cm3_gcc.a(GUI_Alloc.o)
 .text._RemoveHoles
                0x000024e8       0x98 ..\..\emWinGraphics_v5_46\LinkLibrary\PSoC5\GCC\libemWin_nosnts_cm3_gcc.a(GUI_Alloc.o)
 .text.GUI_ALLOC_FreeFixedBlock
                0x00002580       0x14 ..\..\emWinGraphics_v5_46\LinkLibrary\PSoC5\GCC\libemWin_nosnts_cm3_gcc.a(GUI_Alloc.o)
                0x00002580                GUI_ALLOC_FreeFixedBlock
 .text.GUI_ALLOC_h2p
                0x00002594       0x14 ..\..\emWinGraphics_v5_46\LinkLibrary\PSoC5\GCC\libemWin_nosnts_cm3_gcc.a(GUI_Alloc.o)
                0x00002594                GUI_ALLOC_h2p
 .text.GUI_ALLOC_LockH
                0x000025a8       0x1c ..\..\emWinGraphics_v5_46\LinkLibrary\PSoC5\GCC\libemWin_nosnts_cm3_gcc.a(GUI_Alloc.o)
                0x000025a8                GUI_ALLOC_LockH
 .text.GUI_ALLOC_UnlockH
                0x000025c4       0x30 ..\..\emWinGraphics_v5_46\LinkLibrary\PSoC5\GCC\libemWin_nosnts_cm3_gcc.a(GUI_Alloc.o)
                0x000025c4                GUI_ALLOC_UnlockH
 .text.GUI_ALLOC_AssignMemory
                0x000025f4       0x10 ..\..\emWinGraphics_v5_46\LinkLibrary\PSoC5\GCC\libemWin_nosnts_cm3_gcc.a(GUI_Alloc.o)
                0x000025f4                GUI_ALLOC_AssignMemory
 .text.GUI_ALLOC_Free
                0x00002604       0x28 ..\..\emWinGraphics_v5_46\LinkLibrary\PSoC5\GCC\libemWin_nosnts_cm3_gcc.a(GUI_Alloc.o)
                0x00002604                GUI_ALLOC_Free
 .text._EnlargeBlocks
                0x0000262c       0x9c ..\..\emWinGraphics_v5_46\LinkLibrary\PSoC5\GCC\libemWin_nosnts_cm3_gcc.a(GUI_Alloc.o)
 .text._InitOnce
                0x000026c8       0x6c ..\..\emWinGraphics_v5_46\LinkLibrary\PSoC5\GCC\libemWin_nosnts_cm3_gcc.a(GUI_Alloc.o)
 .text.GUI_ALLOC_GetFixedBlock
                0x00002734       0xa4 ..\..\emWinGraphics_v5_46\LinkLibrary\PSoC5\GCC\libemWin_nosnts_cm3_gcc.a(GUI_Alloc.o)
                0x00002734                GUI_ALLOC_GetFixedBlock
 .text._Alloc   0x000027d8       0xf0 ..\..\emWinGraphics_v5_46\LinkLibrary\PSoC5\GCC\libemWin_nosnts_cm3_gcc.a(GUI_Alloc.o)
 .text.GUI_ALLOC_AllocNoInit
                0x000028c8        0x8 ..\..\emWinGraphics_v5_46\LinkLibrary\PSoC5\GCC\libemWin_nosnts_cm3_gcc.a(GUI_Alloc.o)
                0x000028c8                GUI_ALLOC_AllocNoInit
 .text.GUI_ALLOC_AllocZero
                0x000028d0       0x30 ..\..\emWinGraphics_v5_46\LinkLibrary\PSoC5\GCC\libemWin_nosnts_cm3_gcc.a(GUI_Alloc.o)
                0x000028d0                GUI_ALLOC_AllocZero
 .text.GUIMONO_DispChar
                0x00002900      0x13c ..\..\emWinGraphics_v5_46\LinkLibrary\PSoC5\GCC\libemWin_nosnts_cm3_gcc.a(GUI_CharM.o)
                0x00002900                GUIMONO_DispChar
 .text.GUIMONO_GetCharDistX
                0x00002a3c       0x18 ..\..\emWinGraphics_v5_46\LinkLibrary\PSoC5\GCC\libemWin_nosnts_cm3_gcc.a(GUI_CharM.o)
                0x00002a3c                GUIMONO_GetCharDistX
 .text.GUIMONO_GetFontInfo
                0x00002a54        0x6 ..\..\emWinGraphics_v5_46\LinkLibrary\PSoC5\GCC\libemWin_nosnts_cm3_gcc.a(GUI_CharM.o)
                0x00002a54                GUIMONO_GetFontInfo
 .text.GUIMONO_IsInFont
                0x00002a5a       0x36 ..\..\emWinGraphics_v5_46\LinkLibrary\PSoC5\GCC\libemWin_nosnts_cm3_gcc.a(GUI_CharM.o)
                0x00002a5a                GUIMONO_IsInFont
 .text.Draw8Point
                0x00002a90       0xa0 ..\..\emWinGraphics_v5_46\LinkLibrary\PSoC5\GCC\libemWin_nosnts_cm3_gcc.a(GUI_Circ.o)
 .text.GL_DrawCircle
                0x00002b30       0x5e ..\..\emWinGraphics_v5_46\LinkLibrary\PSoC5\GCC\libemWin_nosnts_cm3_gcc.a(GUI_Circ.o)
                0x00002b30                GL_DrawCircle
 *fill*         0x00002b8e        0x2 
 .text.GUI_DrawCircle
                0x00002b90       0x50 ..\..\emWinGraphics_v5_46\LinkLibrary\PSoC5\GCC\libemWin_nosnts_cm3_gcc.a(GUI_Circ.o)
                0x00002b90                GUI_DrawCircle
 .text.GL_FillCircle
                0x00002be0       0xc0 ..\..\emWinGraphics_v5_46\LinkLibrary\PSoC5\GCC\libemWin_nosnts_cm3_gcc.a(GUI_Circ.o)
                0x00002be0                GL_FillCircle
 .text.GUI_FillCircle
                0x00002ca0       0x3c ..\..\emWinGraphics_v5_46\LinkLibrary\PSoC5\GCC\libemWin_nosnts_cm3_gcc.a(GUI_Circ.o)
                0x00002ca0                GUI_FillCircle
 .text.GUI_CalcColorDist
                0x00002cdc       0x4e ..\..\emWinGraphics_v5_46\LinkLibrary\PSoC5\GCC\libemWin_nosnts_cm3_gcc.a(GUI_Common.o)
                0x00002cdc                GUI_CalcColorDist
 .text.GUI_MergeRect
                0x00002d2a       0x56 ..\..\emWinGraphics_v5_46\LinkLibrary\PSoC5\GCC\libemWin_nosnts_cm3_gcc.a(GUI_Common.o)
                0x00002d2a                GUI_MergeRect
 .text.GUI_MoveRect
                0x00002d80       0x20 ..\..\emWinGraphics_v5_46\LinkLibrary\PSoC5\GCC\libemWin_nosnts_cm3_gcc.a(GUI_Common.o)
                0x00002d80                GUI_MoveRect
 .text.GUI_GotoXY
                0x00002da0       0x10 ..\..\emWinGraphics_v5_46\LinkLibrary\PSoC5\GCC\libemWin_nosnts_cm3_gcc.a(GUI_Common.o)
                0x00002da0                GUI_GotoXY
 .text.GUI_RectsIntersect
                0x00002db0       0x3a ..\..\emWinGraphics_v5_46\LinkLibrary\PSoC5\GCC\libemWin_nosnts_cm3_gcc.a(GUI_Common.o)
                0x00002db0                GUI_RectsIntersect
 .text.GUI_SelectLCD
                0x00002dea       0x12 ..\..\emWinGraphics_v5_46\LinkLibrary\PSoC5\GCC\libemWin_nosnts_cm3_gcc.a(GUI_Common.o)
                0x00002dea                GUI_SelectLCD
 .text.GUI_SetBkColor
                0x00002dfc        0x4 ..\..\emWinGraphics_v5_46\LinkLibrary\PSoC5\GCC\libemWin_nosnts_cm3_gcc.a(GUI_Common.o)
                0x00002dfc                GUI_SetBkColor
 .text.GUI_SetFont
                0x00002e00       0x14 ..\..\emWinGraphics_v5_46\LinkLibrary\PSoC5\GCC\libemWin_nosnts_cm3_gcc.a(GUI_Common.o)
                0x00002e00                GUI_SetFont
 .text.GUI_SetOrg
                0x00002e14       0x38 ..\..\emWinGraphics_v5_46\LinkLibrary\PSoC5\GCC\libemWin_nosnts_cm3_gcc.a(GUI_Common.o)
                0x00002e14                GUI_SetOrg
 .text._OnExit  0x00002e4c       0x48 ..\..\emWinGraphics_v5_46\LinkLibrary\PSoC5\GCC\libemWin_nosnts_cm3_gcc.a(GUI_Core.o)
 .text.GUI_SetDefaultFont
                0x00002e94        0xc ..\..\emWinGraphics_v5_46\LinkLibrary\PSoC5\GCC\libemWin_nosnts_cm3_gcc.a(GUI_Core.o)
                0x00002e94                GUI_SetDefaultFont
 .text.GUI_ClearRect
                0x00002ea0       0x60 ..\..\emWinGraphics_v5_46\LinkLibrary\PSoC5\GCC\libemWin_nosnts_cm3_gcc.a(GUI_Core.o)
                0x00002ea0                GUI_ClearRect
 .text.GUI_Clear
                0x00002f00       0x20 ..\..\emWinGraphics_v5_46\LinkLibrary\PSoC5\GCC\libemWin_nosnts_cm3_gcc.a(GUI_Core.o)
                0x00002f00                GUI_Clear
 .text.GUI__RegisterExit
                0x00002f20       0x10 ..\..\emWinGraphics_v5_46\LinkLibrary\PSoC5\GCC\libemWin_nosnts_cm3_gcc.a(GUI_Core.o)
                0x00002f20                GUI__RegisterExit
 .text.GUI__Config
                0x00002f30       0x30 ..\..\emWinGraphics_v5_46\LinkLibrary\PSoC5\GCC\libemWin_nosnts_cm3_gcc.a(GUI_Core.o)
                0x00002f30                GUI__Config
 .text.GUI_Init
                0x00002f60       0xec ..\..\emWinGraphics_v5_46\LinkLibrary\PSoC5\GCC\libemWin_nosnts_cm3_gcc.a(GUI_Core.o)
                0x00002f60                GUI_Init
 .text.GUI_DEVICE__GetpDriver
                0x0000304c       0x20 ..\..\emWinGraphics_v5_46\LinkLibrary\PSoC5\GCC\libemWin_nosnts_cm3_gcc.a(GUI_Device.o)
                0x0000304c                GUI_DEVICE__GetpDriver
 .text.GUI_DEVICE_Delete
                0x0000306c        0x4 ..\..\emWinGraphics_v5_46\LinkLibrary\PSoC5\GCC\libemWin_nosnts_cm3_gcc.a(GUI_Device.o)
                0x0000306c                GUI_DEVICE_Delete
 .text.GUI_DEVICE_Create
                0x00003070       0x48 ..\..\emWinGraphics_v5_46\LinkLibrary\PSoC5\GCC\libemWin_nosnts_cm3_gcc.a(GUI_Device.o)
                0x00003070                GUI_DEVICE_Create
 .text.GUI_DEVICE_Unlink
                0x000030b8       0x30 ..\..\emWinGraphics_v5_46\LinkLibrary\PSoC5\GCC\libemWin_nosnts_cm3_gcc.a(GUI_Device.o)
                0x000030b8                GUI_DEVICE_Unlink
 .text.GUI_DEVICE_Link
                0x000030e8       0x84 ..\..\emWinGraphics_v5_46\LinkLibrary\PSoC5\GCC\libemWin_nosnts_cm3_gcc.a(GUI_Device.o)
                0x000030e8                GUI_DEVICE_Link
 .text.GUI_DEVICE_CreateAndLink
                0x0000316c       0x28 ..\..\emWinGraphics_v5_46\LinkLibrary\PSoC5\GCC\libemWin_nosnts_cm3_gcc.a(GUI_Device.o)
                0x0000316c                GUI_DEVICE_CreateAndLink
 .text.GUI_DispString
                0x00003194      0x118 ..\..\emWinGraphics_v5_46\LinkLibrary\PSoC5\GCC\libemWin_nosnts_cm3_gcc.a(GUI_DispString.o)
                0x00003194                GUI_DispString
 .text.GUI_DispStringAt
                0x000032ac       0x10 ..\..\emWinGraphics_v5_46\LinkLibrary\PSoC5\GCC\libemWin_nosnts_cm3_gcc.a(GUI_DispString.o)
                0x000032ac                GUI_DispStringAt
 .text._SetLineColor
                0x000032bc       0x90 ..\..\emWinGraphics_v5_46\LinkLibrary\PSoC5\GCC\libemWin_nosnts_cm3_gcc.a(GUI_DrawLine.o)
 .text.GUI_sin  0x0000334c       0x5c ..\..\emWinGraphics_v5_46\LinkLibrary\PSoC5\GCC\libemWin_nosnts_cm3_gcc.a(GUI_DrawLine.o)
                0x0000334c                GUI_sin
 .text.GUI_cos  0x000033a8        0x8 ..\..\emWinGraphics_v5_46\LinkLibrary\PSoC5\GCC\libemWin_nosnts_cm3_gcc.a(GUI_DrawLine.o)
                0x000033a8                GUI_cos
 .text.GL_DrawLine1Ex
                0x000033b0      0x1ac ..\..\emWinGraphics_v5_46\LinkLibrary\PSoC5\GCC\libemWin_nosnts_cm3_gcc.a(GUI_DrawLine.o)
                0x000033b0                GL_DrawLine1Ex
 .text.GL_DrawLineEx
                0x0000355c      0x1b0 ..\..\emWinGraphics_v5_46\LinkLibrary\PSoC5\GCC\libemWin_nosnts_cm3_gcc.a(GUI_DrawLine.o)
                0x0000355c                GL_DrawLineEx
 .text.GL_DrawLine
                0x0000370c       0x16 ..\..\emWinGraphics_v5_46\LinkLibrary\PSoC5\GCC\libemWin_nosnts_cm3_gcc.a(GUI_DrawLine.o)
                0x0000370c                GL_DrawLine
 *fill*         0x00003722        0x2 
 .text.GUI_DrawLine
                0x00003724       0x44 ..\..\emWinGraphics_v5_46\LinkLibrary\PSoC5\GCC\libemWin_nosnts_cm3_gcc.a(GUI_DrawLine.o)
                0x00003724                GUI_DrawLine
 .text._Add     0x00003768       0x40 ..\..\emWinGraphics_v5_46\LinkLibrary\PSoC5\GCC\libemWin_nosnts_cm3_gcc.a(GUI_FillPolygon.o)
 .text.GL_FillPolygon
                0x000037a8      0x1d4 ..\..\emWinGraphics_v5_46\LinkLibrary\PSoC5\GCC\libemWin_nosnts_cm3_gcc.a(GUI_FillPolygon.o)
                0x000037a8                GL_FillPolygon
 .text.GUI_StoreKey
                0x0000397c       0x10 ..\..\emWinGraphics_v5_46\LinkLibrary\PSoC5\GCC\libemWin_nosnts_cm3_gcc.a(GUI_OnKey.o)
                0x0000397c                GUI_StoreKey
 .text.GUI_UC__GetCharCodeInc
                0x0000398c       0x28 ..\..\emWinGraphics_v5_46\LinkLibrary\PSoC5\GCC\libemWin_nosnts_cm3_gcc.a(GUI_UC.o)
                0x0000398c                GUI_UC__GetCharCodeInc
 .text.GUI_UC__NumChars2NumBytes
                0x000039b4       0x24 ..\..\emWinGraphics_v5_46\LinkLibrary\PSoC5\GCC\libemWin_nosnts_cm3_gcc.a(GUI_UC.o)
                0x000039b4                GUI_UC__NumChars2NumBytes
 .text._GetCharCode
                0x000039d8        0x4 ..\..\emWinGraphics_v5_46\LinkLibrary\PSoC5\GCC\libemWin_nosnts_cm3_gcc.a(GUI_UC_EncodeNone.o)
 .text._GetCharSize
                0x000039dc        0x4 ..\..\emWinGraphics_v5_46\LinkLibrary\PSoC5\GCC\libemWin_nosnts_cm3_gcc.a(GUI_UC_EncodeNone.o)
 .text._CalcSizeOfChar
                0x000039e0        0x4 ..\..\emWinGraphics_v5_46\LinkLibrary\PSoC5\GCC\libemWin_nosnts_cm3_gcc.a(GUI_UC_EncodeNone.o)
 .text._Encode  0x000039e4        0x6 ..\..\emWinGraphics_v5_46\LinkLibrary\PSoC5\GCC\libemWin_nosnts_cm3_gcc.a(GUI_UC_EncodeNone.o)
 *fill*         0x000039ea        0x2 
 .text.GUI_SignalEvent
                0x000039ec       0x10 ..\..\emWinGraphics_v5_46\LinkLibrary\PSoC5\GCC\libemWin_nosnts_cm3_gcc.a(GUI_WaitEvent.o)
                0x000039ec                GUI_SignalEvent
 .text.LCD_Index2Color_M565
                0x000039fc       0x28 ..\..\emWinGraphics_v5_46\LinkLibrary\PSoC5\GCC\libemWin_nosnts_cm3_gcc.a(GUICC_M565.o)
                0x000039fc                LCD_Index2Color_M565
 .text._Color2Index_M565
                0x00003a24       0x28 ..\..\emWinGraphics_v5_46\LinkLibrary\PSoC5\GCC\libemWin_nosnts_cm3_gcc.a(GUICC_M565.o)
 .text._GetIndexMask_M565
                0x00003a4c        0x6 ..\..\emWinGraphics_v5_46\LinkLibrary\PSoC5\GCC\libemWin_nosnts_cm3_gcc.a(GUICC_M565.o)
 *fill*         0x00003a52        0x2 
 .text._Color2IndexBulk
                0x00003a54       0x5c ..\..\emWinGraphics_v5_46\LinkLibrary\PSoC5\GCC\libemWin_nosnts_cm3_gcc.a(GUICC_M565.o)
 .text._Index2ColorBulk
                0x00003ab0       0x64 ..\..\emWinGraphics_v5_46\LinkLibrary\PSoC5\GCC\libemWin_nosnts_cm3_gcc.a(GUICC_M565.o)
 .text._Log2PhysY_X1Y0S0
                0x00003b14        0x4 ..\..\emWinGraphics_v5_46\LinkLibrary\PSoC5\GCC\libemWin_nosnts_cm3_gcc.a(GUIDRV_FlexColor.o)
 .text._Log2PhysY_X1Y1S0
                0x00003b18        0x8 ..\..\emWinGraphics_v5_46\LinkLibrary\PSoC5\GCC\libemWin_nosnts_cm3_gcc.a(GUIDRV_FlexColor.o)
 .text._Log2PhysY_X1Y0S1
                0x00003b20        0x4 ..\..\emWinGraphics_v5_46\LinkLibrary\PSoC5\GCC\libemWin_nosnts_cm3_gcc.a(GUIDRV_FlexColor.o)
 .text._Log2PhysY_X1Y1S1
                0x00003b24        0x8 ..\..\emWinGraphics_v5_46\LinkLibrary\PSoC5\GCC\libemWin_nosnts_cm3_gcc.a(GUIDRV_FlexColor.o)
 .text._SetPixelIndex
                0x00003b2c        0xe ..\..\emWinGraphics_v5_46\LinkLibrary\PSoC5\GCC\libemWin_nosnts_cm3_gcc.a(GUIDRV_FlexColor.o)
 .text._GetPixelIndex
                0x00003b3a        0x8 ..\..\emWinGraphics_v5_46\LinkLibrary\PSoC5\GCC\libemWin_nosnts_cm3_gcc.a(GUIDRV_FlexColor.o)
 .text._XorPixel
                0x00003b42       0x24 ..\..\emWinGraphics_v5_46\LinkLibrary\PSoC5\GCC\libemWin_nosnts_cm3_gcc.a(GUIDRV_FlexColor.o)
 .text._DrawHLine
                0x00003b66       0x10 ..\..\emWinGraphics_v5_46\LinkLibrary\PSoC5\GCC\libemWin_nosnts_cm3_gcc.a(GUIDRV_FlexColor.o)
 .text._DrawVLine
                0x00003b76       0x12 ..\..\emWinGraphics_v5_46\LinkLibrary\PSoC5\GCC\libemWin_nosnts_cm3_gcc.a(GUIDRV_FlexColor.o)
 .text._FillRect
                0x00003b88        0xe ..\..\emWinGraphics_v5_46\LinkLibrary\PSoC5\GCC\libemWin_nosnts_cm3_gcc.a(GUIDRV_FlexColor.o)
 .text._DrawBitmap
                0x00003b96        0xe ..\..\emWinGraphics_v5_46\LinkLibrary\PSoC5\GCC\libemWin_nosnts_cm3_gcc.a(GUIDRV_FlexColor.o)
 .text._GetDevFunc_SetRect
                0x00003ba4        0x2 ..\..\emWinGraphics_v5_46\LinkLibrary\PSoC5\GCC\libemWin_nosnts_cm3_gcc.a(GUIDRV_FlexColor.o)
 *fill*         0x00003ba6        0x2 
 .text._GetDevFunc_SetRectOutside
                0x00003ba8       0x40 ..\..\emWinGraphics_v5_46\LinkLibrary\PSoC5\GCC\libemWin_nosnts_cm3_gcc.a(GUIDRV_FlexColor.o)
 .text._ReadPixelCust_16bpp
                0x00003be8        0xa ..\..\emWinGraphics_v5_46\LinkLibrary\PSoC5\GCC\libemWin_nosnts_cm3_gcc.a(GUIDRV_FlexColor.o)
 .text._ReadPixelCust_18bpp
                0x00003bf2        0xa ..\..\emWinGraphics_v5_46\LinkLibrary\PSoC5\GCC\libemWin_nosnts_cm3_gcc.a(GUIDRV_FlexColor.o)
 .text._ReadRectCust_16bpp
                0x00003bfc       0x3a ..\..\emWinGraphics_v5_46\LinkLibrary\PSoC5\GCC\libemWin_nosnts_cm3_gcc.a(GUIDRV_FlexColor.o)
 .text._ReadRectCust_18bpp
                0x00003c36       0x3a ..\..\emWinGraphics_v5_46\LinkLibrary\PSoC5\GCC\libemWin_nosnts_cm3_gcc.a(GUIDRV_FlexColor.o)
 .text._GetDevFunc
                0x00003c70       0x7c ..\..\emWinGraphics_v5_46\LinkLibrary\PSoC5\GCC\libemWin_nosnts_cm3_gcc.a(GUIDRV_FlexColor.o)
 .text._GetDevProp
                0x00003cec       0x5a ..\..\emWinGraphics_v5_46\LinkLibrary\PSoC5\GCC\libemWin_nosnts_cm3_gcc.a(GUIDRV_FlexColor.o)
 .text._GetDevData
                0x00003d46        0xc ..\..\emWinGraphics_v5_46\LinkLibrary\PSoC5\GCC\libemWin_nosnts_cm3_gcc.a(GUIDRV_FlexColor.o)
 .text._GetRect
                0x00003d52       0x16 ..\..\emWinGraphics_v5_46\LinkLibrary\PSoC5\GCC\libemWin_nosnts_cm3_gcc.a(GUIDRV_FlexColor.o)
 .text.GUIDRV_FlexColor__SetLog2Phys
                0x00003d68       0x48 ..\..\emWinGraphics_v5_46\LinkLibrary\PSoC5\GCC\libemWin_nosnts_cm3_gcc.a(GUIDRV_FlexColor.o)
                0x00003d68                GUIDRV_FlexColor__SetLog2Phys
 .text._SetOrg  0x00003db0       0x16 ..\..\emWinGraphics_v5_46\LinkLibrary\PSoC5\GCC\libemWin_nosnts_cm3_gcc.a(GUIDRV_FlexColor.o)
 .text._Log2PhysY_X0Y0S1
                0x00003dc6        0x4 ..\..\emWinGraphics_v5_46\LinkLibrary\PSoC5\GCC\libemWin_nosnts_cm3_gcc.a(GUIDRV_FlexColor.o)
 .text._Log2PhysX_X0Y0S0
                0x00003dca        0x4 ..\..\emWinGraphics_v5_46\LinkLibrary\PSoC5\GCC\libemWin_nosnts_cm3_gcc.a(GUIDRV_FlexColor.o)
 .text._Log2PhysX_X0Y1S0
                0x00003dce        0x4 ..\..\emWinGraphics_v5_46\LinkLibrary\PSoC5\GCC\libemWin_nosnts_cm3_gcc.a(GUIDRV_FlexColor.o)
 .text._Log2PhysX_X0Y0S1
                0x00003dd2        0x4 ..\..\emWinGraphics_v5_46\LinkLibrary\PSoC5\GCC\libemWin_nosnts_cm3_gcc.a(GUIDRV_FlexColor.o)
 .text._Log2PhysX_X0Y1S1
                0x00003dd6        0x4 ..\..\emWinGraphics_v5_46\LinkLibrary\PSoC5\GCC\libemWin_nosnts_cm3_gcc.a(GUIDRV_FlexColor.o)
 .text._Log2PhysY_X0Y0S0
                0x00003dda        0x4 ..\..\emWinGraphics_v5_46\LinkLibrary\PSoC5\GCC\libemWin_nosnts_cm3_gcc.a(GUIDRV_FlexColor.o)
 .text._Log2PhysY_X0Y1S0
                0x00003dde        0x8 ..\..\emWinGraphics_v5_46\LinkLibrary\PSoC5\GCC\libemWin_nosnts_cm3_gcc.a(GUIDRV_FlexColor.o)
 .text._Log2PhysX_X1Y0S0
                0x00003de6        0x8 ..\..\emWinGraphics_v5_46\LinkLibrary\PSoC5\GCC\libemWin_nosnts_cm3_gcc.a(GUIDRV_FlexColor.o)
 .text._Log2PhysX_X1Y1S0
                0x00003dee        0x8 ..\..\emWinGraphics_v5_46\LinkLibrary\PSoC5\GCC\libemWin_nosnts_cm3_gcc.a(GUIDRV_FlexColor.o)
 .text._Log2PhysX_X1Y0S1
                0x00003df6        0x8 ..\..\emWinGraphics_v5_46\LinkLibrary\PSoC5\GCC\libemWin_nosnts_cm3_gcc.a(GUIDRV_FlexColor.o)
 .text._Log2PhysX_X1Y1S1
                0x00003dfe        0x8 ..\..\emWinGraphics_v5_46\LinkLibrary\PSoC5\GCC\libemWin_nosnts_cm3_gcc.a(GUIDRV_FlexColor.o)
 .text._Log2PhysY_X0Y1S1
                0x00003e06        0x8 ..\..\emWinGraphics_v5_46\LinkLibrary\PSoC5\GCC\libemWin_nosnts_cm3_gcc.a(GUIDRV_FlexColor.o)
 .text.GUIDRV_FlexColor__SetPixelIndexNoCache
                0x00003e0e       0x88 ..\..\emWinGraphics_v5_46\LinkLibrary\PSoC5\GCC\libemWin_nosnts_cm3_gcc.a(GUIDRV_FlexColor.o)
                0x00003e0e                GUIDRV_FlexColor__SetPixelIndexNoCache
 .text.GUIDRV_FlexColor__GetPixelIndexNoCache
                0x00003e96       0xb2 ..\..\emWinGraphics_v5_46\LinkLibrary\PSoC5\GCC\libemWin_nosnts_cm3_gcc.a(GUIDRV_FlexColor.o)
                0x00003e96                GUIDRV_FlexColor__GetPixelIndexNoCache
 .text.GUIDRV_FlexColor__InitOnce
                0x00003f48       0x3c ..\..\emWinGraphics_v5_46\LinkLibrary\PSoC5\GCC\libemWin_nosnts_cm3_gcc.a(GUIDRV_FlexColor.o)
                0x00003f48                GUIDRV_FlexColor__InitOnce
 .text._SetDevFunc
                0x00003f84       0x9c ..\..\emWinGraphics_v5_46\LinkLibrary\PSoC5\GCC\libemWin_nosnts_cm3_gcc.a(GUIDRV_FlexColor.o)
 .text._GetDevFunc_Init
                0x00004020       0x5a ..\..\emWinGraphics_v5_46\LinkLibrary\PSoC5\GCC\libemWin_nosnts_cm3_gcc.a(GUIDRV_FlexColor.o)
 .text._GetDevFunc_SetSize
                0x0000407a       0x14 ..\..\emWinGraphics_v5_46\LinkLibrary\PSoC5\GCC\libemWin_nosnts_cm3_gcc.a(GUIDRV_FlexColor.o)
 .text._GetDevFunc_SetVSize
                0x0000408e       0x14 ..\..\emWinGraphics_v5_46\LinkLibrary\PSoC5\GCC\libemWin_nosnts_cm3_gcc.a(GUIDRV_FlexColor.o)
 .text._GetDevFunc_Off
                0x000040a2       0x16 ..\..\emWinGraphics_v5_46\LinkLibrary\PSoC5\GCC\libemWin_nosnts_cm3_gcc.a(GUIDRV_FlexColor.o)
 .text._GetDevFunc_On
                0x000040b8       0x16 ..\..\emWinGraphics_v5_46\LinkLibrary\PSoC5\GCC\libemWin_nosnts_cm3_gcc.a(GUIDRV_FlexColor.o)
 .text.GUIDRV_FlexColor_Config
                0x000040ce       0x3c ..\..\emWinGraphics_v5_46\LinkLibrary\PSoC5\GCC\libemWin_nosnts_cm3_gcc.a(GUIDRV_FlexColor.o)
                0x000040ce                GUIDRV_FlexColor_Config
 .text.GUIDRV_FlexColor_SetFunc
                0x0000410a       0x32 ..\..\emWinGraphics_v5_46\LinkLibrary\PSoC5\GCC\libemWin_nosnts_cm3_gcc.a(GUIDRV_FlexColor.o)
                0x0000410a                GUIDRV_FlexColor_SetFunc
 .text._WriteU16_A1
                0x0000413c       0x14 ..\..\emWinGraphics_v5_46\LinkLibrary\PSoC5\GCC\libemWin_nosnts_cm3_gcc.a(GUIDRV_FlexColor_16bpp_C0B8.o)
 .text._WriteDataMP
                0x00004150       0x4e ..\..\emWinGraphics_v5_46\LinkLibrary\PSoC5\GCC\libemWin_nosnts_cm3_gcc.a(GUIDRV_FlexColor_16bpp_C0B8.o)
 .text._ReadData
                0x0000419e        0xa ..\..\emWinGraphics_v5_46\LinkLibrary\PSoC5\GCC\libemWin_nosnts_cm3_gcc.a(GUIDRV_FlexColor_16bpp_C0B8.o)
 .text._WriteData
                0x000041a8        0x6 ..\..\emWinGraphics_v5_46\LinkLibrary\PSoC5\GCC\libemWin_nosnts_cm3_gcc.a(GUIDRV_FlexColor_16bpp_C0B8.o)
 *fill*         0x000041ae        0x2 
 .text._FillRect
                0x000041b0      0x104 ..\..\emWinGraphics_v5_46\LinkLibrary\PSoC5\GCC\libemWin_nosnts_cm3_gcc.a(GUIDRV_FlexColor_16bpp_C0B8.o)
 .text._DrawBitmap
                0x000042b4      0x528 ..\..\emWinGraphics_v5_46\LinkLibrary\PSoC5\GCC\libemWin_nosnts_cm3_gcc.a(GUIDRV_FlexColor_16bpp_C0B8.o)
 .text.GUIDRV_FlexColor_SetMode16bppC0B8
                0x000047dc       0x68 ..\..\emWinGraphics_v5_46\LinkLibrary\PSoC5\GCC\libemWin_nosnts_cm3_gcc.a(GUIDRV_FlexColor_16bpp_C0B8.o)
                0x000047dc                GUIDRV_FlexColor_SetMode16bppC0B8
 .text._SetPhysRAMAddr
                0x00004844       0xa6 ..\..\emWinGraphics_v5_46\LinkLibrary\PSoC5\GCC\libemWin_nosnts_cm3_gcc.a(GUIDRV_FlexColor_Func66709.o)
 .text._SetRect
                0x000048ea       0xa6 ..\..\emWinGraphics_v5_46\LinkLibrary\PSoC5\GCC\libemWin_nosnts_cm3_gcc.a(GUIDRV_FlexColor_Func66709.o)
 .text._SetOrientation
                0x00004990       0x40 ..\..\emWinGraphics_v5_46\LinkLibrary\PSoC5\GCC\libemWin_nosnts_cm3_gcc.a(GUIDRV_FlexColor_Func66709.o)
 .text._ReadPixel_16bpp_B8
                0x000049d0       0x38 ..\..\emWinGraphics_v5_46\LinkLibrary\PSoC5\GCC\libemWin_nosnts_cm3_gcc.a(GUIDRV_FlexColor_Func66709.o)
 .text._ReadPixel_16bpp_B16_I
                0x00004a08       0x3c ..\..\emWinGraphics_v5_46\LinkLibrary\PSoC5\GCC\libemWin_nosnts_cm3_gcc.a(GUIDRV_FlexColor_Func66709.o)
 .text._SetReg_B8
                0x00004a44       0x1a ..\..\emWinGraphics_v5_46\LinkLibrary\PSoC5\GCC\libemWin_nosnts_cm3_gcc.a(GUIDRV_FlexColor_Func66709.o)
 .text._SetReg_B16
                0x00004a5e        0x8 ..\..\emWinGraphics_v5_46\LinkLibrary\PSoC5\GCC\libemWin_nosnts_cm3_gcc.a(GUIDRV_FlexColor_Func66709.o)
 .text._WritePara_B8
                0x00004a66        0x8 ..\..\emWinGraphics_v5_46\LinkLibrary\PSoC5\GCC\libemWin_nosnts_cm3_gcc.a(GUIDRV_FlexColor_Func66709.o)
 .text._WritePara_B16
                0x00004a6e        0x8 ..\..\emWinGraphics_v5_46\LinkLibrary\PSoC5\GCC\libemWin_nosnts_cm3_gcc.a(GUIDRV_FlexColor_Func66709.o)
 *fill*         0x00004a76        0x2 
 .text._SetInterface
                0x00004a78       0x34 ..\..\emWinGraphics_v5_46\LinkLibrary\PSoC5\GCC\libemWin_nosnts_cm3_gcc.a(GUIDRV_FlexColor_Func66709.o)
 .text._ReadRect_16bpp_B8
                0x00004aac       0x66 ..\..\emWinGraphics_v5_46\LinkLibrary\PSoC5\GCC\libemWin_nosnts_cm3_gcc.a(GUIDRV_FlexColor_Func66709.o)
 .text._ReadRect_16bpp_B16_I
                0x00004b12       0x6a ..\..\emWinGraphics_v5_46\LinkLibrary\PSoC5\GCC\libemWin_nosnts_cm3_gcc.a(GUIDRV_FlexColor_Func66709.o)
 .text.GUIDRV_FlexColor_SetFunc66709
                0x00004b7c       0x6c ..\..\emWinGraphics_v5_46\LinkLibrary\PSoC5\GCC\libemWin_nosnts_cm3_gcc.a(GUIDRV_FlexColor_Func66709.o)
                0x00004b7c                GUIDRV_FlexColor_SetFunc66709
 .text._SetDrawMode
                0x00004be8       0x28 ..\..\emWinGraphics_v5_46\LinkLibrary\PSoC5\GCC\libemWin_nosnts_cm3_gcc.a(LCD.o)
 .text.LCD_SetDrawMode
                0x00004c10        0xc ..\..\emWinGraphics_v5_46\LinkLibrary\PSoC5\GCC\libemWin_nosnts_cm3_gcc.a(LCD.o)
                0x00004c10                LCD_SetDrawMode
 .text.LCD_DrawPixel
                0x00004c1c       0x60 ..\..\emWinGraphics_v5_46\LinkLibrary\PSoC5\GCC\libemWin_nosnts_cm3_gcc.a(LCD.o)
                0x00004c1c                LCD_DrawPixel
 .text.LCD_DrawHLine
                0x00004c7c       0x50 ..\..\emWinGraphics_v5_46\LinkLibrary\PSoC5\GCC\libemWin_nosnts_cm3_gcc.a(LCD.o)
                0x00004c7c                LCD_DrawHLine
 .text.LCD_DrawVLine
                0x00004ccc       0x54 ..\..\emWinGraphics_v5_46\LinkLibrary\PSoC5\GCC\libemWin_nosnts_cm3_gcc.a(LCD.o)
                0x00004ccc                LCD_DrawVLine
 .text.LCD_FillRect
                0x00004d20       0x58 ..\..\emWinGraphics_v5_46\LinkLibrary\PSoC5\GCC\libemWin_nosnts_cm3_gcc.a(LCD.o)
                0x00004d20                LCD_FillRect
 .text.LCD__DrawBitmap_1bpp
                0x00004d78      0x1d8 ..\..\emWinGraphics_v5_46\LinkLibrary\PSoC5\GCC\libemWin_nosnts_cm3_gcc.a(LCD.o)
                0x00004d78                LCD__DrawBitmap_1bpp
 .text.LCD_DrawBitmap
                0x00004f50      0x224 ..\..\emWinGraphics_v5_46\LinkLibrary\PSoC5\GCC\libemWin_nosnts_cm3_gcc.a(LCD.o)
                0x00004f50                LCD_DrawBitmap
 .text.LCD_SetClipRectMax
                0x00005174       0x1c ..\..\emWinGraphics_v5_46\LinkLibrary\PSoC5\GCC\libemWin_nosnts_cm3_gcc.a(LCD.o)
                0x00005174                LCD_SetClipRectMax
 .text.LCD_Init
                0x00005190       0x90 ..\..\emWinGraphics_v5_46\LinkLibrary\PSoC5\GCC\libemWin_nosnts_cm3_gcc.a(LCD.o)
                0x00005190                LCD_Init
 .text.LCD_Color2Index
                0x00005220       0x1c ..\..\emWinGraphics_v5_46\LinkLibrary\PSoC5\GCC\libemWin_nosnts_cm3_gcc.a(LCD.o)
                0x00005220                LCD_Color2Index
 .text.LCD_Index2Color
                0x0000523c       0x1c ..\..\emWinGraphics_v5_46\LinkLibrary\PSoC5\GCC\libemWin_nosnts_cm3_gcc.a(LCD.o)
                0x0000523c                LCD_Index2Color
 .text.LCD_SetColorIndex
                0x00005258       0x18 ..\..\emWinGraphics_v5_46\LinkLibrary\PSoC5\GCC\libemWin_nosnts_cm3_gcc.a(LCD.o)
                0x00005258                LCD_SetColorIndex
 .text._SetColor
                0x00005270       0x20 ..\..\emWinGraphics_v5_46\LinkLibrary\PSoC5\GCC\libemWin_nosnts_cm3_gcc.a(LCD.o)
 .text.LCD_SetBkColorIndex
                0x00005290       0x18 ..\..\emWinGraphics_v5_46\LinkLibrary\PSoC5\GCC\libemWin_nosnts_cm3_gcc.a(LCD.o)
                0x00005290                LCD_SetBkColorIndex
 .text._SetBkColor
                0x000052a8       0x20 ..\..\emWinGraphics_v5_46\LinkLibrary\PSoC5\GCC\libemWin_nosnts_cm3_gcc.a(LCD.o)
 .text.LCD_SetBkColor
                0x000052c8        0xc ..\..\emWinGraphics_v5_46\LinkLibrary\PSoC5\GCC\libemWin_nosnts_cm3_gcc.a(LCD.o)
                0x000052c8                LCD_SetBkColor
 .text.LCD_SetColor
                0x000052d4        0xc ..\..\emWinGraphics_v5_46\LinkLibrary\PSoC5\GCC\libemWin_nosnts_cm3_gcc.a(LCD.o)
                0x000052d4                LCD_SetColor
 .text._OnExit  0x000052e0       0x1c ..\..\emWinGraphics_v5_46\LinkLibrary\PSoC5\GCC\libemWin_nosnts_cm3_gcc.a(LCD_Color.o)
 .text.LCD_InitColors
                0x000052fc       0x3c ..\..\emWinGraphics_v5_46\LinkLibrary\PSoC5\GCC\libemWin_nosnts_cm3_gcc.a(LCD_Color.o)
                0x000052fc                LCD_InitColors
 .text.LCD_GetpPalConvTableUncached
                0x00005338       0x6c ..\..\emWinGraphics_v5_46\LinkLibrary\PSoC5\GCC\libemWin_nosnts_cm3_gcc.a(LCD_Color.o)
                0x00005338                LCD_GetpPalConvTableUncached
 .text.LCD_GetpPalConvTableBM
                0x000053a4        0x4 ..\..\emWinGraphics_v5_46\LinkLibrary\PSoC5\GCC\libemWin_nosnts_cm3_gcc.a(LCD_Color.o)
                0x000053a4                LCD_GetpPalConvTableBM
 .text.LCD_InitLUT
                0x000053a8       0x88 ..\..\emWinGraphics_v5_46\LinkLibrary\PSoC5\GCC\libemWin_nosnts_cm3_gcc.a(LCD_Color.o)
                0x000053a8                LCD_InitLUT
 .text._GetDevProp.part.0
                0x00005430       0x18 ..\..\emWinGraphics_v5_46\LinkLibrary\PSoC5\GCC\libemWin_nosnts_cm3_gcc.a(LCD_GetEx.o)
 .text._GetDevProp
                0x00005448        0xc ..\..\emWinGraphics_v5_46\LinkLibrary\PSoC5\GCC\libemWin_nosnts_cm3_gcc.a(LCD_GetEx.o)
 .text._GetMaxValue
                0x00005454       0x10 ..\..\emWinGraphics_v5_46\LinkLibrary\PSoC5\GCC\libemWin_nosnts_cm3_gcc.a(LCD_GetEx.o)
 .text.LCD_GetBitsPerPixelEx
                0x00005464        0x6 ..\..\emWinGraphics_v5_46\LinkLibrary\PSoC5\GCC\libemWin_nosnts_cm3_gcc.a(LCD_GetEx.o)
                0x00005464                LCD_GetBitsPerPixelEx
 .text.LCD_GetNumColorsEx
                0x0000546a        0x6 ..\..\emWinGraphics_v5_46\LinkLibrary\PSoC5\GCC\libemWin_nosnts_cm3_gcc.a(LCD_GetEx.o)
                0x0000546a                LCD_GetNumColorsEx
 .text.LCD_GetNumColors
                0x00005470       0x10 ..\..\emWinGraphics_v5_46\LinkLibrary\PSoC5\GCC\libemWin_nosnts_cm3_gcc.a(LCD_GetEx.o)
                0x00005470                LCD_GetNumColors
 .text.GUI_GetBitsPerPixelEx
                0x00005480       0x14 ..\..\emWinGraphics_v5_46\LinkLibrary\PSoC5\GCC\libemWin_nosnts_cm3_gcc.a(LCD_GetEx.o)
                0x00005480                GUI_GetBitsPerPixelEx
 .text.LCD_GetPaletteEx
                0x00005494       0x16 ..\..\emWinGraphics_v5_46\LinkLibrary\PSoC5\GCC\libemWin_nosnts_cm3_gcc.a(LCD_GetEx.o)
                0x00005494                LCD_GetPaletteEx
 *fill*         0x000054aa        0x2 
 .text.LCD_GetPalette
                0x000054ac       0x10 ..\..\emWinGraphics_v5_46\LinkLibrary\PSoC5\GCC\libemWin_nosnts_cm3_gcc.a(LCD_GetEx.o)
                0x000054ac                LCD_GetPalette
 .text.GUI_GetpfIndex2ColorEx
                0x000054bc       0x10 ..\..\emWinGraphics_v5_46\LinkLibrary\PSoC5\GCC\libemWin_nosnts_cm3_gcc.a(LCD_GetEx.o)
                0x000054bc                GUI_GetpfIndex2ColorEx
 .text.GUI_GetpfColor2IndexEx
                0x000054cc       0x10 ..\..\emWinGraphics_v5_46\LinkLibrary\PSoC5\GCC\libemWin_nosnts_cm3_gcc.a(LCD_GetEx.o)
                0x000054cc                GUI_GetpfColor2IndexEx
 .text.LCD_GetXSizeMax
                0x000054dc        0x6 ..\..\emWinGraphics_v5_46\LinkLibrary\PSoC5\GCC\libemWin_nosnts_cm3_gcc.a(LCD_GetEx.o)
                0x000054dc                LCD_GetXSizeMax
 .text.LCD_GetYSizeMax
                0x000054e2        0x6 ..\..\emWinGraphics_v5_46\LinkLibrary\PSoC5\GCC\libemWin_nosnts_cm3_gcc.a(LCD_GetEx.o)
                0x000054e2                LCD_GetYSizeMax
 .text.LCD_SetDisplaySize
                0x000054e8        0xc ..\..\emWinGraphics_v5_46\LinkLibrary\PSoC5\GCC\libemWin_nosnts_cm3_gcc.a(LCD_GetEx.o)
                0x000054e8                LCD_SetDisplaySize
 .text.LCD_GetXSizeDisplay
                0x000054f4        0xc ..\..\emWinGraphics_v5_46\LinkLibrary\PSoC5\GCC\libemWin_nosnts_cm3_gcc.a(LCD_GetEx.o)
                0x000054f4                LCD_GetXSizeDisplay
 .text.LCD_GetYSizeDisplay
                0x00005500        0xc ..\..\emWinGraphics_v5_46\LinkLibrary\PSoC5\GCC\libemWin_nosnts_cm3_gcc.a(LCD_GetEx.o)
                0x00005500                LCD_GetYSizeDisplay
 .text.LCD__GetBPP
                0x0000550c       0x7e ..\..\emWinGraphics_v5_46\LinkLibrary\PSoC5\GCC\libemWin_nosnts_cm3_gcc.a(LCD_GetEx.o)
                0x0000550c                LCD__GetBPP
 .text.LCD__GetBPPDevice
                0x0000558a       0x2c ..\..\emWinGraphics_v5_46\LinkLibrary\PSoC5\GCC\libemWin_nosnts_cm3_gcc.a(LCD_GetEx.o)
                0x0000558a                LCD__GetBPPDevice
 .text.LCD_GetNumLayers
                0x000055b6       0x10 ..\..\emWinGraphics_v5_46\LinkLibrary\PSoC5\GCC\libemWin_nosnts_cm3_gcc.a(LCD_GetNumDisplays.o)
                0x000055b6                LCD_GetNumLayers
 *fill*         0x000055c6        0x2 
 .text.LCD_SelectLCD
                0x000055c8       0x40 ..\..\emWinGraphics_v5_46\LinkLibrary\PSoC5\GCC\libemWin_nosnts_cm3_gcc.a(LCD_SelectLCD.o)
                0x000055c8                LCD_SelectLCD
 .text.LCD_SetLUTEntryEx
                0x00005608       0x30 ..\..\emWinGraphics_v5_46\LinkLibrary\PSoC5\GCC\libemWin_nosnts_cm3_gcc.a(LCD_Set.o)
                0x00005608                LCD_SetLUTEntryEx
 .text.LCD_SetSizeEx
                0x00005638       0x30 ..\..\emWinGraphics_v5_46\LinkLibrary\PSoC5\GCC\libemWin_nosnts_cm3_gcc.a(LCD_Set.o)
                0x00005638                LCD_SetSizeEx
 .text.LCD_SetVSizeEx
                0x00005668       0x30 ..\..\emWinGraphics_v5_46\LinkLibrary\PSoC5\GCC\libemWin_nosnts_cm3_gcc.a(LCD_Set.o)
                0x00005668                LCD_SetVSizeEx
 .text.LCD_UpdateColorIndices
                0x00005698       0x24 ..\..\emWinGraphics_v5_46\LinkLibrary\PSoC5\GCC\libemWin_nosnts_cm3_gcc.a(LCD_UpdateColorIndices.o)
                0x00005698                LCD_UpdateColorIndices
 .text._OnExit  0x000056bc       0x88 ..\..\emWinGraphics_v5_46\LinkLibrary\PSoC5\GCC\libemWin_nosnts_cm3_gcc.a(WM.o)
 .text._Findy1  0x00005744       0xa6 ..\..\emWinGraphics_v5_46\LinkLibrary\PSoC5\GCC\libemWin_nosnts_cm3_gcc.a(WM.o)
 .text._Findx0  0x000057ea       0x86 ..\..\emWinGraphics_v5_46\LinkLibrary\PSoC5\GCC\libemWin_nosnts_cm3_gcc.a(WM.o)
 .text._Findx1  0x00005870       0x72 ..\..\emWinGraphics_v5_46\LinkLibrary\PSoC5\GCC\libemWin_nosnts_cm3_gcc.a(WM.o)
 *fill*         0x000058e2        0x2 
 .text.WM__ClipAtParentBorders
                0x000058e4       0x50 ..\..\emWinGraphics_v5_46\LinkLibrary\PSoC5\GCC\libemWin_nosnts_cm3_gcc.a(WM.o)
                0x000058e4                WM__ClipAtParentBorders
 .text.WM__InsertWindowIntoList
                0x00005934       0xac ..\..\emWinGraphics_v5_46\LinkLibrary\PSoC5\GCC\libemWin_nosnts_cm3_gcc.a(WM.o)
                0x00005934                WM__InsertWindowIntoList
 .text.WM__Client2Screen
                0x000059e0       0x10 ..\..\emWinGraphics_v5_46\LinkLibrary\PSoC5\GCC\libemWin_nosnts_cm3_gcc.a(WM.o)
                0x000059e0                WM__Client2Screen
 .text._SetClipRectUserIntersect
                0x000059f0       0x50 ..\..\emWinGraphics_v5_46\LinkLibrary\PSoC5\GCC\libemWin_nosnts_cm3_gcc.a(WM.o)
 .text.WM__ActivateClipRect
                0x00005a40       0x48 ..\..\emWinGraphics_v5_46\LinkLibrary\PSoC5\GCC\libemWin_nosnts_cm3_gcc.a(WM.o)
                0x00005a40                WM__ActivateClipRect
 .text.WM__InvalidateDrawAndDescs
                0x00005a88       0x50 ..\..\emWinGraphics_v5_46\LinkLibrary\PSoC5\GCC\libemWin_nosnts_cm3_gcc.a(WM.o)
                0x00005a88                WM__InvalidateDrawAndDescs
 .text.WM__RectIsNZ
                0x00005ad8       0x22 ..\..\emWinGraphics_v5_46\LinkLibrary\PSoC5\GCC\libemWin_nosnts_cm3_gcc.a(WM.o)
                0x00005ad8                WM__RectIsNZ
 *fill*         0x00005afa        0x2 
 .text._Invalidate1Abs
                0x00005afc       0x84 ..\..\emWinGraphics_v5_46\LinkLibrary\PSoC5\GCC\libemWin_nosnts_cm3_gcc.a(WM.o)
 .text.WM__Invalidate1Abs
                0x00005b80        0x6 ..\..\emWinGraphics_v5_46\LinkLibrary\PSoC5\GCC\libemWin_nosnts_cm3_gcc.a(WM.o)
                0x00005b80                WM__Invalidate1Abs
 .text.WM_InvalidateWindowAndDescsEx
                0x00005b86       0x64 ..\..\emWinGraphics_v5_46\LinkLibrary\PSoC5\GCC\libemWin_nosnts_cm3_gcc.a(WM.o)
                0x00005b86                WM_InvalidateWindowAndDescsEx
 .text.WM__InvalidateRect
                0x00005bea       0x76 ..\..\emWinGraphics_v5_46\LinkLibrary\PSoC5\GCC\libemWin_nosnts_cm3_gcc.a(WM.o)
                0x00005bea                WM__InvalidateRect
 .text.WM__InvalidateRectEx
                0x00005c60        0x6 ..\..\emWinGraphics_v5_46\LinkLibrary\PSoC5\GCC\libemWin_nosnts_cm3_gcc.a(WM.o)
                0x00005c60                WM__InvalidateRectEx
 .text.WM__SendMsgNoData
                0x00005c66       0x16 ..\..\emWinGraphics_v5_46\LinkLibrary\PSoC5\GCC\libemWin_nosnts_cm3_gcc.a(WM.o)
                0x00005c66                WM__SendMsgNoData
 .text.WM__GetClientRectWin
                0x00005c7c       0x18 ..\..\emWinGraphics_v5_46\LinkLibrary\PSoC5\GCC\libemWin_nosnts_cm3_gcc.a(WM.o)
                0x00005c7c                WM__GetClientRectWin
 .text.WM_InvalidateRect
                0x00005c94       0x78 ..\..\emWinGraphics_v5_46\LinkLibrary\PSoC5\GCC\libemWin_nosnts_cm3_gcc.a(WM.o)
                0x00005c94                WM_InvalidateRect
 .text.WM_InvalidateWindow
                0x00005d0c        0x6 ..\..\emWinGraphics_v5_46\LinkLibrary\PSoC5\GCC\libemWin_nosnts_cm3_gcc.a(WM.o)
                0x00005d0c                WM_InvalidateWindow
 *fill*         0x00005d12        0x2 
 .text.WM_SelectWindow
                0x00005d14       0x38 ..\..\emWinGraphics_v5_46\LinkLibrary\PSoC5\GCC\libemWin_nosnts_cm3_gcc.a(WM.o)
                0x00005d14                WM_SelectWindow
 .text.WM_CreateWindowAsChild
                0x00005d4c      0x154 ..\..\emWinGraphics_v5_46\LinkLibrary\PSoC5\GCC\libemWin_nosnts_cm3_gcc.a(WM.o)
                0x00005d4c                WM_CreateWindowAsChild
 .text.WM_CreateWindow
                0x00005ea0       0x1a ..\..\emWinGraphics_v5_46\LinkLibrary\PSoC5\GCC\libemWin_nosnts_cm3_gcc.a(WM.o)
                0x00005ea0                WM_CreateWindow
 *fill*         0x00005eba        0x2 
 .text.WM__GetNextIVR
                0x00005ebc      0x184 ..\..\emWinGraphics_v5_46\LinkLibrary\PSoC5\GCC\libemWin_nosnts_cm3_gcc.a(WM.o)
                0x00005ebc                WM__GetNextIVR
 .text.WM__InitIVRSearch
                0x00006040      0x100 ..\..\emWinGraphics_v5_46\LinkLibrary\PSoC5\GCC\libemWin_nosnts_cm3_gcc.a(WM.o)
                0x00006040                WM__InitIVRSearch
 .text.WM_Activate
                0x00006140       0x10 ..\..\emWinGraphics_v5_46\LinkLibrary\PSoC5\GCC\libemWin_nosnts_cm3_gcc.a(WM.o)
                0x00006140                WM_Activate
 .text.WM_DefaultProc
                0x00006150       0x4c ..\..\emWinGraphics_v5_46\LinkLibrary\PSoC5\GCC\libemWin_nosnts_cm3_gcc.a(WM.o)
                0x00006150                WM_DefaultProc
 .text._cbBackWin
                0x0000619c       0x48 ..\..\emWinGraphics_v5_46\LinkLibrary\PSoC5\GCC\libemWin_nosnts_cm3_gcc.a(WM.o)
 .text.WM_Init  0x000061e4       0xa8 ..\..\emWinGraphics_v5_46\LinkLibrary\PSoC5\GCC\libemWin_nosnts_cm3_gcc.a(WM.o)
                0x000061e4                WM_Init
 .text.WM__GetFirstSibling
                0x0000628c       0x12 ..\..\emWinGraphics_v5_46\LinkLibrary\PSoC5\GCC\libemWin_nosnts_cm3_gcc.a(WM__Private.o)
                0x0000628c                WM__GetFirstSibling
 .text.WM__GetPrevSibling
                0x0000629e       0x26 ..\..\emWinGraphics_v5_46\LinkLibrary\PSoC5\GCC\libemWin_nosnts_cm3_gcc.a(WM__Private.o)
                0x0000629e                WM__GetPrevSibling
 .text.WM__SendMessage
                0x000062c4       0x3c ..\..\emWinGraphics_v5_46\LinkLibrary\PSoC5\GCC\libemWin_nosnts_cm3_gcc.a(WM__Private.o)
                0x000062c4                WM__SendMessage
 .text.WM__AddCriticalHandle
                0x00006300       0x10 ..\..\emWinGraphics_v5_46\LinkLibrary\PSoC5\GCC\libemWin_nosnts_cm3_gcc.a(WM__Private.o)
                0x00006300                WM__AddCriticalHandle
 .text.WM__GetClientRectEx
                0x00006310       0x22 ..\..\emWinGraphics_v5_46\LinkLibrary\PSoC5\GCC\libemWin_nosnts_cm3_gcc.a(WM__Private.o)
                0x00006310                WM__GetClientRectEx
 *fill*         0x00006332        0x2 
 .text.WM_GetDesktopWindow
                0x00006334        0xc ..\..\emWinGraphics_v5_46\LinkLibrary\PSoC5\GCC\libemWin_nosnts_cm3_gcc.a(WM_Lib.o)
                0x00006334                WM_GetDesktopWindow
 .text.WM_GetFirstChild
                0x00006340       0x10 ..\..\emWinGraphics_v5_46\LinkLibrary\PSoC5\GCC\libemWin_nosnts_cm3_gcc.a(WM_Lib.o)
                0x00006340                WM_GetFirstChild
 .text.WM_GetParent
                0x00006350       0x10 ..\..\emWinGraphics_v5_46\LinkLibrary\PSoC5\GCC\libemWin_nosnts_cm3_gcc.a(WM_Lib.o)
                0x00006350                WM_GetParent
 .text.WM_BringToBottom
                0x00006360       0x86 ..\..\emWinGraphics_v5_46\LinkLibrary\PSoC5\GCC\libemWin_nosnts_cm3_gcc.a(WM_Lib.o)
                0x00006360                WM_BringToBottom
 .text.WM_SendToParent
                0x000063e6       0x1c ..\..\emWinGraphics_v5_46\LinkLibrary\PSoC5\GCC\libemWin_nosnts_cm3_gcc.a(WM_Lib.o)
                0x000063e6                WM_SendToParent
 *fill*         0x00006402        0x2 
 .text.GUI__ManageCacheEx
                0x00006404       0xd8 ..\..\emWinGraphics_v5_46\LinkLibrary\PSoC5\GCC\libemWin_nosnts_cm3_gcc.a(GUI__ManageCache.o)
                0x00006404                GUI__ManageCacheEx
 .text.GUI__ManageCache
                0x000064dc       0x10 ..\..\emWinGraphics_v5_46\LinkLibrary\PSoC5\GCC\libemWin_nosnts_cm3_gcc.a(GUI__ManageCache.o)
                0x000064dc                GUI__ManageCache
 .text.GUI__IntersectRect
                0x000064ec       0x3a ..\..\emWinGraphics_v5_46\LinkLibrary\PSoC5\GCC\libemWin_nosnts_cm3_gcc.a(GUI__Private.o)
                0x000064ec                GUI__IntersectRect
 .text.GUI__IntersectRects
                0x00006526       0x56 ..\..\emWinGraphics_v5_46\LinkLibrary\PSoC5\GCC\libemWin_nosnts_cm3_gcc.a(GUI__Private.o)
                0x00006526                GUI__IntersectRects
 .text.GUI__memset16
                0x0000657c       0x64 ..\..\emWinGraphics_v5_46\LinkLibrary\PSoC5\GCC\libemWin_nosnts_cm3_gcc.a(GUI__Private.o)
                0x0000657c                GUI__memset16
 .text.GUI_GetYAdjust
                0x000065e0       0x30 ..\..\emWinGraphics_v5_46\LinkLibrary\PSoC5\GCC\libemWin_nosnts_cm3_gcc.a(GUI_Char.o)
                0x000065e0                GUI_GetYAdjust
 .text.GUI_GetFontDistY
                0x00006610       0x10 ..\..\emWinGraphics_v5_46\LinkLibrary\PSoC5\GCC\libemWin_nosnts_cm3_gcc.a(GUI_Char.o)
                0x00006610                GUI_GetFontDistY
 .text.GUI_GetCharDistX
                0x00006620       0x10 ..\..\emWinGraphics_v5_46\LinkLibrary\PSoC5\GCC\libemWin_nosnts_cm3_gcc.a(GUI_Char.o)
                0x00006620                GUI_GetCharDistX
 .text.GUI_GetCharDistXEx
                0x00006630       0x10 ..\..\emWinGraphics_v5_46\LinkLibrary\PSoC5\GCC\libemWin_nosnts_cm3_gcc.a(GUI_Char.o)
                0x00006630                GUI_GetCharDistXEx
 .text._Log2VisBuffered
                0x00006640        0x2 ..\..\emWinGraphics_v5_46\LinkLibrary\PSoC5\GCC\libemWin_nosnts_cm3_gcc.a(GUI_CharLine.o)
 *fill*         0x00006642        0x2 
 .text._DispLine
                0x00006644       0x9c ..\..\emWinGraphics_v5_46\LinkLibrary\PSoC5\GCC\libemWin_nosnts_cm3_gcc.a(GUI_CharLine.o)
 .text.GUI__GetLineNumChars
                0x000066e0       0x38 ..\..\emWinGraphics_v5_46\LinkLibrary\PSoC5\GCC\libemWin_nosnts_cm3_gcc.a(GUI_CharLine.o)
                0x000066e0                GUI__GetLineNumChars
 .text.GUI__GetOverlap
                0x00006718       0x1c ..\..\emWinGraphics_v5_46\LinkLibrary\PSoC5\GCC\libemWin_nosnts_cm3_gcc.a(GUI_CharLine.o)
                0x00006718                GUI__GetOverlap
 .text.GUI__GetLineDistX
                0x00006734       0x60 ..\..\emWinGraphics_v5_46\LinkLibrary\PSoC5\GCC\libemWin_nosnts_cm3_gcc.a(GUI_CharLine.o)
                0x00006734                GUI__GetLineDistX
 .text.GUI__DispLine
                0x00006794       0xa8 ..\..\emWinGraphics_v5_46\LinkLibrary\PSoC5\GCC\libemWin_nosnts_cm3_gcc.a(GUI_CharLine.o)
                0x00006794                GUI__DispLine
 .text.GL_DrawPoint
                0x0000683c       0x20 ..\..\emWinGraphics_v5_46\LinkLibrary\PSoC5\GCC\libemWin_nosnts_cm3_gcc.a(GUI_DrawLib.o)
                0x0000683c                GL_DrawPoint
 .text.GUI_SelectLayer
                0x0000685c       0x24 ..\..\emWinGraphics_v5_46\LinkLibrary\PSoC5\GCC\libemWin_nosnts_cm3_gcc.a(GUI_SelectLayer.o)
                0x0000685c                GUI_SelectLayer
 .text._GetIndexMask_0
                0x00006880       0x52 ..\..\emWinGraphics_v5_46\LinkLibrary\PSoC5\GCC\libemWin_nosnts_cm3_gcc.a(GUICC_0.o)
 .text._Index2Color_0
                0x000068d2       0x1e ..\..\emWinGraphics_v5_46\LinkLibrary\PSoC5\GCC\libemWin_nosnts_cm3_gcc.a(GUICC_0.o)
 .text._Color2Index_0
                0x000068f0       0x52 ..\..\emWinGraphics_v5_46\LinkLibrary\PSoC5\GCC\libemWin_nosnts_cm3_gcc.a(GUICC_0.o)
 .text.GUI_MEMDEV_GetBitsPerPixel
                0x00006942       0x2a ..\..\emWinGraphics_v5_46\LinkLibrary\PSoC5\GCC\libemWin_nosnts_cm3_gcc.a(GUIDEV.o)
                0x00006942                GUI_MEMDEV_GetBitsPerPixel
 .text.GUI_MEMDEV_Delete
                0x0000696c       0x44 ..\..\emWinGraphics_v5_46\LinkLibrary\PSoC5\GCC\libemWin_nosnts_cm3_gcc.a(GUIDEV.o)
                0x0000696c                GUI_MEMDEV_Delete
 .text._GetDevData
                0x000069b0       0x10 ..\..\emWinGraphics_v5_46\LinkLibrary\PSoC5\GCC\libemWin_nosnts_cm3_gcc.a(GUIDEV_16.o)
 .text._GetDevFunc
                0x000069c0       0x10 ..\..\emWinGraphics_v5_46\LinkLibrary\PSoC5\GCC\libemWin_nosnts_cm3_gcc.a(GUIDEV_16.o)
 .text._SetOrg  0x000069d0        0xc ..\..\emWinGraphics_v5_46\LinkLibrary\PSoC5\GCC\libemWin_nosnts_cm3_gcc.a(GUIDEV_16.o)
 .text._GetRect
                0x000069dc       0x36 ..\..\emWinGraphics_v5_46\LinkLibrary\PSoC5\GCC\libemWin_nosnts_cm3_gcc.a(GUIDEV_16.o)
 *fill*         0x00006a12        0x2 
 .text._XY2PTR  0x00006a14       0x40 ..\..\emWinGraphics_v5_46\LinkLibrary\PSoC5\GCC\libemWin_nosnts_cm3_gcc.a(GUIDEV_16.o)
 .text._GetPixelIndex
                0x00006a54        0xe ..\..\emWinGraphics_v5_46\LinkLibrary\PSoC5\GCC\libemWin_nosnts_cm3_gcc.a(GUIDEV_16.o)
 *fill*         0x00006a62        0x2 
 .text._XorPixel
                0x00006a64       0x58 ..\..\emWinGraphics_v5_46\LinkLibrary\PSoC5\GCC\libemWin_nosnts_cm3_gcc.a(GUIDEV_16.o)
 .text._SetPixelIndex
                0x00006abc       0x4c ..\..\emWinGraphics_v5_46\LinkLibrary\PSoC5\GCC\libemWin_nosnts_cm3_gcc.a(GUIDEV_16.o)
 .text._DrawVLine
                0x00006b08       0xbc ..\..\emWinGraphics_v5_46\LinkLibrary\PSoC5\GCC\libemWin_nosnts_cm3_gcc.a(GUIDEV_16.o)
 .text._FillRect
                0x00006bc4       0xb4 ..\..\emWinGraphics_v5_46\LinkLibrary\PSoC5\GCC\libemWin_nosnts_cm3_gcc.a(GUIDEV_16.o)
 .text._DrawHLine
                0x00006c78        0xe ..\..\emWinGraphics_v5_46\LinkLibrary\PSoC5\GCC\libemWin_nosnts_cm3_gcc.a(GUIDEV_16.o)
 *fill*         0x00006c86        0x2 
 .text._DrawBitmap
                0x00006c88      0x720 ..\..\emWinGraphics_v5_46\LinkLibrary\PSoC5\GCC\libemWin_nosnts_cm3_gcc.a(GUIDEV_16.o)
 .text._GetDevProp
                0x000073a8       0x18 ..\..\emWinGraphics_v5_46\LinkLibrary\PSoC5\GCC\libemWin_nosnts_cm3_gcc.a(GUIDEV_16.o)
 .text.GUI_USAGE_DecUseCnt
                0x000073c0       0x28 ..\..\emWinGraphics_v5_46\LinkLibrary\PSoC5\GCC\libemWin_nosnts_cm3_gcc.a(GUIDEV_Usage.o)
                0x000073c0                GUI_USAGE_DecUseCnt
 .text.GUI_USAGE_AddRect
                0x000073e8       0x26 ..\..\emWinGraphics_v5_46\LinkLibrary\PSoC5\GCC\libemWin_nosnts_cm3_gcc.a(GUIDEV_Usage.o)
                0x000073e8                GUI_USAGE_AddRect
 .text._Convert16
                0x0000740e       0x3e ..\..\emWinGraphics_v5_46\LinkLibrary\PSoC5\GCC\libemWin_nosnts_cm3_gcc.a(GUIDEV_WriteToActiveOpaque.o)
 .text._Convert8
                0x0000744c       0x42 ..\..\emWinGraphics_v5_46\LinkLibrary\PSoC5\GCC\libemWin_nosnts_cm3_gcc.a(GUIDEV_WriteToActiveOpaque.o)
 *fill*         0x0000748e        0x2 
 .text.GUI_MEMDEV__WriteToActiveOpaque
                0x00007490      0x74c ..\..\emWinGraphics_v5_46\LinkLibrary\PSoC5\GCC\libemWin_nosnts_cm3_gcc.a(GUIDEV_WriteToActiveOpaque.o)
                0x00007490                GUI_MEMDEV__WriteToActiveOpaque
 .text.LCD_SetClipRectEx
                0x00007bdc       0x30 ..\..\emWinGraphics_v5_46\LinkLibrary\PSoC5\GCC\libemWin_nosnts_cm3_gcc.a(LCD_SetClipRectEx.o)
                0x00007bdc                LCD_SetClipRectEx
 .text.GUI__CompactPixelIndices
                0x00007c0c      0x16e ..\..\emWinGraphics_v5_46\LinkLibrary\PSoC5\GCC\libemWin_nosnts_cm3_gcc.a(GUI__CompactPixelIndices.o)
                0x00007c0c                GUI__CompactPixelIndices
 .text.GUI_MEMDEV_GetDataPtr
                0x00007d7a       0x20 ..\..\emWinGraphics_v5_46\LinkLibrary\PSoC5\GCC\libemWin_nosnts_cm3_gcc.a(GUIDEV_GetDataPtr.o)
                0x00007d7a                GUI_MEMDEV_GetDataPtr
 *fill*         0x00007d9a        0x2 
 .text.__errno  0x00007d9c        0xc c:/program files (x86)/cypress/psoc creator/4.4/psoc creator/import/gnu/arm/5.4.1/bin/../lib/gcc/arm-none-eabi/5.4.1/../../../../arm-none-eabi/lib/armv7-m\libg_nano.a(lib_a-errno.o)
                0x00007d9c                __errno
 .text.__libc_init_array
                0x00007da8       0x4c c:/program files (x86)/cypress/psoc creator/4.4/psoc creator/import/gnu/arm/5.4.1/bin/../lib/gcc/arm-none-eabi/5.4.1/../../../../arm-none-eabi/lib/armv7-m\libg_nano.a(lib_a-init.o)
                0x00007da8                __libc_init_array
 .text.memcpy   0x00007df4       0x16 c:/program files (x86)/cypress/psoc creator/4.4/psoc creator/import/gnu/arm/5.4.1/bin/../lib/gcc/arm-none-eabi/5.4.1/../../../../arm-none-eabi/lib/armv7-m\libg_nano.a(lib_a-memcpy-stub.o)
                0x00007df4                memcpy
 .text.memmove  0x00007e0a       0x36 c:/program files (x86)/cypress/psoc creator/4.4/psoc creator/import/gnu/arm/5.4.1/bin/../lib/gcc/arm-none-eabi/5.4.1/../../../../arm-none-eabi/lib/armv7-m\libg_nano.a(lib_a-memmove.o)
                0x00007e0a                memmove
 .text.memset   0x00007e40       0x10 c:/program files (x86)/cypress/psoc creator/4.4/psoc creator/import/gnu/arm/5.4.1/bin/../lib/gcc/arm-none-eabi/5.4.1/../../../../arm-none-eabi/lib/armv7-m\libg_nano.a(lib_a-memset.o)
                0x00007e40                memset
 *(.plt)
 *(.gnu.warning)
 *(.glue_7t)
 .glue_7t       0x00007e50        0x0 linker stubs
 *(.glue_7)
 .glue_7        0x00007e50        0x0 linker stubs
 *(.vfp11_veneer)
 .vfp11_veneer  0x00007e50        0x0 linker stubs
 *(.bootloader)
 *(.ARM.extab* .gnu.linkonce.armextab.*)
 *(.gcc_except_table)

.v4_bx          0x00007e50        0x0
 .v4_bx         0x00007e50        0x0 linker stubs

.iplt           0x00007e50        0x0
 .iplt          0x00007e50        0x0 c:/program files (x86)/cypress/psoc creator/4.4/psoc creator/import/gnu/arm/5.4.1/bin/../lib/gcc/arm-none-eabi/5.4.1/armv7-m/crtbegin.o

.eh_frame_hdr
 *(.eh_frame_hdr)

.eh_frame       0x00007e50        0x4
 *(.eh_frame)
 .eh_frame      0x00007e50        0x0 c:/program files (x86)/cypress/psoc creator/4.4/psoc creator/import/gnu/arm/5.4.1/bin/../lib/gcc/arm-none-eabi/5.4.1/armv7-m/crtbegin.o
 .eh_frame      0x00007e50        0x4 c:/program files (x86)/cypress/psoc creator/4.4/psoc creator/import/gnu/arm/5.4.1/bin/../lib/gcc/arm-none-eabi/5.4.1/armv7-m/crtend.o
                [!provide]                PROVIDE (__exidx_start, .)

.ARM.exidx
 *(.ARM.exidx* .gnu.linkonce.armexidx.*)
                0x00007e54                __exidx_end = .

.rodata         0x00007e54     0x1bdc
 *(.rodata .rodata.* .gnu.linkonce.r.*)
 .rodata.str1.4
                0x00007e54      0x10c .\CortexM3\ARM_GCC_541\Debug\main.o
                                0x10b (size before relaxing)
 .rodata        0x00007f60       0x42 .\CortexM3\ARM_GCC_541\Debug\cyfitter_cfg.o
                0x00007f60                ADC_VolumePedal_AMux__addrTable
                0x00007f68                ADC_VolumePedal_AMux__maskTable
 *fill*         0x00007fa2        0x2 
 .rodata        0x00007fa4      0x73c ..\..\emWinGraphics_v5_46\LinkLibrary\PSoC5\GCC\libemWin_nosnts_cm3_gcc.a(F6x8.o)
                0x00007fa4                GUI_Font6x9
                0x00007fc8                GUI_Font6x8
 .rodata        0x000086e0      0xd0c ..\..\emWinGraphics_v5_46\LinkLibrary\PSoC5\GCC\libemWin_nosnts_cm3_gcc.a(F8x16.o)
                0x000086e0                GUI_Font8x16x3x3
                0x00008704                GUI_Font8x16x2x2
                0x00008728                GUI_Font8x16x1x2
                0x00008774                GUI_Font8x18
                0x00008798                GUI_Font8x17
                0x000087bc                GUI_Font8x16
 .rodata        0x000093ec        0x8 ..\..\emWinGraphics_v5_46\LinkLibrary\PSoC5\GCC\libemWin_nosnts_cm3_gcc.a(GUI_Core.o)
 .rodata.str1.1
                0x000093f4       0x14 ..\..\emWinGraphics_v5_46\LinkLibrary\PSoC5\GCC\libemWin_nosnts_cm3_gcc.a(GUI_Core.o)
 .rodata        0x00009408       0x44 ..\..\emWinGraphics_v5_46\LinkLibrary\PSoC5\GCC\libemWin_nosnts_cm3_gcc.a(GUI_DrawLine.o)
                0x0000942a                aTan
 .rodata        0x0000944c       0x10 ..\..\emWinGraphics_v5_46\LinkLibrary\PSoC5\GCC\libemWin_nosnts_cm3_gcc.a(GUI_UC_EncodeNone.o)
                0x0000944c                GUI_UC_None
 .rodata        0x0000945c       0x18 ..\..\emWinGraphics_v5_46\LinkLibrary\PSoC5\GCC\libemWin_nosnts_cm3_gcc.a(GUICC_M565.o)
                0x0000945c                LCD_API_ColorConv_M565
 .rodata        0x00009474       0x74 ..\..\emWinGraphics_v5_46\LinkLibrary\PSoC5\GCC\libemWin_nosnts_cm3_gcc.a(GUIDRV_FlexColor.o)
                0x000094b4                GUIDRV_FlexColor_API
 .rodata        0x000094e8        0x8 ..\..\emWinGraphics_v5_46\LinkLibrary\PSoC5\GCC\libemWin_nosnts_cm3_gcc.a(GUIDRV_FlexColor_Func66709.o)
 .rodata        0x000094f0        0xc ..\..\emWinGraphics_v5_46\LinkLibrary\PSoC5\GCC\libemWin_nosnts_cm3_gcc.a(LCD.o)
 .rodata        0x000094fc      0x370 ..\..\emWinGraphics_v5_46\LinkLibrary\PSoC5\GCC\libemWin_nosnts_cm3_gcc.a(GUI__DivTbl.o)
                0x000094fc                GUI__aConvert_255_63
                0x000095fc                GUI__aConvert_255_31
                0x000096fc                GUI__aConvert_255_15
                0x000097fc                GUI__aConvert_63_255
                0x0000983c                GUI__aConvert_31_255
                0x0000985c                GUI__aConvert_15_255
 .rodata        0x0000986c       0x18 ..\..\emWinGraphics_v5_46\LinkLibrary\PSoC5\GCC\libemWin_nosnts_cm3_gcc.a(GUICC_0.o)
                0x0000986c                LCD_API_ColorConv_0
 .rodata        0x00009884       0x74 ..\..\emWinGraphics_v5_46\LinkLibrary\PSoC5\GCC\libemWin_nosnts_cm3_gcc.a(GUIDEV_16.o)
                0x00009884                GUI_MEMDEV_DEVICE_16
 .rodata        0x000098f8      0x100 ..\..\emWinGraphics_v5_46\LinkLibrary\PSoC5\GCC\libemWin_nosnts_cm3_gcc.a(LCD_Mirror.o)
                0x000098f8                LCD_aMirror
 .rodata.str1.1
                0x000099f8        0x2 c:/program files (x86)/cypress/psoc creator/4.4/psoc creator/import/gnu/arm/5.4.1/bin/../lib/gcc/arm-none-eabi/5.4.1/../../../../arm-none-eabi/lib/armv7-m\libg_nano.a(lib_a-impure.o)
                0x000099fc                . = ALIGN (0x4)
 *fill*         0x000099fa        0x2 
 *(.init)
 .init          0x000099fc        0x4 c:/program files (x86)/cypress/psoc creator/4.4/psoc creator/import/gnu/arm/5.4.1/bin/../lib/gcc/arm-none-eabi/5.4.1/armv7-m/crti.o
                0x000099fc                _init
 .init          0x00009a00        0x8 c:/program files (x86)/cypress/psoc creator/4.4/psoc creator/import/gnu/arm/5.4.1/bin/../lib/gcc/arm-none-eabi/5.4.1/armv7-m/crtn.o
                0x00009a08                . = ALIGN (0x4)
                0x00009a08                __preinit_array_start = .
 *(.preinit_array)
                0x00009a08                __preinit_array_end = .
                0x00009a08                . = ALIGN (0x4)
                0x00009a08                __init_array_start = .
 *(SORT(.init_array.*))
 *(.init_array)
 .init_array    0x00009a08        0x4 c:/program files (x86)/cypress/psoc creator/4.4/psoc creator/import/gnu/arm/5.4.1/bin/../lib/gcc/arm-none-eabi/5.4.1/armv7-m/crtbegin.o
 .init_array    0x00009a0c        0x4 .\CortexM3\ARM_GCC_541\Debug\Cm3Start.o
                0x00009a10                __init_array_end = .
                0x00009a10                . = ALIGN (0x4)
 *(.fini)
 .fini          0x00009a10        0x4 c:/program files (x86)/cypress/psoc creator/4.4/psoc creator/import/gnu/arm/5.4.1/bin/../lib/gcc/arm-none-eabi/5.4.1/armv7-m/crti.o
                0x00009a10                _fini
 .fini          0x00009a14        0x8 c:/program files (x86)/cypress/psoc creator/4.4/psoc creator/import/gnu/arm/5.4.1/bin/../lib/gcc/arm-none-eabi/5.4.1/armv7-m/crtn.o
                0x00009a1c                . = ALIGN (0x4)
                0x00009a1c                __fini_array_start = .
 *(.fini_array)
 .fini_array    0x00009a1c        0x4 c:/program files (x86)/cypress/psoc creator/4.4/psoc creator/import/gnu/arm/5.4.1/bin/../lib/gcc/arm-none-eabi/5.4.1/armv7-m/crtbegin.o
 *(SORT(.fini_array.*))
                0x00009a20                __fini_array_end = .
                0x00009a20                . = ALIGN (0x4)
 *crtbegin.o(.ctors)
 *(EXCLUDE_FILE(*crtend.o) .ctors)
 *(SORT(.ctors.*))
 *crtend.o(.ctors)
                0x00009a20                . = ALIGN (0x4)
 *crtbegin.o(.dtors)
 *(EXCLUDE_FILE(*crtend.o) .dtors)
 *(SORT(.dtors.*))
 *crtend.o(.dtors)
                0x00009a20                . = ALIGN (0x4)
                0x00009a20                __cy_regions = .
                0x00009a20        0x4 LONG 0x9a30 __cy_region_init_ram
                0x00009a24        0x4 LONG 0x1fff80c8 __cy_region_start_data
                0x00009a28        0x4 LONG 0x40c8 __cy_region_init_size_ram
                0x00009a2c        0x4 LONG 0x2398 __cy_region_zero_size_ram
                0x00009a30                __cy_regions_end = .
                0x00009a30                . = ALIGN (0x8)
                0x00009a30                _etext = .

.cy_checksum_exclude
                0x00009a30        0x0
 *(.cy_checksum_exclude)

.ramvectors     0x1fff8000       0xc0
                0x1fff8000                __cy_region_start_ram = .
 *(.ramvectors)
 .ramvectors    0x1fff8000       0xc0 .\CortexM3\ARM_GCC_541\Debug\Cm3Start.o
                0x1fff8000                CyRamVectors

.noinit         0x1fff80c0        0x1
 *(.noinit)
 .noinit        0x1fff80c0        0x1 .\CortexM3\ARM_GCC_541\Debug\Keys2NotewDisplay.a(CyLib.o)
                0x1fff80c0                CyResetStatus

.data           0x1fff80c8     0x40c8 load address 0x00009a30
                0x1fff80c8                __cy_region_start_data = .
 *(.jcr)
 .jcr           0x1fff80c8        0x0 c:/program files (x86)/cypress/psoc creator/4.4/psoc creator/import/gnu/arm/5.4.1/bin/../lib/gcc/arm-none-eabi/5.4.1/armv7-m/crtbegin.o
 .jcr           0x1fff80c8        0x4 c:/program files (x86)/cypress/psoc creator/4.4/psoc creator/import/gnu/arm/5.4.1/bin/../lib/gcc/arm-none-eabi/5.4.1/armv7-m/crtend.o
 *(.got.plt)
 *(.got)
 *(.shdata)
 *(.data .data.* .gnu.linkonce.d.*)