Archive member included to satisfy reference by file (symbol)

.\CortexM3\ARM_GCC_541\Debug\Waveforms.a(Waveform_Send.o)
                              .\CortexM3\ARM_GCC_541\Debug\main.o (Waveform_Send_ReadStatusRegister)
.\CortexM3\ARM_GCC_541\Debug\Waveforms.a(Fs.o)
                              .\CortexM3\ARM_GCC_541\Debug\main.o (Fs_Write)
.\CortexM3\ARM_GCC_541\Debug\Waveforms.a(Wave_Out.o)
                              .\CortexM3\ARM_GCC_541\Debug\main.o (Wave_Out_Start)
.\CortexM3\ARM_GCC_541\Debug\Waveforms.a(Wave_Out_DMA_dma.o)
                              .\CortexM3\ARM_GCC_541\Debug\Waveforms.a(Wave_Out.o) (Wave_Out_DMA_DmaInitialize)
.\CortexM3\ARM_GCC_541\Debug\Waveforms.a(Wave_Out_VDAC8.o)
                              .\CortexM3\ARM_GCC_541\Debug\Waveforms.a(Wave_Out.o) (Wave_Out_VDAC8_Enable)
.\CortexM3\ARM_GCC_541\Debug\Waveforms.a(Wave_Out_IntClock.o)
                              .\CortexM3\ARM_GCC_541\Debug\Waveforms.a(Wave_Out.o) (Wave_Out_IntClock_Start)
.\CortexM3\ARM_GCC_541\Debug\Waveforms.a(CyDmac.o)
                              .\CortexM3\ARM_GCC_541\Debug\Cm3Start.o (CyDmacConfigure)
.\CortexM3\ARM_GCC_541\Debug\Waveforms.a(CyLib.o)
                              .\CortexM3\ARM_GCC_541\Debug\Cm3Start.o (CyHalt)
.\CortexM3\ARM_GCC_541\Debug\Waveforms.a(cyPm.o)
                              .\CortexM3\ARM_GCC_541\Debug\Waveforms.a(CyLib.o) (CyPmReadStatus)
.\CortexM3\ARM_GCC_541\Debug\Waveforms.a(Waveform_ISR.o)
                              .\CortexM3\ARM_GCC_541\Debug\main.o (Waveform_ISR_StartEx)
.\CortexM3\ARM_GCC_541\Debug\Waveforms.a(DACBuffer.o)
                              .\CortexM3\ARM_GCC_541\Debug\main.o (DACBuffer_Start)
.\CortexM3\ARM_GCC_541\Debug\Waveforms.a(CyBootAsmGnu.o)
                              .\CortexM3\ARM_GCC_541\Debug\cyfitter_cfg.o (CyDelayCycles)
.\CortexM3\ARM_GCC_541\Debug\Waveforms.a(CyFlash.o)
                              .\CortexM3\ARM_GCC_541\Debug\Waveforms.a(cyPm.o) (CyFlash_SetWaitCycles)
.\CortexM3\ARM_GCC_541\Debug\Waveforms.a(CySpc.o)
                              .\CortexM3\ARM_GCC_541\Debug\Waveforms.a(CyFlash.o) (CySpcStart)
c:/program files (x86)/cypress/psoc creator/4.4/psoc creator/import/gnu/arm/5.4.1/bin/../lib/gcc/arm-none-eabi/5.4.1/../../../../arm-none-eabi/lib/armv7-m\libg_nano.a(lib_a-errno.o)
                              .\CortexM3\ARM_GCC_541\Debug\Cm3Start.o (__errno)
c:/program files (x86)/cypress/psoc creator/4.4/psoc creator/import/gnu/arm/5.4.1/bin/../lib/gcc/arm-none-eabi/5.4.1/../../../../arm-none-eabi/lib/armv7-m\libg_nano.a(lib_a-exit.o)
                              c:/program files (x86)/cypress/psoc creator/4.4/psoc creator/import/gnu/arm/5.4.1/bin/../lib/gcc/arm-none-eabi/5.4.1/../../../../arm-none-eabi/lib/armv7-m/crt0.o (exit)
c:/program files (x86)/cypress/psoc creator/4.4/psoc creator/import/gnu/arm/5.4.1/bin/../lib/gcc/arm-none-eabi/5.4.1/../../../../arm-none-eabi/lib/armv7-m\libg_nano.a(lib_a-impure.o)
                              c:/program files (x86)/cypress/psoc creator/4.4/psoc creator/import/gnu/arm/5.4.1/bin/../lib/gcc/arm-none-eabi/5.4.1/../../../../arm-none-eabi/lib/armv7-m\libg_nano.a(lib_a-exit.o) (_global_impure_ptr)
c:/program files (x86)/cypress/psoc creator/4.4/psoc creator/import/gnu/arm/5.4.1/bin/../lib/gcc/arm-none-eabi/5.4.1/../../../../arm-none-eabi/lib/armv7-m\libg_nano.a(lib_a-init.o)
                              c:/program files (x86)/cypress/psoc creator/4.4/psoc creator/import/gnu/arm/5.4.1/bin/../lib/gcc/arm-none-eabi/5.4.1/../../../../arm-none-eabi/lib/armv7-m/crt0.o (__libc_init_array)
c:/program files (x86)/cypress/psoc creator/4.4/psoc creator/import/gnu/arm/5.4.1/bin/../lib/gcc/arm-none-eabi/5.4.1/../../../../arm-none-eabi/lib/armv7-m\libg_nano.a(lib_a-memcpy-stub.o)
                              .\CortexM3\ARM_GCC_541\Debug\cyfitter_cfg.o (memcpy)
c:/program files (x86)/cypress/psoc creator/4.4/psoc creator/import/gnu/arm/5.4.1/bin/../lib/gcc/arm-none-eabi/5.4.1/../../../../arm-none-eabi/lib/armv7-m\libg_nano.a(lib_a-memset.o)
                              c:/program files (x86)/cypress/psoc creator/4.4/psoc creator/import/gnu/arm/5.4.1/bin/../lib/gcc/arm-none-eabi/5.4.1/../../../../arm-none-eabi/lib/armv7-m/crt0.o (memset)

Allocating common symbols
Common symbol       size              file

dieTemperature      0x2               .\CortexM3\ARM_GCC_541\Debug\Waveforms.a(CyFlash.o)

Discarded input sections

 .text          0x00000000        0x0 c:/program files (x86)/cypress/psoc creator/4.4/psoc creator/import/gnu/arm/5.4.1/bin/../lib/gcc/arm-none-eabi/5.4.1/armv7-m/crti.o
 .data          0x00000000        0x0 c:/program files (x86)/cypress/psoc creator/4.4/psoc creator/import/gnu/arm/5.4.1/bin/../lib/gcc/arm-none-eabi/5.4.1/armv7-m/crti.o
 .bss           0x00000000        0x0 c:/program files (x86)/cypress/psoc creator/4.4/psoc creator/import/gnu/arm/5.4.1/bin/../lib/gcc/arm-none-eabi/5.4.1/armv7-m/crti.o
 .data          0x00000000        0x4 c:/program files (x86)/cypress/psoc creator/4.4/psoc creator/import/gnu/arm/5.4.1/bin/../lib/gcc/arm-none-eabi/5.4.1/armv7-m/crtbegin.o
 .text          0x00000000       0x74 c:/program files (x86)/cypress/psoc creator/4.4/psoc creator/import/gnu/arm/5.4.1/bin/../lib/gcc/arm-none-eabi/5.4.1/../../../../arm-none-eabi/lib/armv7-m/crt0.o
 .data          0x00000000        0x0 c:/program files (x86)/cypress/psoc creator/4.4/psoc creator/import/gnu/arm/5.4.1/bin/../lib/gcc/arm-none-eabi/5.4.1/../../../../arm-none-eabi/lib/armv7-m/crt0.o
 .bss           0x00000000        0x0 c:/program files (x86)/cypress/psoc creator/4.4/psoc creator/import/gnu/arm/5.4.1/bin/../lib/gcc/arm-none-eabi/5.4.1/../../../../arm-none-eabi/lib/armv7-m/crt0.o
 .ARM.extab     0x00000000        0x0 c:/program files (x86)/cypress/psoc creator/4.4/psoc creator/import/gnu/arm/5.4.1/bin/../lib/gcc/arm-none-eabi/5.4.1/../../../../arm-none-eabi/lib/armv7-m/crt0.o
 .ARM.exidx     0x00000000        0x8 c:/program files (x86)/cypress/psoc creator/4.4/psoc creator/import/gnu/arm/5.4.1/bin/../lib/gcc/arm-none-eabi/5.4.1/../../../../arm-none-eabi/lib/armv7-m/crt0.o
 .text          0x00000000        0x0 .\CortexM3\ARM_GCC_541\Debug\main.o
 .text          0x00000000        0x0 .\CortexM3\ARM_GCC_541\Debug\waveforms.o
 .text          0x00000000        0x0 .\CortexM3\ARM_GCC_541\Debug\cyfitter_cfg.o
 .data          0x00000000        0x0 .\CortexM3\ARM_GCC_541\Debug\cyfitter_cfg.o
 .bss           0x00000000        0x0 .\CortexM3\ARM_GCC_541\Debug\cyfitter_cfg.o
 .text.SetAnalogRoutingPumps
                0x00000000       0x1c .\CortexM3\ARM_GCC_541\Debug\cyfitter_cfg.o
 .text          0x00000000        0x0 .\CortexM3\ARM_GCC_541\Debug\cymetadata.o
 .data          0x00000000        0x0 .\CortexM3\ARM_GCC_541\Debug\cymetadata.o
 .bss           0x00000000        0x0 .\CortexM3\ARM_GCC_541\Debug\cymetadata.o
 .text          0x00000000        0x0 .\CortexM3\ARM_GCC_541\Debug\Cm3Start.o
 .data          0x00000000        0x4 .\CortexM3\ARM_GCC_541\Debug\Cm3Start.o
 .bss           0x00000000        0x0 .\CortexM3\ARM_GCC_541\Debug\Cm3Start.o
 .text._exit    0x00000000        0xc .\CortexM3\ARM_GCC_541\Debug\Cm3Start.o
 .text._sbrk    0x00000000       0x30 .\CortexM3\ARM_GCC_541\Debug\Cm3Start.o
 .text          0x00000000        0x0 .\CortexM3\ARM_GCC_541\Debug\Waveforms.a(Waveform_Send.o)
 .data          0x00000000        0x0 .\CortexM3\ARM_GCC_541\Debug\Waveforms.a(Waveform_Send.o)
 .text.Waveform_Send_Stop
                0x00000000       0x28 .\CortexM3\ARM_GCC_541\Debug\Waveforms.a(Waveform_Send.o)
 .text.Waveform_Send_SoftwareCapture
                0x00000000        0xc .\CortexM3\ARM_GCC_541\Debug\Waveforms.a(Waveform_Send.o)
 .text.Waveform_Send_ReadControlRegister
                0x00000000        0xc .\CortexM3\ARM_GCC_541\Debug\Waveforms.a(Waveform_Send.o)
 .text.Waveform_Send_WriteControlRegister
                0x00000000        0xc .\CortexM3\ARM_GCC_541\Debug\Waveforms.a(Waveform_Send.o)
 .text.Waveform_Send_ReadPeriod
                0x00000000        0xc .\CortexM3\ARM_GCC_541\Debug\Waveforms.a(Waveform_Send.o)
 .text.Waveform_Send_ReadCapture
                0x00000000        0xc .\CortexM3\ARM_GCC_541\Debug\Waveforms.a(Waveform_Send.o)
 .text.Waveform_Send_ReadCounter
                0x00000000       0x14 .\CortexM3\ARM_GCC_541\Debug\Waveforms.a(Waveform_Send.o)
 .text          0x00000000        0x0 .\CortexM3\ARM_GCC_541\Debug\Waveforms.a(Fs.o)
 .data          0x00000000        0x0 .\CortexM3\ARM_GCC_541\Debug\Waveforms.a(Fs.o)
 .bss           0x00000000        0x0 .\CortexM3\ARM_GCC_541\Debug\Waveforms.a(Fs.o)
 .text.Fs_SetDriveMode
                0x00000000       0x18 .\CortexM3\ARM_GCC_541\Debug\Waveforms.a(Fs.o)
 .text.Fs_ReadDataReg
                0x00000000       0x10 .\CortexM3\ARM_GCC_541\Debug\Waveforms.a(Fs.o)
 .text          0x00000000        0x0 .\CortexM3\ARM_GCC_541\Debug\Waveforms.a(Wave_Out.o)
 .text.Wave_Out_Stop
                0x00000000       0x18 .\CortexM3\ARM_GCC_541\Debug\Waveforms.a(Wave_Out.o)
 .text          0x00000000        0x0 .\CortexM3\ARM_GCC_541\Debug\Waveforms.a(Wave_Out_DMA_dma.o)
 .bss           0x00000000        0x0 .\CortexM3\ARM_GCC_541\Debug\Waveforms.a(Wave_Out_DMA_dma.o)
 .text.Wave_Out_DMA_DmaRelease
                0x00000000       0x10 .\CortexM3\ARM_GCC_541\Debug\Waveforms.a(Wave_Out_DMA_dma.o)
 .text          0x00000000        0x0 .\CortexM3\ARM_GCC_541\Debug\Waveforms.a(Wave_Out_VDAC8.o)
 .data          0x00000000        0x0 .\CortexM3\ARM_GCC_541\Debug\Waveforms.a(Wave_Out_VDAC8.o)
 .bss           0x00000000        0x1 .\CortexM3\ARM_GCC_541\Debug\Waveforms.a(Wave_Out_VDAC8.o)
 .text.Wave_Out_VDAC8_Stop
                0x00000000       0x1c .\CortexM3\ARM_GCC_541\Debug\Waveforms.a(Wave_Out_VDAC8.o)
 .text.Wave_Out_VDAC8_SetValue
                0x00000000        0xc .\CortexM3\ARM_GCC_541\Debug\Waveforms.a(Wave_Out_VDAC8.o)
 .text.Wave_Out_VDAC8_Start
                0x00000000       0x24 .\CortexM3\ARM_GCC_541\Debug\Waveforms.a(Wave_Out_VDAC8.o)
 .text          0x00000000        0x0 .\CortexM3\ARM_GCC_541\Debug\Waveforms.a(Wave_Out_IntClock.o)
 .data          0x00000000        0x0 .\CortexM3\ARM_GCC_541\Debug\Waveforms.a(Wave_Out_IntClock.o)
 .bss           0x00000000        0x0 .\CortexM3\ARM_GCC_541\Debug\Waveforms.a(Wave_Out_IntClock.o)
 .text.Wave_Out_IntClock_Stop
                0x00000000       0x1c .\CortexM3\ARM_GCC_541\Debug\Waveforms.a(Wave_Out_IntClock.o)
 .text.Wave_Out_IntClock_StopBlock
                0x00000000       0x6c .\CortexM3\ARM_GCC_541\Debug\Waveforms.a(Wave_Out_IntClock.o)
 .text.Wave_Out_IntClock_StandbyPower
                0x00000000       0x20 .\CortexM3\ARM_GCC_541\Debug\Waveforms.a(Wave_Out_IntClock.o)
 .text.Wave_Out_IntClock_GetDividerRegister
                0x00000000        0xc .\CortexM3\ARM_GCC_541\Debug\Waveforms.a(Wave_Out_IntClock.o)
 .text.Wave_Out_IntClock_SetModeRegister
                0x00000000       0x14 .\CortexM3\ARM_GCC_541\Debug\Waveforms.a(Wave_Out_IntClock.o)
 .text.Wave_Out_IntClock_ClearModeRegister
                0x00000000       0x18 .\CortexM3\ARM_GCC_541\Debug\Waveforms.a(Wave_Out_IntClock.o)
 .text.Wave_Out_IntClock_GetModeRegister
                0x00000000       0x10 .\CortexM3\ARM_GCC_541\Debug\Waveforms.a(Wave_Out_IntClock.o)
 .text.Wave_Out_IntClock_GetSourceRegister
                0x00000000       0x10 .\CortexM3\ARM_GCC_541\Debug\Waveforms.a(Wave_Out_IntClock.o)
 .text.Wave_Out_IntClock_SetDividerRegister
                0x00000000       0xd8 .\CortexM3\ARM_GCC_541\Debug\Waveforms.a(Wave_Out_IntClock.o)
 .text.Wave_Out_IntClock_SetSourceRegister
                0x00000000       0x5c .\CortexM3\ARM_GCC_541\Debug\Waveforms.a(Wave_Out_IntClock.o)
 .text          0x00000000        0x0 .\CortexM3\ARM_GCC_541\Debug\Waveforms.a(CyDmac.o)
 .bss           0x00000000        0x0 .\CortexM3\ARM_GCC_541\Debug\Waveforms.a(CyDmac.o)
 .text.CyDmacError
                0x00000000       0x10 .\CortexM3\ARM_GCC_541\Debug\Waveforms.a(CyDmac.o)
 .text.CyDmacClearError
                0x00000000       0x10 .\CortexM3\ARM_GCC_541\Debug\Waveforms.a(CyDmac.o)
 .text.CyDmacErrorAddress
                0x00000000        0xc .\CortexM3\ARM_GCC_541\Debug\Waveforms.a(CyDmac.o)
 .text.CyDmaChAlloc
                0x00000000       0x38 .\CortexM3\ARM_GCC_541\Debug\Waveforms.a(CyDmac.o)
 .text.CyDmaChFree
                0x00000000       0x2c .\CortexM3\ARM_GCC_541\Debug\Waveforms.a(CyDmac.o)
 .text.CyDmaChDisable
                0x00000000       0x24 .\CortexM3\ARM_GCC_541\Debug\Waveforms.a(CyDmac.o)
 .text.CyDmaClearPendingDrq
                0x00000000       0x28 .\CortexM3\ARM_GCC_541\Debug\Waveforms.a(CyDmac.o)
 .text.CyDmaChSetRequest
                0x00000000       0x20 .\CortexM3\ARM_GCC_541\Debug\Waveforms.a(CyDmac.o)
 .text.CyDmaChGetRequest
                0x00000000       0x1c .\CortexM3\ARM_GCC_541\Debug\Waveforms.a(CyDmac.o)
 .text.CyDmaChStatus
                0x00000000       0x30 .\CortexM3\ARM_GCC_541\Debug\Waveforms.a(CyDmac.o)
 .text.CyDmaTdFree
                0x00000000       0x34 .\CortexM3\ARM_GCC_541\Debug\Waveforms.a(CyDmac.o)
 .text.CyDmaTdFreeCount
                0x00000000       0x10 .\CortexM3\ARM_GCC_541\Debug\Waveforms.a(CyDmac.o)
 .text.CyDmaTdGetConfiguration
                0x00000000       0x4c .\CortexM3\ARM_GCC_541\Debug\Waveforms.a(CyDmac.o)
 .text.CyDmaTdGetAddress
                0x00000000       0x34 .\CortexM3\ARM_GCC_541\Debug\Waveforms.a(CyDmac.o)
 .text.CyDmaChRoundRobin
                0x00000000       0x30 .\CortexM3\ARM_GCC_541\Debug\Waveforms.a(CyDmac.o)
 .text          0x00000000        0x0 .\CortexM3\ARM_GCC_541\Debug\Waveforms.a(CyLib.o)
 .bss           0x00000000       0x1c .\CortexM3\ARM_GCC_541\Debug\Waveforms.a(CyLib.o)
 .text.CyUSB_PowerOnCheck
                0x00000000       0x48 .\CortexM3\ARM_GCC_541\Debug\Waveforms.a(CyLib.o)
 .text.CyBusClk_Internal_SetDivider
                0x00000000       0x48 .\CortexM3\ARM_GCC_541\Debug\Waveforms.a(CyLib.o)
 .text.CyPLL_OUT_Stop
                0x00000000       0x10 .\CortexM3\ARM_GCC_541\Debug\Waveforms.a(CyLib.o)
 .text.CyIMO_Stop
                0x00000000       0x1c .\CortexM3\ARM_GCC_541\Debug\Waveforms.a(CyLib.o)
 .text.CyIMO_EnableDoubler
                0x00000000       0x10 .\CortexM3\ARM_GCC_541\Debug\Waveforms.a(CyLib.o)
 .text.CyIMO_DisableDoubler
                0x00000000       0x10 .\CortexM3\ARM_GCC_541\Debug\Waveforms.a(CyLib.o)
 .text.CyMasterClk_SetSource
                0x00000000       0x18 .\CortexM3\ARM_GCC_541\Debug\Waveforms.a(CyLib.o)
 .text.CyMasterClk_SetDivider
                0x00000000        0xc .\CortexM3\ARM_GCC_541\Debug\Waveforms.a(CyLib.o)
 .text.CyBusClk_SetDivider
                0x00000000       0x70 .\CortexM3\ARM_GCC_541\Debug\Waveforms.a(CyLib.o)
 .text.CyUsbClk_SetSource
                0x00000000       0x18 .\CortexM3\ARM_GCC_541\Debug\Waveforms.a(CyLib.o)
 .text.CyILO_Start1K
                0x00000000       0x10 .\CortexM3\ARM_GCC_541\Debug\Waveforms.a(CyLib.o)
 .text.CyILO_Stop1K
                0x00000000       0x10 .\CortexM3\ARM_GCC_541\Debug\Waveforms.a(CyLib.o)
 .text.CyILO_Start100K
                0x00000000       0x10 .\CortexM3\ARM_GCC_541\Debug\Waveforms.a(CyLib.o)
 .text.CyILO_Stop100K
                0x00000000       0x10 .\CortexM3\ARM_GCC_541\Debug\Waveforms.a(CyLib.o)
 .text.CyPLL_OUT_Start
                0x00000000       0x78 .\CortexM3\ARM_GCC_541\Debug\Waveforms.a(CyLib.o)
 .text.CyIMO_Start
                0x00000000       0x60 .\CortexM3\ARM_GCC_541\Debug\Waveforms.a(CyLib.o)
 .text.CyILO_Enable33K
                0x00000000       0x10 .\CortexM3\ARM_GCC_541\Debug\Waveforms.a(CyLib.o)
 .text.CyILO_Disable33K
                0x00000000       0x10 .\CortexM3\ARM_GCC_541\Debug\Waveforms.a(CyLib.o)
 .text.CyILO_SetSource
                0x00000000       0x18 .\CortexM3\ARM_GCC_541\Debug\Waveforms.a(CyLib.o)
 .text.CyILO_SetPowerMode
                0x00000000       0x24 .\CortexM3\ARM_GCC_541\Debug\Waveforms.a(CyLib.o)
 .text.CyXTAL_32KHZ_Stop
                0x00000000       0x30 .\CortexM3\ARM_GCC_541\Debug\Waveforms.a(CyLib.o)
 .text.CyXTAL_32KHZ_ReadStatus
                0x00000000       0x10 .\CortexM3\ARM_GCC_541\Debug\Waveforms.a(CyLib.o)
 .text.CyXTAL_Start
                0x00000000       0xac .\CortexM3\ARM_GCC_541\Debug\Waveforms.a(CyLib.o)
 .text.CyXTAL_Stop
                0x00000000       0x10 .\CortexM3\ARM_GCC_541\Debug\Waveforms.a(CyLib.o)
 .text.CyXTAL_EnableErrStatus
                0x00000000       0x10 .\CortexM3\ARM_GCC_541\Debug\Waveforms.a(CyLib.o)
 .text.CyXTAL_DisableErrStatus
                0x00000000       0x10 .\CortexM3\ARM_GCC_541\Debug\Waveforms.a(CyLib.o)
 .text.CyXTAL_ReadStatus
                0x00000000       0x18 .\CortexM3\ARM_GCC_541\Debug\Waveforms.a(CyLib.o)
 .text.CyXTAL_EnableFaultRecovery
                0x00000000       0x10 .\CortexM3\ARM_GCC_541\Debug\Waveforms.a(CyLib.o)
 .text.CyXTAL_DisableFaultRecovery
                0x00000000       0x10 .\CortexM3\ARM_GCC_541\Debug\Waveforms.a(CyLib.o)
 .text.CyXTAL_SetStartup
                0x00000000       0x18 .\CortexM3\ARM_GCC_541\Debug\Waveforms.a(CyLib.o)
 .text.CyXTAL_SetFbVoltage
                0x00000000       0x18 .\CortexM3\ARM_GCC_541\Debug\Waveforms.a(CyLib.o)
 .text.CyXTAL_SetWdVoltage
                0x00000000       0x18 .\CortexM3\ARM_GCC_541\Debug\Waveforms.a(CyLib.o)
 .text.CyPLL_OUT_SetPQ
                0x00000000       0x60 .\CortexM3\ARM_GCC_541\Debug\Waveforms.a(CyLib.o)
 .text.CyPLL_OUT_SetSource
                0x00000000       0x34 .\CortexM3\ARM_GCC_541\Debug\Waveforms.a(CyLib.o)
 .text.CyIMO_SetTrimValue
                0x00000000       0xcc .\CortexM3\ARM_GCC_541\Debug\Waveforms.a(CyLib.o)
 .text.CyIMO_SetFreq
                0x00000000       0xf4 .\CortexM3\ARM_GCC_541\Debug\Waveforms.a(CyLib.o)
 .text.CyIMO_SetSource
                0x00000000       0x58 .\CortexM3\ARM_GCC_541\Debug\Waveforms.a(CyLib.o)
 .text.CySoftwareReset
                0x00000000       0x10 .\CortexM3\ARM_GCC_541\Debug\Waveforms.a(CyLib.o)
 .text.CyDelayUs
                0x00000000       0x14 .\CortexM3\ARM_GCC_541\Debug\Waveforms.a(CyLib.o)
 .text.CyXTAL_32KHZ_SetPowerMode
                0x00000000       0x84 .\CortexM3\ARM_GCC_541\Debug\Waveforms.a(CyLib.o)
 .text.CyXTAL_32KHZ_Start
                0x00000000       0x74 .\CortexM3\ARM_GCC_541\Debug\Waveforms.a(CyLib.o)
 .text.CyDelayFreq
                0x00000000       0x4c .\CortexM3\ARM_GCC_541\Debug\Waveforms.a(CyLib.o)
 .text.CyWdtStart
                0x00000000       0x40 .\CortexM3\ARM_GCC_541\Debug\Waveforms.a(CyLib.o)
 .text.CyWdtClear
                0x00000000        0xc .\CortexM3\ARM_GCC_541\Debug\Waveforms.a(CyLib.o)
 .text.CyVdStickyStatus
                0x00000000       0x2c .\CortexM3\ARM_GCC_541\Debug\Waveforms.a(CyLib.o)
 .text.CyVdLvDigitEnable
                0x00000000       0x84 .\CortexM3\ARM_GCC_541\Debug\Waveforms.a(CyLib.o)
 .text.CyVdLvAnalogEnable
                0x00000000       0x80 .\CortexM3\ARM_GCC_541\Debug\Waveforms.a(CyLib.o)
 .text.CyVdLvDigitDisable
                0x00000000       0x30 .\CortexM3\ARM_GCC_541\Debug\Waveforms.a(CyLib.o)
 .text.CyVdLvAnalogDisable
                0x00000000       0x28 .\CortexM3\ARM_GCC_541\Debug\Waveforms.a(CyLib.o)
 .text.CyVdHvAnalogEnable
                0x00000000       0x54 .\CortexM3\ARM_GCC_541\Debug\Waveforms.a(CyLib.o)
 .text.CyVdHvAnalogDisable
                0x00000000       0x20 .\CortexM3\ARM_GCC_541\Debug\Waveforms.a(CyLib.o)
 .text.CyVdRealTimeStatus
                0x00000000       0x1c .\CortexM3\ARM_GCC_541\Debug\Waveforms.a(CyLib.o)
 .text.CyDisableInts
                0x00000000       0x1c .\CortexM3\ARM_GCC_541\Debug\Waveforms.a(CyLib.o)
 .text.CyEnableInts
                0x00000000       0x18 .\CortexM3\ARM_GCC_541\Debug\Waveforms.a(CyLib.o)
 .text.CyFlushCache
                0x00000000       0x44 .\CortexM3\ARM_GCC_541\Debug\Waveforms.a(CyLib.o)
 .text.CyIntSetSysVector
                0x00000000       0x28 .\CortexM3\ARM_GCC_541\Debug\Waveforms.a(CyLib.o)
 .text.CyIntGetSysVector
                0x00000000       0x20 .\CortexM3\ARM_GCC_541\Debug\Waveforms.a(CyLib.o)
 .text.CyIntSetVector
                0x00000000       0x28 .\CortexM3\ARM_GCC_541\Debug\Waveforms.a(CyLib.o)
 .text.CyIntGetVector
                0x00000000       0x24 .\CortexM3\ARM_GCC_541\Debug\Waveforms.a(CyLib.o)
 .text.CyIntSetPriority
                0x00000000       0x30 .\CortexM3\ARM_GCC_541\Debug\Waveforms.a(CyLib.o)
 .text.CyIntGetPriority
                0x00000000       0x20 .\CortexM3\ARM_GCC_541\Debug\Waveforms.a(CyLib.o)
 .text.CyIntGetState
                0x00000000       0x24 .\CortexM3\ARM_GCC_541\Debug\Waveforms.a(CyLib.o)
 .text.CySysTickStop
                0x00000000       0x10 .\CortexM3\ARM_GCC_541\Debug\Waveforms.a(CyLib.o)
 .text.CySysTickEnableInterrupt
                0x00000000       0x10 .\CortexM3\ARM_GCC_541\Debug\Waveforms.a(CyLib.o)
 .text.CySysTickEnable
                0x00000000       0x18 .\CortexM3\ARM_GCC_541\Debug\Waveforms.a(CyLib.o)
 .text.CySysTickDisableInterrupt
                0x00000000       0x10 .\CortexM3\ARM_GCC_541\Debug\Waveforms.a(CyLib.o)
 .text.CySysTickSetReload
                0x00000000       0x10 .\CortexM3\ARM_GCC_541\Debug\Waveforms.a(CyLib.o)
 .text.CySysTickGetReload
                0x00000000       0x10 .\CortexM3\ARM_GCC_541\Debug\Waveforms.a(CyLib.o)
 .text.CySysTickGetValue
                0x00000000       0x10 .\CortexM3\ARM_GCC_541\Debug\Waveforms.a(CyLib.o)
 .text.CySysTickSetClockSource
                0x00000000       0x20 .\CortexM3\ARM_GCC_541\Debug\Waveforms.a(CyLib.o)
 .text.CySysTickGetClockSource
                0x00000000       0x10 .\CortexM3\ARM_GCC_541\Debug\Waveforms.a(CyLib.o)
 .text.CySysTickGetCountFlag
                0x00000000       0x10 .\CortexM3\ARM_GCC_541\Debug\Waveforms.a(CyLib.o)
 .text.CySysTickServiceCallbacks
                0x00000000       0x28 .\CortexM3\ARM_GCC_541\Debug\Waveforms.a(CyLib.o)
 .text.CySysTickClear
                0x00000000        0xc .\CortexM3\ARM_GCC_541\Debug\Waveforms.a(CyLib.o)
 .text.CySysTickInit
                0x00000000       0x58 .\CortexM3\ARM_GCC_541\Debug\Waveforms.a(CyLib.o)
 .text.CySysTickStart
                0x00000000       0x1c .\CortexM3\ARM_GCC_541\Debug\Waveforms.a(CyLib.o)
 .text.CySysTickSetCallback
                0x00000000       0x10 .\CortexM3\ARM_GCC_541\Debug\Waveforms.a(CyLib.o)
 .text.CySysTickGetCallback
                0x00000000       0x10 .\CortexM3\ARM_GCC_541\Debug\Waveforms.a(CyLib.o)
 .text.CyGetUniqueId
                0x00000000       0x70 .\CortexM3\ARM_GCC_541\Debug\Waveforms.a(CyLib.o)
 .text          0x00000000        0x0 .\CortexM3\ARM_GCC_541\Debug\Waveforms.a(cyPm.o)
 .data          0x00000000        0x0 .\CortexM3\ARM_GCC_541\Debug\Waveforms.a(cyPm.o)
 .bss           0x00000000       0x43 .\CortexM3\ARM_GCC_541\Debug\Waveforms.a(cyPm.o)
 .text.CyPmHibSlpSaveSet
                0x00000000      0x1dc .\CortexM3\ARM_GCC_541\Debug\Waveforms.a(cyPm.o)
 .text.CyPmHibSlpRestore
                0x00000000       0xd8 .\CortexM3\ARM_GCC_541\Debug\Waveforms.a(cyPm.o)
 .text.CyPmHviLviSaveDisable
                0x00000000       0xa0 .\CortexM3\ARM_GCC_541\Debug\Waveforms.a(cyPm.o)
 .text.CyPmHibSaveSet
                0x00000000       0x98 .\CortexM3\ARM_GCC_541\Debug\Waveforms.a(cyPm.o)
 .text.CyPmHviLviRestore
                0x00000000       0x48 .\CortexM3\ARM_GCC_541\Debug\Waveforms.a(cyPm.o)
 .text.CyPmHibRestore
                0x00000000       0x60 .\CortexM3\ARM_GCC_541\Debug\Waveforms.a(cyPm.o)
 .text.CyPmSaveClocks
                0x00000000      0x218 .\CortexM3\ARM_GCC_541\Debug\Waveforms.a(cyPm.o)
 .text.CyPmRestoreClocks
                0x00000000      0x24c .\CortexM3\ARM_GCC_541\Debug\Waveforms.a(cyPm.o)
 .text.CyPmAltAct
                0x00000000       0x6c .\CortexM3\ARM_GCC_541\Debug\Waveforms.a(cyPm.o)
 .text.CyPmSleep
                0x00000000       0xf4 .\CortexM3\ARM_GCC_541\Debug\Waveforms.a(cyPm.o)
 .text.CyPmHibernateEx
                0x00000000       0xf4 .\CortexM3\ARM_GCC_541\Debug\Waveforms.a(cyPm.o)
 .text.CyPmHibernate
                0x00000000        0xc .\CortexM3\ARM_GCC_541\Debug\Waveforms.a(cyPm.o)
 .text.CyPmReadStatus
                0x00000000       0x30 .\CortexM3\ARM_GCC_541\Debug\Waveforms.a(cyPm.o)
 .text.CyPmCtwSetInterval
                0x00000000       0x5c .\CortexM3\ARM_GCC_541\Debug\Waveforms.a(cyPm.o)
 .text.CyPmOppsSet
                0x00000000       0x2c .\CortexM3\ARM_GCC_541\Debug\Waveforms.a(cyPm.o)
 .text.CyPmFtwSetInterval
                0x00000000       0x5c .\CortexM3\ARM_GCC_541\Debug\Waveforms.a(cyPm.o)
 .rodata        0x00000000        0xf .\CortexM3\ARM_GCC_541\Debug\Waveforms.a(cyPm.o)
 .text          0x00000000        0x0 .\CortexM3\ARM_GCC_541\Debug\Waveforms.a(Waveform_ISR.o)
 .data          0x00000000        0x0 .\CortexM3\ARM_GCC_541\Debug\Waveforms.a(Waveform_ISR.o)
 .bss           0x00000000        0x0 .\CortexM3\ARM_GCC_541\Debug\Waveforms.a(Waveform_ISR.o)
 .text.Waveform_ISR_Interrupt
                0x00000000        0x4 .\CortexM3\ARM_GCC_541\Debug\Waveforms.a(Waveform_ISR.o)
 .text.Waveform_ISR_GetVector
                0x00000000       0x10 .\CortexM3\ARM_GCC_541\Debug\Waveforms.a(Waveform_ISR.o)
 .text.Waveform_ISR_GetPriority
                0x00000000        0xc .\CortexM3\ARM_GCC_541\Debug\Waveforms.a(Waveform_ISR.o)
 .text.Waveform_ISR_GetState
                0x00000000       0x18 .\CortexM3\ARM_GCC_541\Debug\Waveforms.a(Waveform_ISR.o)
 .text.Waveform_ISR_Start
                0x00000000       0x1c .\CortexM3\ARM_GCC_541\Debug\Waveforms.a(Waveform_ISR.o)
 .text.Waveform_ISR_Stop
                0x00000000       0x14 .\CortexM3\ARM_GCC_541\Debug\Waveforms.a(Waveform_ISR.o)
 .text.Waveform_ISR_SetPending
                0x00000000       0x10 .\CortexM3\ARM_GCC_541\Debug\Waveforms.a(Waveform_ISR.o)
 .text.Waveform_ISR_ClearPending
                0x00000000       0x10 .\CortexM3\ARM_GCC_541\Debug\Waveforms.a(Waveform_ISR.o)
 .text          0x00000000        0x0 .\CortexM3\ARM_GCC_541\Debug\Waveforms.a(DACBuffer.o)
 .data          0x00000000        0x0 .\CortexM3\ARM_GCC_541\Debug\Waveforms.a(DACBuffer.o)
 .text.DACBuffer_Stop
                0x00000000       0x34 .\CortexM3\ARM_GCC_541\Debug\Waveforms.a(DACBuffer.o)
 .data          0x00000000        0x0 .\CortexM3\ARM_GCC_541\Debug\Waveforms.a(CyBootAsmGnu.o)
 .bss           0x00000000        0x0 .\CortexM3\ARM_GCC_541\Debug\Waveforms.a(CyBootAsmGnu.o)
 .text          0x00000000        0x0 .\CortexM3\ARM_GCC_541\Debug\Waveforms.a(CyFlash.o)
 .data          0x00000000        0x0 .\CortexM3\ARM_GCC_541\Debug\Waveforms.a(CyFlash.o)
 .bss           0x00000000        0x0 .\CortexM3\ARM_GCC_541\Debug\Waveforms.a(CyFlash.o)
 .text.CySetTempInt
                0x00000000       0x60 .\CortexM3\ARM_GCC_541\Debug\Waveforms.a(CyFlash.o)
 .text.CyFlash_Start
                0x00000000       0x54 .\CortexM3\ARM_GCC_541\Debug\Waveforms.a(CyFlash.o)
 .text.CyFlash_Stop
                0x00000000       0x24 .\CortexM3\ARM_GCC_541\Debug\Waveforms.a(CyFlash.o)
 .text.CyFlash_EraseRow
                0x00000000       0x78 .\CortexM3\ARM_GCC_541\Debug\Waveforms.a(CyFlash.o)
 .text.CyFlashGetSpcAlgorithm
                0x00000000       0x4c .\CortexM3\ARM_GCC_541\Debug\Waveforms.a(CyFlash.o)
 .text.CySetTemp
                0x00000000       0x14 .\CortexM3\ARM_GCC_541\Debug\Waveforms.a(CyFlash.o)
 .text.CySetFlashEEBuffer
                0x00000000       0x20 .\CortexM3\ARM_GCC_541\Debug\Waveforms.a(CyFlash.o)
 .text.CyWriteRowFull
                0x00000000       0xf8 .\CortexM3\ARM_GCC_541\Debug\Waveforms.a(CyFlash.o)
 .text.CyWriteRowData
                0x00000000       0x14 .\CortexM3\ARM_GCC_541\Debug\Waveforms.a(CyFlash.o)
 .text.CyFlash_SetWaitCycles
                0x00000000       0x7c .\CortexM3\ARM_GCC_541\Debug\Waveforms.a(CyFlash.o)
 .text.CyEEPROM_Start
                0x00000000       0x54 .\CortexM3\ARM_GCC_541\Debug\Waveforms.a(CyFlash.o)
 .text.CyEEPROM_Stop
                0x00000000       0x24 .\CortexM3\ARM_GCC_541\Debug\Waveforms.a(CyFlash.o)
 .text.CyEEPROM_ReadReserve
                0x00000000       0x1c .\CortexM3\ARM_GCC_541\Debug\Waveforms.a(CyFlash.o)
 .text.CyEEPROM_ReadRelease
                0x00000000       0x10 .\CortexM3\ARM_GCC_541\Debug\Waveforms.a(CyFlash.o)
 COMMON         0x00000000        0x2 .\CortexM3\ARM_GCC_541\Debug\Waveforms.a(CyFlash.o)
 .text          0x00000000        0x0 .\CortexM3\ARM_GCC_541\Debug\Waveforms.a(CySpc.o)
 .data          0x00000000        0x0 .\CortexM3\ARM_GCC_541\Debug\Waveforms.a(CySpc.o)
 .bss           0x00000000        0x8 .\CortexM3\ARM_GCC_541\Debug\Waveforms.a(CySpc.o)
 .text.CySpcStart
                0x00000000       0x24 .\CortexM3\ARM_GCC_541\Debug\Waveforms.a(CySpc.o)
 .text.CySpcStop
                0x00000000       0x24 .\CortexM3\ARM_GCC_541\Debug\Waveforms.a(CySpc.o)
 .text.CySpcReadData
                0x00000000       0x34 .\CortexM3\ARM_GCC_541\Debug\Waveforms.a(CySpc.o)
 .text.CySpcLoadMultiByte
                0x00000000       0x78 .\CortexM3\ARM_GCC_541\Debug\Waveforms.a(CySpc.o)
 .text.CySpcLoadRow
                0x00000000       0x50 .\CortexM3\ARM_GCC_541\Debug\Waveforms.a(CySpc.o)
 .text.CySpcLoadRowFull
                0x00000000       0x80 .\CortexM3\ARM_GCC_541\Debug\Waveforms.a(CySpc.o)
 .text.CySpcWriteRow
                0x00000000       0x4c .\CortexM3\ARM_GCC_541\Debug\Waveforms.a(CySpc.o)
 .text.CySpcEraseSector
                0x00000000       0x3c .\CortexM3\ARM_GCC_541\Debug\Waveforms.a(CySpc.o)
 .text.CySpcEraseRow
                0x00000000       0x4c .\CortexM3\ARM_GCC_541\Debug\Waveforms.a(CySpc.o)
 .text.CySpcGetTemp
                0x00000000       0x3c .\CortexM3\ARM_GCC_541\Debug\Waveforms.a(CySpc.o)
 .text.CySpcLock
                0x00000000       0x4c .\CortexM3\ARM_GCC_541\Debug\Waveforms.a(CySpc.o)
 .text.CySpcUnlock
                0x00000000       0x38 .\CortexM3\ARM_GCC_541\Debug\Waveforms.a(CySpc.o)
 .text.CySpcGetAlgorithm
                0x00000000       0x28 .\CortexM3\ARM_GCC_541\Debug\Waveforms.a(CySpc.o)
 .text          0x00000000        0x0 c:/program files (x86)/cypress/psoc creator/4.4/psoc creator/import/gnu/arm/5.4.1/bin/../lib/gcc/arm-none-eabi/5.4.1/../../../../arm-none-eabi/lib/armv7-m\libg_nano.a(lib_a-errno.o)
 .data          0x00000000        0x0 c:/program files (x86)/cypress/psoc creator/4.4/psoc creator/import/gnu/arm/5.4.1/bin/../lib/gcc/arm-none-eabi/5.4.1/../../../../arm-none-eabi/lib/armv7-m\libg_nano.a(lib_a-errno.o)
 .bss           0x00000000        0x0 c:/program files (x86)/cypress/psoc creator/4.4/psoc creator/import/gnu/arm/5.4.1/bin/../lib/gcc/arm-none-eabi/5.4.1/../../../../arm-none-eabi/lib/armv7-m\libg_nano.a(lib_a-errno.o)
 .text          0x00000000        0x0 c:/program files (x86)/cypress/psoc creator/4.4/psoc creator/import/gnu/arm/5.4.1/bin/../lib/gcc/arm-none-eabi/5.4.1/../../../../arm-none-eabi/lib/armv7-m\libg_nano.a(lib_a-exit.o)
 .data          0x00000000        0x0 c:/program files (x86)/cypress/psoc creator/4.4/psoc creator/import/gnu/arm/5.4.1/bin/../lib/gcc/arm-none-eabi/5.4.1/../../../../arm-none-eabi/lib/armv7-m\libg_nano.a(lib_a-exit.o)
 .bss           0x00000000        0x0 c:/program files (x86)/cypress/psoc creator/4.4/psoc creator/import/gnu/arm/5.4.1/bin/../lib/gcc/arm-none-eabi/5.4.1/../../../../arm-none-eabi/lib/armv7-m\libg_nano.a(lib_a-exit.o)
 .text.exit     0x00000000       0x28 c:/program files (x86)/cypress/psoc creator/4.4/psoc creator/import/gnu/arm/5.4.1/bin/../lib/gcc/arm-none-eabi/5.4.1/../../../../arm-none-eabi/lib/armv7-m\libg_nano.a(lib_a-exit.o)
 .text          0x00000000        0x0 c:/program files (x86)/cypress/psoc creator/4.4/psoc creator/import/gnu/arm/5.4.1/bin/../lib/gcc/arm-none-eabi/5.4.1/../../../../arm-none-eabi/lib/armv7-m\libg_nano.a(lib_a-impure.o)
 .data          0x00000000        0x0 c:/program files (x86)/cypress/psoc creator/4.4/psoc creator/import/gnu/arm/5.4.1/bin/../lib/gcc/arm-none-eabi/5.4.1/../../../../arm-none-eabi/lib/armv7-m\libg_nano.a(lib_a-impure.o)
 .bss           0x00000000        0x0 c:/program files (x86)/cypress/psoc creator/4.4/psoc creator/import/gnu/arm/5.4.1/bin/../lib/gcc/arm-none-eabi/5.4.1/../../../../arm-none-eabi/lib/armv7-m\libg_nano.a(lib_a-impure.o)
 .rodata._global_impure_ptr
                0x00000000        0x4 c:/program files (x86)/cypress/psoc creator/4.4/psoc creator/import/gnu/arm/5.4.1/bin/../lib/gcc/arm-none-eabi/5.4.1/../../../../arm-none-eabi/lib/armv7-m\libg_nano.a(lib_a-impure.o)
 .text          0x00000000        0x0 c:/program files (x86)/cypress/psoc creator/4.4/psoc creator/import/gnu/arm/5.4.1/bin/../lib/gcc/arm-none-eabi/5.4.1/../../../../arm-none-eabi/lib/armv7-m\libg_nano.a(lib_a-init.o)
 .data          0x00000000        0x0 c:/program files (x86)/cypress/psoc creator/4.4/psoc creator/import/gnu/arm/5.4.1/bin/../lib/gcc/arm-none-eabi/5.4.1/../../../../arm-none-eabi/lib/armv7-m\libg_nano.a(lib_a-init.o)
 .bss           0x00000000        0x0 c:/program files (x86)/cypress/psoc creator/4.4/psoc creator/import/gnu/arm/5.4.1/bin/../lib/gcc/arm-none-eabi/5.4.1/../../../../arm-none-eabi/lib/armv7-m\libg_nano.a(lib_a-init.o)
 .text          0x00000000        0x0 c:/program files (x86)/cypress/psoc creator/4.4/psoc creator/import/gnu/arm/5.4.1/bin/../lib/gcc/arm-none-eabi/5.4.1/../../../../arm-none-eabi/lib/armv7-m\libg_nano.a(lib_a-memcpy-stub.o)
 .data          0x00000000        0x0 c:/program files (x86)/cypress/psoc creator/4.4/psoc creator/import/gnu/arm/5.4.1/bin/../lib/gcc/arm-none-eabi/5.4.1/../../../../arm-none-eabi/lib/armv7-m\libg_nano.a(lib_a-memcpy-stub.o)
 .bss           0x00000000        0x0 c:/program files (x86)/cypress/psoc creator/4.4/psoc creator/import/gnu/arm/5.4.1/bin/../lib/gcc/arm-none-eabi/5.4.1/../../../../arm-none-eabi/lib/armv7-m\libg_nano.a(lib_a-memcpy-stub.o)
 .text          0x00000000        0x0 c:/program files (x86)/cypress/psoc creator/4.4/psoc creator/import/gnu/arm/5.4.1/bin/../lib/gcc/arm-none-eabi/5.4.1/../../../../arm-none-eabi/lib/armv7-m\libg_nano.a(lib_a-memset.o)
 .data          0x00000000        0x0 c:/program files (x86)/cypress/psoc creator/4.4/psoc creator/import/gnu/arm/5.4.1/bin/../lib/gcc/arm-none-eabi/5.4.1/../../../../arm-none-eabi/lib/armv7-m\libg_nano.a(lib_a-memset.o)
 .bss           0x00000000        0x0 c:/program files (x86)/cypress/psoc creator/4.4/psoc creator/import/gnu/arm/5.4.1/bin/../lib/gcc/arm-none-eabi/5.4.1/../../../../arm-none-eabi/lib/armv7-m\libg_nano.a(lib_a-memset.o)
 .text          0x00000000        0x0 c:/program files (x86)/cypress/psoc creator/4.4/psoc creator/import/gnu/arm/5.4.1/bin/../lib/gcc/arm-none-eabi/5.4.1/armv7-m/crtend.o
 .data          0x00000000        0x0 c:/program files (x86)/cypress/psoc creator/4.4/psoc creator/import/gnu/arm/5.4.1/bin/../lib/gcc/arm-none-eabi/5.4.1/armv7-m/crtend.o
 .bss           0x00000000        0x0 c:/program files (x86)/cypress/psoc creator/4.4/psoc creator/import/gnu/arm/5.4.1/bin/../lib/gcc/arm-none-eabi/5.4.1/armv7-m/crtend.o
 .text          0x00000000        0x0 c:/program files (x86)/cypress/psoc creator/4.4/psoc creator/import/gnu/arm/5.4.1/bin/../lib/gcc/arm-none-eabi/5.4.1/armv7-m/crtn.o
 .data          0x00000000        0x0 c:/program files (x86)/cypress/psoc creator/4.4/psoc creator/import/gnu/arm/5.4.1/bin/../lib/gcc/arm-none-eabi/5.4.1/armv7-m/crtn.o
 .bss           0x00000000        0x0 c:/program files (x86)/cypress/psoc creator/4.4/psoc creator/import/gnu/arm/5.4.1/bin/../lib/gcc/arm-none-eabi/5.4.1/armv7-m/crtn.o

Memory Configuration

Name             Origin             Length             Attributes
rom              0x00000000         0x00040000         xr
ram              0x1fff8000         0x00010000         xrw
*default*        0x00000000         0xffffffff

Linker script and memory map

LOAD c:/program files (x86)/cypress/psoc creator/4.4/psoc creator/import/gnu/arm/5.4.1/bin/../lib/gcc/arm-none-eabi/5.4.1/armv7-m/crti.o
LOAD c:/program files (x86)/cypress/psoc creator/4.4/psoc creator/import/gnu/arm/5.4.1/bin/../lib/gcc/arm-none-eabi/5.4.1/armv7-m/crtbegin.o
LOAD c:/program files (x86)/cypress/psoc creator/4.4/psoc creator/import/gnu/arm/5.4.1/bin/../lib/gcc/arm-none-eabi/5.4.1/../../../../arm-none-eabi/lib/armv7-m/crt0.o
START GROUP
LOAD .\CortexM3\ARM_GCC_541\Debug\main.o
LOAD .\CortexM3\ARM_GCC_541\Debug\waveforms.o
LOAD .\CortexM3\ARM_GCC_541\Debug\cyfitter_cfg.o
LOAD .\CortexM3\ARM_GCC_541\Debug\cymetadata.o
LOAD .\CortexM3\ARM_GCC_541\Debug\Cm3Start.o
LOAD .\CortexM3\ARM_GCC_541\Debug\Waveforms.a
LOAD C:\Program Files (x86)\Cypress\PSoC Creator\4.4\PSoC Creator\psoc\content\cycomponentlibrary\CyComponentLibrary.cylib\CortexM3\ARM_GCC_541\Debug\CyComponentLibrary.a
END GROUP
START GROUP
LOAD c:/program files (x86)/cypress/psoc creator/4.4/psoc creator/import/gnu/arm/5.4.1/bin/../lib/gcc/arm-none-eabi/5.4.1/armv7-m\libgcc.a
LOAD c:/program files (x86)/cypress/psoc creator/4.4/psoc creator/import/gnu/arm/5.4.1/bin/../lib/gcc/arm-none-eabi/5.4.1/../../../../arm-none-eabi/lib/armv7-m\libg_nano.a
LOAD c:/program files (x86)/cypress/psoc creator/4.4/psoc creator/import/gnu/arm/5.4.1/bin/../lib/gcc/arm-none-eabi/5.4.1/../../../../arm-none-eabi/lib/armv7-m\libc_nano.a
END GROUP
START GROUP
LOAD c:/program files (x86)/cypress/psoc creator/4.4/psoc creator/import/gnu/arm/5.4.1/bin/../lib/gcc/arm-none-eabi/5.4.1/armv7-m\libgcc.a
LOAD c:/program files (x86)/cypress/psoc creator/4.4/psoc creator/import/gnu/arm/5.4.1/bin/../lib/gcc/arm-none-eabi/5.4.1/../../../../arm-none-eabi/lib/armv7-m\libc_nano.a
END GROUP
LOAD c:/program files (x86)/cypress/psoc creator/4.4/psoc creator/import/gnu/arm/5.4.1/bin/../lib/gcc/arm-none-eabi/5.4.1/armv7-m/crtend.o
LOAD c:/program files (x86)/cypress/psoc creator/4.4/psoc creator/import/gnu/arm/5.4.1/bin/../lib/gcc/arm-none-eabi/5.4.1/armv7-m/crtn.o
START GROUP
LOAD c:/program files (x86)/cypress/psoc creator/4.4/psoc creator/import/gnu/arm/5.4.1/bin/../lib/gcc/arm-none-eabi/5.4.1/armv7-m\libgcc.a
LOAD c:/program files (x86)/cypress/psoc creator/4.4/psoc creator/import/gnu/arm/5.4.1/bin/../lib/gcc/arm-none-eabi/5.4.1/../../../../arm-none-eabi/lib/armv7-m\libc.a
LOAD c:/program files (x86)/cypress/psoc creator/4.4/psoc creator/import/gnu/arm/5.4.1/bin/../lib/gcc/arm-none-eabi/5.4.1/../../../../arm-none-eabi/lib/armv7-m\libnosys.a
END GROUP
                0x00000000                CY_APPL_ORIGIN = 0x0
                0x00000100                CY_FLASH_ROW_SIZE = 0x100
                0x00000020                CY_ECC_ROW_SIZE = 0x20
                0x00000000                CY_EE_IN_BTLDR = 0x0
                0x00000000                CY_APPL_LOADABLE = 0x0
                0x00000800                CY_EE_SIZE = 0x800
                0x00000001                CY_APPL_NUM = 0x1
                0x00000001                CY_APPL_MAX = 0x1
                0x00000040                CY_METADATA_SIZE = 0x40
                0x00000000                CY_APPL_LOADABLE = 0x0
                0x00000000                CY_CHECKSUM_EXCLUDE_SIZE = ALIGN (0x0, CY_FLASH_ROW_SIZE)
                [!provide]                PROVIDE (__cy_heap_start, _end)
                0x00000001                PROVIDE (__cy_region_num, ((__cy_regions_end - __cy_regions) / 0x10))
                0x20008000                PROVIDE (__cy_stack, (ORIGIN (ram) + LENGTH (ram)))
                [!provide]                PROVIDE (__cy_heap_end, (__cy_stack - 0x800))

.cybootloader   0x00000000        0x0
 *(.cybootloader)
                0x00000000                appl1_start = CY_APPL_ORIGIN?CY_APPL_ORIGIN:ALIGN (CY_FLASH_ROW_SIZE)
                0x0001ff00                appl2_start = (appl1_start + ALIGN ((((LENGTH (rom) - appl1_start) - (0x2 * CY_FLASH_ROW_SIZE)) / 0x2), CY_FLASH_ROW_SIZE))
                0x00000000                appl_start = (CY_APPL_NUM == 0x1)?appl1_start:appl2_start
                0x00000000                ecc_offset = ((appl_start / CY_FLASH_ROW_SIZE) * CY_ECC_ROW_SIZE)
                0x00000000                ee_offset = (CY_APPL_LOADABLE && ! (CY_EE_IN_BTLDR))?((CY_EE_SIZE / CY_APPL_MAX) * (CY_APPL_NUM - 0x1)):0x0
                0x00000800                ee_size = (CY_APPL_LOADABLE && ! (CY_EE_IN_BTLDR))?(CY_EE_SIZE / CY_APPL_MAX):CY_EE_SIZE
                [!provide]                PROVIDE (CY_ECC_OFFSET, ecc_offset)

.text           0x00000000      0xa7e
 CREATE_OBJECT_SYMBOLS
                0x00000000                PROVIDE (__cy_interrupt_vector, RomVectors)
 *(.romvectors)
 .romvectors    0x00000000       0x10 .\CortexM3\ARM_GCC_541\Debug\Cm3Start.o
                0x00000000                RomVectors
                0x00000001                ASSERT ((. != __cy_interrupt_vector), No interrupt vector)
                0x00000001                ASSERT (CY_APPL_ORIGIN?(SIZEOF (.cybootloader) <= CY_APPL_ORIGIN):0x1, Wrong image location)
                0x00000010                PROVIDE (__cy_reset, Reset)
 *(.text.Reset)
 .text.Reset    0x00000010       0x18 .\CortexM3\ARM_GCC_541\Debug\Cm3Start.o
                0x00000010                Reset
                0x00000001                ASSERT ((. != __cy_reset), No reset code)
 *(.dma_init)
                0x00000001                ASSERT ((((appl_start + .) <= 0x10000) || 0x1), DMA Init must be within the first 64k of flash)
 *(.text .text.* .gnu.linkonce.t.*)
 .text          0x00000028       0x5c c:/program files (x86)/cypress/psoc creator/4.4/psoc creator/import/gnu/arm/5.4.1/bin/../lib/gcc/arm-none-eabi/5.4.1/armv7-m/crtbegin.o
 .text.Waveform_ISR
                0x00000084       0x7c .\CortexM3\ARM_GCC_541\Debug\main.o
                0x00000084                Waveform_ISR
 .text.main     0x00000100       0x64 .\CortexM3\ARM_GCC_541\Debug\main.o
                0x00000100                main
 .text.CyClockStartupError
                0x00000164        0x4 .\CortexM3\ARM_GCC_541\Debug\cyfitter_cfg.o
 .text.cfg_write_bytes32
                0x00000168       0x34 .\CortexM3\ARM_GCC_541\Debug\cyfitter_cfg.o
 .text.AnalogSetDefault
                0x0000019c       0x38 .\CortexM3\ARM_GCC_541\Debug\cyfitter_cfg.o
 .text.CYMEMZERO
                0x000001d4        0xc .\CortexM3\ARM_GCC_541\Debug\cyfitter_cfg.o
 .text.ClockSetup
                0x000001e0       0xb8 .\CortexM3\ARM_GCC_541\Debug\cyfitter_cfg.o
 .text.CYCONFIGCPY
                0x00000298        0x8 .\CortexM3\ARM_GCC_541\Debug\cyfitter_cfg.o
 .text.cyfitter_cfg
                0x000002a0       0xe8 .\CortexM3\ARM_GCC_541\Debug\cyfitter_cfg.o
                0x000002a0                cyfitter_cfg
 .text.IntDefaultHandler
                0x00000388       0x10 .\CortexM3\ARM_GCC_541\Debug\Cm3Start.o
                0x00000388                IntDefaultHandler
 .text.Start_c  0x00000398       0x4c .\CortexM3\ARM_GCC_541\Debug\Cm3Start.o
                0x00000398                Start_c
 .text.initialize_psoc
                0x000003e4       0x6c .\CortexM3\ARM_GCC_541\Debug\Cm3Start.o
                0x000003e4                initialize_psoc
 .text.Waveform_Send_Enable
                0x00000450       0x28 .\CortexM3\ARM_GCC_541\Debug\Waveforms.a(Waveform_Send.o)
                0x00000450                Waveform_Send_Enable
 .text.Waveform_Send_SetInterruptMode
                0x00000478        0xc .\CortexM3\ARM_GCC_541\Debug\Waveforms.a(Waveform_Send.o)
                0x00000478                Waveform_Send_SetInterruptMode
 .text.Waveform_Send_ReadStatusRegister
                0x00000484        0xc .\CortexM3\ARM_GCC_541\Debug\Waveforms.a(Waveform_Send.o)
                0x00000484                Waveform_Send_ReadStatusRegister
 .text.Waveform_Send_WritePeriod
                0x00000490        0xc .\CortexM3\ARM_GCC_541\Debug\Waveforms.a(Waveform_Send.o)
                0x00000490                Waveform_Send_WritePeriod
 .text.Waveform_Send_WriteCounter
                0x0000049c        0xc .\CortexM3\ARM_GCC_541\Debug\Waveforms.a(Waveform_Send.o)
                0x0000049c                Waveform_Send_WriteCounter
 .text.Waveform_Send_Init
                0x000004a8       0x68 .\CortexM3\ARM_GCC_541\Debug\Waveforms.a(Waveform_Send.o)
                0x000004a8                Waveform_Send_Init
 .text.Waveform_Send_Start
                0x00000510       0x1c .\CortexM3\ARM_GCC_541\Debug\Waveforms.a(Waveform_Send.o)
                0x00000510                Waveform_Send_Start
 .text.Fs_Write
                0x0000052c       0x18 .\CortexM3\ARM_GCC_541\Debug\Waveforms.a(Fs.o)
                0x0000052c                Fs_Write
 .text.Fs_Read  0x00000544       0x10 .\CortexM3\ARM_GCC_541\Debug\Waveforms.a(Fs.o)
                0x00000544                Fs_Read
 .text.Wave_Out_InitDma
                0x00000554       0x4c .\CortexM3\ARM_GCC_541\Debug\Waveforms.a(Wave_Out.o)
 .text.Wave_Out_Init
                0x000005a0       0x18 .\CortexM3\ARM_GCC_541\Debug\Waveforms.a(Wave_Out.o)
                0x000005a0                Wave_Out_Init
 .text.Wave_Out_Enable
                0x000005b8       0x1c .\CortexM3\ARM_GCC_541\Debug\Waveforms.a(Wave_Out.o)
                0x000005b8                Wave_Out_Enable
 .text.Wave_Out_Start
                0x000005d4       0x1c .\CortexM3\ARM_GCC_541\Debug\Waveforms.a(Wave_Out.o)
                0x000005d4                Wave_Out_Start
 .text.Wave_Out_SetValue
                0x000005f0       0x5c .\CortexM3\ARM_GCC_541\Debug\Waveforms.a(Wave_Out.o)
                0x000005f0                Wave_Out_SetValue
 .text.Wave_Out_DMA_DmaInitialize
                0x0000064c       0x3c .\CortexM3\ARM_GCC_541\Debug\Waveforms.a(Wave_Out_DMA_dma.o)
                0x0000064c                Wave_Out_DMA_DmaInitialize
 .text.Wave_Out_VDAC8_Enable
                0x00000688       0x1c .\CortexM3\ARM_GCC_541\Debug\Waveforms.a(Wave_Out_VDAC8.o)
                0x00000688                Wave_Out_VDAC8_Enable
 .text.Wave_Out_VDAC8_SetSpeed
                0x000006a4       0x1c .\CortexM3\ARM_GCC_541\Debug\Waveforms.a(Wave_Out_VDAC8.o)
                0x000006a4                Wave_Out_VDAC8_SetSpeed
 .text.Wave_Out_VDAC8_DacTrim
                0x000006c0       0x24 .\CortexM3\ARM_GCC_541\Debug\Waveforms.a(Wave_Out_VDAC8.o)
                0x000006c0                Wave_Out_VDAC8_DacTrim
 .text.Wave_Out_VDAC8_SetRange
                0x000006e4       0x20 .\CortexM3\ARM_GCC_541\Debug\Waveforms.a(Wave_Out_VDAC8.o)
                0x000006e4                Wave_Out_VDAC8_SetRange
 .text.Wave_Out_VDAC8_Init
                0x00000704       0x2c .\CortexM3\ARM_GCC_541\Debug\Waveforms.a(Wave_Out_VDAC8.o)
                0x00000704                Wave_Out_VDAC8_Init
 .text.Wave_Out_IntClock_Start
                0x00000730       0x1c .\CortexM3\ARM_GCC_541\Debug\Waveforms.a(Wave_Out_IntClock.o)
                0x00000730                Wave_Out_IntClock_Start
 .text.CyDmacConfigure
                0x0000074c       0x34 .\CortexM3\ARM_GCC_541\Debug\Waveforms.a(CyDmac.o)
                0x0000074c                CyDmacConfigure
 .text.CyDmaChEnable
                0x00000780       0x38 .\CortexM3\ARM_GCC_541\Debug\Waveforms.a(CyDmac.o)
                0x00000780                CyDmaChEnable
 .text.CyDmaChPriority
                0x000007b8       0x24 .\CortexM3\ARM_GCC_541\Debug\Waveforms.a(CyDmac.o)
                0x000007b8                CyDmaChPriority
 .text.CyDmaChSetExtendedAddress
                0x000007dc       0x34 .\CortexM3\ARM_GCC_541\Debug\Waveforms.a(CyDmac.o)
                0x000007dc                CyDmaChSetExtendedAddress
 .text.CyDmaChSetInitialTd
                0x00000810       0x18 .\CortexM3\ARM_GCC_541\Debug\Waveforms.a(CyDmac.o)
                0x00000810                CyDmaChSetInitialTd
 .text.CyDmaChSetConfiguration
                0x00000828       0x44 .\CortexM3\ARM_GCC_541\Debug\Waveforms.a(CyDmac.o)
                0x00000828                CyDmaChSetConfiguration
 .text.CyDmaTdAllocate
                0x0000086c       0x34 .\CortexM3\ARM_GCC_541\Debug\Waveforms.a(CyDmac.o)
                0x0000086c                CyDmaTdAllocate
 .text.CyDmaTdSetConfiguration
                0x000008a0       0x28 .\CortexM3\ARM_GCC_541\Debug\Waveforms.a(CyDmac.o)
                0x000008a0                CyDmaTdSetConfiguration
 .text.CyDmaTdSetAddress
                0x000008c8       0x1c .\CortexM3\ARM_GCC_541\Debug\Waveforms.a(CyDmac.o)
                0x000008c8                CyDmaTdSetAddress
 .text.CyHalt   0x000008e4        0x4 .\CortexM3\ARM_GCC_541\Debug\Waveforms.a(CyLib.o)
                0x000008e4                CyHalt
 .text.CyDelay  0x000008e8       0x2c .\CortexM3\ARM_GCC_541\Debug\Waveforms.a(CyLib.o)
                0x000008e8                CyDelay
 .text.Waveform_ISR_SetVector
                0x00000914       0x10 .\CortexM3\ARM_GCC_541\Debug\Waveforms.a(Waveform_ISR.o)
                0x00000914                Waveform_ISR_SetVector
 .text.Waveform_ISR_SetPriority
                0x00000924       0x10 .\CortexM3\ARM_GCC_541\Debug\Waveforms.a(Waveform_ISR.o)
                0x00000924                Waveform_ISR_SetPriority
 .text.Waveform_ISR_Enable
                0x00000934       0x10 .\CortexM3\ARM_GCC_541\Debug\Waveforms.a(Waveform_ISR.o)
                0x00000934                Waveform_ISR_Enable
 .text.Waveform_ISR_Disable
                0x00000944       0x10 .\CortexM3\ARM_GCC_541\Debug\Waveforms.a(Waveform_ISR.o)
                0x00000944                Waveform_ISR_Disable
 .text.Waveform_ISR_StartEx
                0x00000954       0x1c .\CortexM3\ARM_GCC_541\Debug\Waveforms.a(Waveform_ISR.o)
                0x00000954                Waveform_ISR_StartEx
 .text.DACBuffer_Enable
                0x00000970       0x28 .\CortexM3\ARM_GCC_541\Debug\Waveforms.a(DACBuffer.o)
                0x00000970                DACBuffer_Enable
 .text.DACBuffer_SetPower
                0x00000998       0x1c .\CortexM3\ARM_GCC_541\Debug\Waveforms.a(DACBuffer.o)
                0x00000998                DACBuffer_SetPower
 .text.DACBuffer_Init
                0x000009b4        0xc .\CortexM3\ARM_GCC_541\Debug\Waveforms.a(DACBuffer.o)
                0x000009b4                DACBuffer_Init
 .text.DACBuffer_Start
                0x000009c0       0x1c .\CortexM3\ARM_GCC_541\Debug\Waveforms.a(DACBuffer.o)
                0x000009c0                DACBuffer_Start
 *fill*         0x000009dc        0x4 
 .text          0x000009e0       0x20 .\CortexM3\ARM_GCC_541\Debug\Waveforms.a(CyBootAsmGnu.o)
                0x000009e0                CyDelayCycles
                0x000009f0                CyEnterCriticalSection
                0x000009f8                CyExitCriticalSection
 .text.__errno  0x00000a00        0xc c:/program files (x86)/cypress/psoc creator/4.4/psoc creator/import/gnu/arm/5.4.1/bin/../lib/gcc/arm-none-eabi/5.4.1/../../../../arm-none-eabi/lib/armv7-m\libg_nano.a(lib_a-errno.o)
                0x00000a00                __errno
 .text.__libc_init_array
                0x00000a0c       0x4c c:/program files (x86)/cypress/psoc creator/4.4/psoc creator/import/gnu/arm/5.4.1/bin/../lib/gcc/arm-none-eabi/5.4.1/../../../../arm-none-eabi/lib/armv7-m\libg_nano.a(lib_a-init.o)
                0x00000a0c                __libc_init_array
 .text.memcpy   0x00000a58       0x16 c:/program files (x86)/cypress/psoc creator/4.4/psoc creator/import/gnu/arm/5.4.1/bin/../lib/gcc/arm-none-eabi/5.4.1/../../../../arm-none-eabi/lib/armv7-m\libg_nano.a(lib_a-memcpy-stub.o)
                0x00000a58                memcpy
 .text.memset   0x00000a6e       0x10 c:/program files (x86)/cypress/psoc creator/4.4/psoc creator/import/gnu/arm/5.4.1/bin/../lib/gcc/arm-none-eabi/5.4.1/../../../../arm-none-eabi/lib/armv7-m\libg_nano.a(lib_a-memset.o)
                0x00000a6e                memset
 *(.plt)
 *(.gnu.warning)
 *(.glue_7t)
 .glue_7t       0x00000a7e        0x0 linker stubs
 *(.glue_7)
 .glue_7        0x00000a7e        0x0 linker stubs
 *(.vfp11_veneer)
 .vfp11_veneer  0x00000a7e        0x0 linker stubs
 *(.bootloader)
 *(.ARM.extab* .gnu.linkonce.armextab.*)
 *(.gcc_except_table)

.v4_bx          0x00000a80        0x0
 .v4_bx         0x00000a80        0x0 linker stubs

.iplt           0x00000a80        0x0
 .iplt          0x00000a80        0x0 c:/program files (x86)/cypress/psoc creator/4.4/psoc creator/import/gnu/arm/5.4.1/bin/../lib/gcc/arm-none-eabi/5.4.1/armv7-m/crtbegin.o

.eh_frame_hdr
 *(.eh_frame_hdr)

.eh_frame       0x00000a80        0x4
 *(.eh_frame)
 .eh_frame      0x00000a80        0x0 c:/program files (x86)/cypress/psoc creator/4.4/psoc creator/import/gnu/arm/5.4.1/bin/../lib/gcc/arm-none-eabi/5.4.1/armv7-m/crtbegin.o
 .eh_frame      0x00000a80        0x4 c:/program files (x86)/cypress/psoc creator/4.4/psoc creator/import/gnu/arm/5.4.1/bin/../lib/gcc/arm-none-eabi/5.4.1/armv7-m/crtend.o
                [!provide]                PROVIDE (__exidx_start, .)

.ARM.exidx
 *(.ARM.exidx* .gnu.linkonce.armexidx.*)
                0x00000a84                __exidx_end = .

.rodata         0x00000a84       0xa4
 *(.rodata .rodata.* .gnu.linkonce.r.*)
 .rodata        0x00000a84       0x38 .\CortexM3\ARM_GCC_541\Debug\main.o
 .rodata        0x00000abc       0x36 .\CortexM3\ARM_GCC_541\Debug\cyfitter_cfg.o
 .rodata.str1.1
                0x00000af2        0x2 c:/program files (x86)/cypress/psoc creator/4.4/psoc creator/import/gnu/arm/5.4.1/bin/../lib/gcc/arm-none-eabi/5.4.1/../../../../arm-none-eabi/lib/armv7-m\libg_nano.a(lib_a-impure.o)
                0x00000af4                . = ALIGN (0x4)
 *(.init)
 .init          0x00000af4        0x4 c:/program files (x86)/cypress/psoc creator/4.4/psoc creator/import/gnu/arm/5.4.1/bin/../lib/gcc/arm-none-eabi/5.4.1/armv7-m/crti.o
                0x00000af4                _init
 .init          0x00000af8        0x8 c:/program files (x86)/cypress/psoc creator/4.4/psoc creator/import/gnu/arm/5.4.1/bin/../lib/gcc/arm-none-eabi/5.4.1/armv7-m/crtn.o
                0x00000b00                . = ALIGN (0x4)
                0x00000b00                __preinit_array_start = .
 *(.preinit_array)
                0x00000b00                __preinit_array_end = .
                0x00000b00                . = ALIGN (0x4)
                0x00000b00                __init_array_start = .
 *(SORT(.init_array.*))
 *(.init_array)
 .init_array    0x00000b00        0x4 c:/program files (x86)/cypress/psoc creator/4.4/psoc creator/import/gnu/arm/5.4.1/bin/../lib/gcc/arm-none-eabi/5.4.1/armv7-m/crtbegin.o
 .init_array    0x00000b04        0x4 .\CortexM3\ARM_GCC_541\Debug\Cm3Start.o
                0x00000b08                __init_array_end = .
                0x00000b08                . = ALIGN (0x4)
 *(.fini)
 .fini          0x00000b08        0x4 c:/program files (x86)/cypress/psoc creator/4.4/psoc creator/import/gnu/arm/5.4.1/bin/../lib/gcc/arm-none-eabi/5.4.1/armv7-m/crti.o
                0x00000b08                _fini
 .fini          0x00000b0c        0x8 c:/program files (x86)/cypress/psoc creator/4.4/psoc creator/import/gnu/arm/5.4.1/bin/../lib/gcc/arm-none-eabi/5.4.1/armv7-m/crtn.o
                0x00000b14                . = ALIGN (0x4)
                0x00000b14                __fini_array_start = .
 *(.fini_array)
 .fini_array    0x00000b14        0x4 c:/program files (x86)/cypress/psoc creator/4.4/psoc creator/import/gnu/arm/5.4.1/bin/../lib/gcc/arm-none-eabi/5.4.1/armv7-m/crtbegin.o
 *(SORT(.fini_array.*))
                0x00000b18                __fini_array_end = .
                0x00000b18                . = ALIGN (0x4)
 *crtbegin.o(.ctors)
 *(EXCLUDE_FILE(*crtend.o) .ctors)
 *(SORT(.ctors.*))
 *crtend.o(.ctors)
                0x00000b18                . = ALIGN (0x4)
 *crtbegin.o(.dtors)
 *(EXCLUDE_FILE(*crtend.o) .dtors)
 *(SORT(.dtors.*))
 *crtend.o(.dtors)
                0x00000b18                . = ALIGN (0x4)
                0x00000b18                __cy_regions = .
                0x00000b18        0x4 LONG 0xb28 __cy_region_init_ram
                0x00000b1c        0x4 LONG 0x1fff80c8 __cy_region_start_data
                0x00000b20        0x4 LONG 0x4038 __cy_region_init_size_ram
                0x00000b24        0x4 LONG 0x48 __cy_region_zero_size_ram
                0x00000b28                __cy_regions_end = .
                0x00000b28                . = ALIGN (0x8)
                0x00000b28                _etext = .

.cy_checksum_exclude
                0x00000b28        0x0
 *(.cy_checksum_exclude)

.ramvectors     0x1fff8000       0xc0
                0x1fff8000                __cy_region_start_ram = .
 *(.ramvectors)
 .ramvectors    0x1fff8000       0xc0 .\CortexM3\ARM_GCC_541\Debug\Cm3Start.o
                0x1fff8000                CyRamVectors

.noinit         0x1fff80c0        0x1
 *(.noinit)
 .noinit        0x1fff80c0        0x1 .\CortexM3\ARM_GCC_541\Debug\Waveforms.a(CyLib.o)
                0x1fff80c0                CyResetStatus

.data           0x1fff80c8     0x4038 load address 0x00000b28
                0x1fff80c8                __cy_region_start_data = .
 *(.jcr)
 .jcr           0x1fff80c8        0x0 c:/program files (x86)/cypress/psoc creator/4.4/psoc creator/import/gnu/arm/5.4.1/bin/../lib/gcc/arm-none-eabi/5.4.1/armv7-m/crtbegin.o
 .jcr           0x1fff80c8        0x4 c:/program files (x86)/cypress/psoc creator/4.4/psoc creator/import/gnu/arm/5.4.1/bin/../lib/gcc/arm-none-eabi/5.4.1/armv7-m/crtend.o
 *(.got.plt)
 *(.got)
 *(.shdata)
 *(.data .data.* .gnu.linkonce.d.*)
 .data          0x1fff80cc       0x11 .\CortexM3\ARM_GCC_541\Debug\main.o
                0x1fff80cc                waveforms
                0x1fff80dc                volume
 *fill*         0x1fff80dd        0x3 
 .data          0x1fff80e0     0x3fa0 .\CortexM3\ARM_GCC_541\Debug\waveforms.o
                0x1fff80e0                end_waveform
                0x1fffade8                repeat_waveform
                0x1fffae58                beginning_waveform
                0x1fffc070                waveform_sizes
 .data          0x1fffc080        0x1 .\CortexM3\ARM_GCC_541\Debug\Waveforms.a(Wave_Out.o)
 .data          0x1fffc081        0x1 .\CortexM3\ARM_GCC_541\Debug\Waveforms.a(Wave_Out_DMA_dma.o)
                0x1fffc081                Wave_Out_DMA_DmaHandle
 *fill*         0x1fffc082        0x2 
 .data          0x1fffc084        0x8 .\CortexM3\ARM_GCC_541\Debug\Waveforms.a(CyDmac.o)
 .data          0x1fffc08c       0x10 .\CortexM3\ARM_GCC_541\Debug\Waveforms.a(CyLib.o)
                0x1fffc08c                cydelay_32k_ms
                0x1fffc090                cydelay_freq_khz
                0x1fffc094                cydelay_freq_mhz
                0x1fffc098                cydelay_freq_hz
 .data.impure_data
                0x1fffc09c       0x60 c:/program files (x86)/cypress/psoc creator/4.4/psoc creator/import/gnu/arm/5.4.1/bin/../lib/gcc/arm-none-eabi/5.4.1/../../../../arm-none-eabi/lib/armv7-m\libg_nano.a(lib_a-impure.o)
 .data._impure_ptr
                0x1fffc0fc        0x4 c:/program files (x86)/cypress/psoc creator/4.4/psoc creator/import/gnu/arm/5.4.1/bin/../lib/gcc/arm-none-eabi/5.4.1/../../../../arm-none-eabi/lib/armv7-m\libg_nano.a(lib_a-impure.o)
                0x1fffc0fc                _impure_ptr
                0x1fffc100                . = ALIGN (0x8)
 *(.ram)
                0x1fffc100                _edata = .

.igot.plt       0x1fffc100        0x0 load address 0x00004b60
 .igot.plt      0x1fffc100        0x0 c:/program files (x86)/cypress/psoc creator/4.4/psoc creator/import/gnu/arm/5.4.1/bin/../lib/gcc/arm-none-eabi/5.4.1/armv7-m/crtbegin.o

.bss            0x1fffc100       0x48 load address 0x00004b60
                0x1fffc100                PROVIDE (__bss_start__, .)
 *(.shbss)
 *(.bss .bss.* .gnu.linkonce.b.*)
 .bss           0x1fffc100       0x1c c:/program files (x86)/cypress/psoc creator/4.4/psoc creator/import/gnu/arm/5.4.1/bin/../lib/gcc/arm-none-eabi/5.4.1/armv7-m/crtbegin.o
 .bss           0x1fffc11c        0xa .\CortexM3\ARM_GCC_541\Debug\main.o
                0x1fffc11c                waveform_select
                0x1fffc120                waveformIndex
                0x1fffc124                waveVal
 *fill*         0x1fffc126        0x2 
 .bss           0x1fffc128        0x2 .\CortexM3\ARM_GCC_541\Debug\waveforms.o
                0x1fffc128                default_waveform
 .bss           0x1fffc12a        0x1 .\CortexM3\ARM_GCC_541\Debug\Waveforms.a(Waveform_Send.o)
                0x1fffc12a                Waveform_Send_initVar
 *fill*         0x1fffc12b        0x1 
 .bss           0x1fffc12c       0x15 .\CortexM3\ARM_GCC_541\Debug\Waveforms.a(Wave_Out.o)
                0x1fffc140                Wave_Out_initVar
 .bss           0x1fffc141        0x1 .\CortexM3\ARM_GCC_541\Debug\Waveforms.a(DACBuffer.o)
                0x1fffc141                DACBuffer_initVar
 *(COMMON)
                0x1fffc148                . = ALIGN (0x8)
 *fill*         0x1fffc142        0x6 
 *(.ram.b)
                0x1fffc148                _end = .
                0x1fffc148                __end = .
                0x1fffc148                PROVIDE (end, .)
                0x1fffc148                PROVIDE (__bss_end__, .)
                0x00000b28                __cy_region_init_ram = LOADADDR (.data)
                0x00004038                __cy_region_init_size_ram = (_edata - ADDR (.data))
                0x00000048                __cy_region_zero_size_ram = (_end - _edata)

.heap           0x1fffc148       0x80 load address 0x00004b60
                0x1fffc148                . = _end
                0x1fffc1c8                . = (. + 0x80)
 *fill*         0x1fffc148       0x80 
                0x1fffc1c8                __cy_heap_limit = .

.stack          0x20007800      0x800
                0x20007800                __cy_stack_limit = .
                0x20008000                . = (. + 0x800)
 *fill*         0x20007800      0x800 
                0x00000001                ASSERT ((__cy_stack_limit >= __cy_heap_limit), region RAM overflowed with stack)
                0x00000000                cy_checksum_exclude_size = (CY_APPL_LOADABLE == 0x1)?SIZEOF (.cy_checksum_exclude):0x0
                0x00000001                ASSERT ((cy_checksum_exclude_size <= CY_CHECKSUM_EXCLUDE_SIZE), CY_BOOT: Section .cy_checksum_exclude size exceedes specified limit.)

.cyloadermeta
 *(.cyloadermeta)

.cyloadablemeta
 *(.cyloadablemeta)

.cyconfigecc    0x80000000       0x9c
 *(.cyconfigecc)
 .cyconfigecc   0x80000000       0x9c .\CortexM3\ARM_GCC_541\Debug\cymetadata.o
                0x80000000                cy_meta_configecc

.cycustnvl      0x90000000        0x4
 *(.cycustnvl)
 .cycustnvl     0x90000000        0x4 .\CortexM3\ARM_GCC_541\Debug\cymetadata.o
                0x90000000                cy_meta_custnvl

.cywolatch      0x90100000        0x4
 *(.cywolatch)
 .cywolatch     0x90100000        0x4 .\CortexM3\ARM_GCC_541\Debug\cymetadata.o
                0x90100000                cy_meta_wonvl

.cyeeprom       0x90200000        0x0
 *(.cyeeprom)
                0x00000001                ASSERT ((. <= ((0x90200000 + ee_offset) + ee_size)), .cyeeprom data will not fit in EEPROM)

.cyflashprotect
                0x90400000      0x100
 *(.cyflashprotect)
 .cyflashprotect
                0x90400000      0x100 .\CortexM3\ARM_GCC_541\Debug\cymetadata.o
                0x90400000                cy_meta_flashprotect

.cymeta         0x90500000        0xc
 *(.cymeta)
 .cymeta        0x90500000        0xc .\CortexM3\ARM_GCC_541\Debug\cymetadata.o
                0x90500000                cy_metadata

.rel.dyn        0x00004b60        0x0 load address 0x9050000c
 .rel.iplt      0x00004b60        0x0 c:/program files (x86)/cypress/psoc creator/4.4/psoc creator/import/gnu/arm/5.4.1/bin/../lib/gcc/arm-none-eabi/5.4.1/armv7-m/crtbegin.o

.stab
 *(.stab)

.stabstr
 *(.stabstr)

.debug
 *(.debug)

.line
 *(.line)

.debug_srcinfo
 *(.debug_srcinfo)

.debug_sfnames
 *(.debug_sfnames)

.debug_aranges  0x00000000      0x8e8
 *(.debug_aranges)
 .debug_aranges
                0x00000000       0x28 .\CortexM3\ARM_GCC_541\Debug\main.o
 .debug_aranges
                0x00000028       0x18 .\CortexM3\ARM_GCC_541\Debug\waveforms.o
 .debug_aranges
                0x00000040       0x58 .\CortexM3\ARM_GCC_541\Debug\cyfitter_cfg.o
 .debug_aranges
                0x00000098       0x18 .\CortexM3\ARM_GCC_541\Debug\cymetadata.o
 .debug_aranges
                0x000000b0       0x48 .\CortexM3\ARM_GCC_541\Debug\Cm3Start.o
 .debug_aranges
                0x000000f8       0x88 .\CortexM3\ARM_GCC_541\Debug\Waveforms.a(Waveform_Send.o)
 .debug_aranges
                0x00000180       0x38 .\CortexM3\ARM_GCC_541\Debug\Waveforms.a(Fs.o)
 .debug_aranges
                0x000001b8       0x48 .\CortexM3\ARM_GCC_541\Debug\Waveforms.a(Wave_Out.o)
 .debug_aranges
                0x00000200       0x28 .\CortexM3\ARM_GCC_541\Debug\Waveforms.a(Wave_Out_DMA_dma.o)
 .debug_aranges
                0x00000228       0x58 .\CortexM3\ARM_GCC_541\Debug\Waveforms.a(Wave_Out_VDAC8.o)
 .debug_aranges
                0x00000280       0x70 .\CortexM3\ARM_GCC_541\Debug\Waveforms.a(Wave_Out_IntClock.o)
 .debug_aranges
                0x000002f0       0xd8 .\CortexM3\ARM_GCC_541\Debug\Waveforms.a(CyDmac.o)
 .debug_aranges
                0x000003c8      0x2a0 .\CortexM3\ARM_GCC_541\Debug\Waveforms.a(CyLib.o)
 .debug_aranges
                0x00000668       0x98 .\CortexM3\ARM_GCC_541\Debug\Waveforms.a(cyPm.o)
 .debug_aranges
                0x00000700       0x80 .\CortexM3\ARM_GCC_541\Debug\Waveforms.a(Waveform_ISR.o)
 .debug_aranges
                0x00000780       0x40 .\CortexM3\ARM_GCC_541\Debug\Waveforms.a(DACBuffer.o)
 .debug_aranges
                0x000007c0       0x20 .\CortexM3\ARM_GCC_541\Debug\Waveforms.a(CyBootAsmGnu.o)
 .debug_aranges
                0x000007e0       0x88 .\CortexM3\ARM_GCC_541\Debug\Waveforms.a(CyFlash.o)
 .debug_aranges
                0x00000868       0x80 .\CortexM3\ARM_GCC_541\Debug\Waveforms.a(CySpc.o)

.debug_pubnames
 *(.debug_pubnames)

.debug_info     0x00000000     0x531d
 *(.debug_info .gnu.linkonce.wi.*)
 .debug_info    0x00000000      0x392 .\CortexM3\ARM_GCC_541\Debug\main.o
 .debug_info    0x00000392      0x181 .\CortexM3\ARM_GCC_541\Debug\waveforms.o
 .debug_info    0x00000513      0x4c0 .\CortexM3\ARM_GCC_541\Debug\cyfitter_cfg.o
 .debug_info    0x000009d3      0x134 .\CortexM3\ARM_GCC_541\Debug\cymetadata.o
 .debug_info    0x00000b07      0x3cf .\CortexM3\ARM_GCC_541\Debug\Cm3Start.o
 .debug_info    0x00000ed6      0x295 .\CortexM3\ARM_GCC_541\Debug\Waveforms.a(Waveform_Send.o)
 .debug_info    0x0000116b      0x11f .\CortexM3\ARM_GCC_541\Debug\Waveforms.a(Fs.o)
 .debug_info    0x0000128a      0x343 .\CortexM3\ARM_GCC_541\Debug\Waveforms.a(Wave_Out.o)
 .debug_info    0x000015cd      0x1aa .\CortexM3\ARM_GCC_541\Debug\Waveforms.a(Wave_Out_DMA_dma.o)
 .debug_info    0x00001777      0x1dd .\CortexM3\ARM_GCC_541\Debug\Waveforms.a(Wave_Out_VDAC8.o)
 .debug_info    0x00001954      0x283 .\CortexM3\ARM_GCC_541\Debug\Waveforms.a(Wave_Out_IntClock.o)
 .debug_info    0x00001bd7      0x94e .\CortexM3\ARM_GCC_541\Debug\Waveforms.a(CyDmac.o)
 .debug_info    0x00002525     0x1374 .\CortexM3\ARM_GCC_541\Debug\Waveforms.a(CyLib.o)
 .debug_info    0x00003899      0xa2a .\CortexM3\ARM_GCC_541\Debug\Waveforms.a(cyPm.o)
 .debug_info    0x000042c3      0x2d2 .\CortexM3\ARM_GCC_541\Debug\Waveforms.a(Waveform_ISR.o)
 .debug_info    0x00004595      0x151 .\CortexM3\ARM_GCC_541\Debug\Waveforms.a(DACBuffer.o)
 .debug_info    0x000046e6       0x9a .\CortexM3\ARM_GCC_541\Debug\Waveforms.a(CyBootAsmGnu.o)
 .debug_info    0x00004780      0x64d .\CortexM3\ARM_GCC_541\Debug\Waveforms.a(CyFlash.o)
 .debug_info    0x00004dcd      0x550 .\CortexM3\ARM_GCC_541\Debug\Waveforms.a(CySpc.o)

.debug_abbrev   0x00000000     0x16fc
 *(.debug_abbrev)
 .debug_abbrev  0x00000000      0x167 .\CortexM3\ARM_GCC_541\Debug\main.o
 .debug_abbrev  0x00000167       0x77 .\CortexM3\ARM_GCC_541\Debug\waveforms.o
 .debug_abbrev  0x000001de      0x1fe .\CortexM3\ARM_GCC_541\Debug\cyfitter_cfg.o
 .debug_abbrev  0x000003dc       0x5d .\CortexM3\ARM_GCC_541\Debug\cymetadata.o
 .debug_abbrev  0x00000439      0x1e8 .\CortexM3\ARM_GCC_541\Debug\Cm3Start.o
 .debug_abbrev  0x00000621      0x11a .\CortexM3\ARM_GCC_541\Debug\Waveforms.a(Waveform_Send.o)
 .debug_abbrev  0x0000073b       0x90 .\CortexM3\ARM_GCC_541\Debug\Waveforms.a(Fs.o)
 .debug_abbrev  0x000007cb      0x10f .\CortexM3\ARM_GCC_541\Debug\Waveforms.a(Wave_Out.o)
 .debug_abbrev  0x000008da       0xcd .\CortexM3\ARM_GCC_541\Debug\Waveforms.a(Wave_Out_DMA_dma.o)
 .debug_abbrev  0x000009a7       0xf7 .\CortexM3\ARM_GCC_541\Debug\Waveforms.a(Wave_Out_VDAC8.o)
 .debug_abbrev  0x00000a9e      0x139 .\CortexM3\ARM_GCC_541\Debug\Waveforms.a(Wave_Out_IntClock.o)
 .debug_abbrev  0x00000bd7      0x1b2 .\CortexM3\ARM_GCC_541\Debug\Waveforms.a(CyDmac.o)
 .debug_abbrev  0x00000d89      0x254 .\CortexM3\ARM_GCC_541\Debug\Waveforms.a(CyLib.o)
 .debug_abbrev  0x00000fdd      0x1ab .\CortexM3\ARM_GCC_541\Debug\Waveforms.a(cyPm.o)
 .debug_abbrev  0x00001188      0x173 .\CortexM3\ARM_GCC_541\Debug\Waveforms.a(Waveform_ISR.o)
 .debug_abbrev  0x000012fb       0xb2 .\CortexM3\ARM_GCC_541\Debug\Waveforms.a(DACBuffer.o)
 .debug_abbrev  0x000013ad       0x14 .\CortexM3\ARM_GCC_541\Debug\Waveforms.a(CyBootAsmGnu.o)
 .debug_abbrev  0x000013c1      0x1a7 .\CortexM3\ARM_GCC_541\Debug\Waveforms.a(CyFlash.o)
 .debug_abbrev  0x00001568      0x194 .\CortexM3\ARM_GCC_541\Debug\Waveforms.a(CySpc.o)

.debug_line     0x00000000     0x23f0
 *(.debug_line)
 .debug_line    0x00000000      0x1fd .\CortexM3\ARM_GCC_541\Debug\main.o
 .debug_line    0x000001fd      0x14e .\CortexM3\ARM_GCC_541\Debug\waveforms.o
 .debug_line    0x0000034b      0x1da .\CortexM3\ARM_GCC_541\Debug\cyfitter_cfg.o
 .debug_line    0x00000525      0x141 .\CortexM3\ARM_GCC_541\Debug\cymetadata.o
 .debug_line    0x00000666      0x241 .\CortexM3\ARM_GCC_541\Debug\Cm3Start.o
 .debug_line    0x000008a7      0x15b .\CortexM3\ARM_GCC_541\Debug\Waveforms.a(Waveform_Send.o)
 .debug_line    0x00000a02       0x8f .\CortexM3\ARM_GCC_541\Debug\Waveforms.a(Fs.o)
 .debug_line    0x00000a91      0x146 .\CortexM3\ARM_GCC_541\Debug\Waveforms.a(Wave_Out.o)
 .debug_line    0x00000bd7       0x89 .\CortexM3\ARM_GCC_541\Debug\Waveforms.a(Wave_Out_DMA_dma.o)
 .debug_line    0x00000c60       0xea .\CortexM3\ARM_GCC_541\Debug\Waveforms.a(Wave_Out_VDAC8.o)
 .debug_line    0x00000d4a      0x180 .\CortexM3\ARM_GCC_541\Debug\Waveforms.a(Wave_Out_IntClock.o)
 .debug_line    0x00000eca      0x2e4 .\CortexM3\ARM_GCC_541\Debug\Waveforms.a(CyDmac.o)
 .debug_line    0x000011ae      0x816 .\CortexM3\ARM_GCC_541\Debug\Waveforms.a(CyLib.o)
 .debug_line    0x000019c4      0x367 .\CortexM3\ARM_GCC_541\Debug\Waveforms.a(cyPm.o)
 .debug_line    0x00001d2b      0x139 .\CortexM3\ARM_GCC_541\Debug\Waveforms.a(Waveform_ISR.o)
 .debug_line    0x00001e64       0xac .\CortexM3\ARM_GCC_541\Debug\Waveforms.a(DACBuffer.o)
 .debug_line    0x00001f10       0x66 .\CortexM3\ARM_GCC_541\Debug\Waveforms.a(CyBootAsmGnu.o)
 .debug_line    0x00001f76      0x21a .\CortexM3\ARM_GCC_541\Debug\Waveforms.a(CyFlash.o)
 .debug_line    0x00002190      0x260 .\CortexM3\ARM_GCC_541\Debug\Waveforms.a(CySpc.o)

.debug_frame    0x00000000     0x1664
 *(.debug_frame)
 .debug_frame   0x00000000       0x54 .\CortexM3\ARM_GCC_541\Debug\main.o
 .debug_frame   0x00000054       0xe4 .\CortexM3\ARM_GCC_541\Debug\cyfitter_cfg.o
 .debug_frame   0x00000138       0xb8 .\CortexM3\ARM_GCC_541\Debug\Cm3Start.o
 .debug_frame   0x000001f0      0x108 .\CortexM3\ARM_GCC_541\Debug\Waveforms.a(Waveform_Send.o)
 .debug_frame   0x000002f8       0x50 .\CortexM3\ARM_GCC_541\Debug\Waveforms.a(Fs.o)
 .debug_frame   0x00000348       0xc0 .\CortexM3\ARM_GCC_541\Debug\Waveforms.a(Wave_Out.o)
 .debug_frame   0x00000408       0x54 .\CortexM3\ARM_GCC_541\Debug\Waveforms.a(Wave_Out_DMA_dma.o)
 .debug_frame   0x0000045c       0xb4 .\CortexM3\ARM_GCC_541\Debug\Waveforms.a(Wave_Out_VDAC8.o)
 .debug_frame   0x00000510       0xe0 .\CortexM3\ARM_GCC_541\Debug\Waveforms.a(Wave_Out_IntClock.o)
 .debug_frame   0x000005f0      0x1f8 .\CortexM3\ARM_GCC_541\Debug\Waveforms.a(CyDmac.o)
 .debug_frame   0x000007e8      0x738 .\CortexM3\ARM_GCC_541\Debug\Waveforms.a(CyLib.o)
 .debug_frame   0x00000f20      0x1f8 .\CortexM3\ARM_GCC_541\Debug\Waveforms.a(cyPm.o)
 .debug_frame   0x00001118      0x104 .\CortexM3\ARM_GCC_541\Debug\Waveforms.a(Waveform_ISR.o)
 .debug_frame   0x0000121c       0x78 .\CortexM3\ARM_GCC_541\Debug\Waveforms.a(DACBuffer.o)
 .debug_frame   0x00001294      0x194 .\CortexM3\ARM_GCC_541\Debug\Waveforms.a(CyFlash.o)
 .debug_frame   0x00001428      0x180 .\CortexM3\ARM_GCC_541\Debug\Waveforms.a(CySpc.o)
 .debug_frame   0x000015a8       0x20 c:/program files (x86)/cypress/psoc creator/4.4/psoc creator/import/gnu/arm/5.4.1/bin/../lib/gcc/arm-none-eabi/5.4.1/../../../../arm-none-eabi/lib/armv7-m\libg_nano.a(lib_a-errno.o)
 .debug_frame   0x000015c8       0x28 c:/program files (x86)/cypress/psoc creator/4.4/psoc creator/import/gnu/arm/5.4.1/bin/../lib/gcc/arm-none-eabi/5.4.1/../../../../arm-none-eabi/lib/armv7-m\libg_nano.a(lib_a-exit.o)
 .debug_frame   0x000015f0       0x2c c:/program files (x86)/cypress/psoc creator/4.4/psoc creator/import/gnu/arm/5.4.1/bin/../lib/gcc/arm-none-eabi/5.4.1/../../../../arm-none-eabi/lib/armv7-m\libg_nano.a(lib_a-init.o)
 .debug_frame   0x0000161c       0x28 c:/program files (x86)/cypress/psoc creator/4.4/psoc creator/import/gnu/arm/5.4.1/bin/../lib/gcc/arm-none-eabi/5.4.1/../../../../arm-none-eabi/lib/armv7-m\libg_nano.a(lib_a-memcpy-stub.o)
 .debug_frame   0x00001644       0x20 c:/program files (x86)/cypress/psoc creator/4.4/psoc creator/import/gnu/arm/5.4.1/bin/../lib/gcc/arm-none-eabi/5.4.1/../../../../arm-none-eabi/lib/armv7-m\libg_nano.a(lib_a-memset.o)

.debug_str      0x00000000     0x1f61
 *(.debug_str)
 .debug_str     0x00000000      0x2f3 .\CortexM3\ARM_GCC_541\Debug\main.o
                                0x35d (size before relaxing)
 .debug_str     0x000002f3        0xc .\CortexM3\ARM_GCC_541\Debug\waveforms.o
                                0x228 (size before relaxing)
 .debug_str     0x000002ff      0x180 .\CortexM3\ARM_GCC_541\Debug\cyfitter_cfg.o
                                0x319 (size before relaxing)
 .debug_str     0x0000047f       0x75 .\CortexM3\ARM_GCC_541\Debug\cymetadata.o
                                0x1ee (size before relaxing)
 .debug_str     0x000004f4      0x154 .\CortexM3\ARM_GCC_541\Debug\Cm3Start.o
                                0x324 (size before relaxing)
 .debug_str     0x00000648      0x193 .\CortexM3\ARM_GCC_541\Debug\Waveforms.a(Waveform_Send.o)
                                0x37f (size before relaxing)
 .debug_str     0x000007db       0x4b .\CortexM3\ARM_GCC_541\Debug\Waveforms.a(Fs.o)
                                0x1dd (size before relaxing)
 .debug_str     0x00000826      0x1ae .\CortexM3\ARM_GCC_541\Debug\Waveforms.a(Wave_Out.o)
                                0x37a (size before relaxing)
 .debug_str     0x000009d4       0xd6 .\CortexM3\ARM_GCC_541\Debug\Waveforms.a(Wave_Out_DMA_dma.o)
                                0x292 (size before relaxing)
 .debug_str     0x00000aaa       0xbf .\CortexM3\ARM_GCC_541\Debug\Waveforms.a(Wave_Out_VDAC8.o)
                                0x283 (size before relaxing)
 .debug_str     0x00000b69      0x1b1 .\CortexM3\ARM_GCC_541\Debug\Waveforms.a(Wave_Out_IntClock.o)
                                0x370 (size before relaxing)
 .debug_str     0x00000d1a      0x2df .\CortexM3\ARM_GCC_541\Debug\Waveforms.a(CyDmac.o)
                                0x554 (size before relaxing)
 .debug_str     0x00000ff9      0x7ec .\CortexM3\ARM_GCC_541\Debug\Waveforms.a(CyLib.o)
                                0xa51 (size before relaxing)
 .debug_str     0x000017e5      0x365 .\CortexM3\ARM_GCC_541\Debug\Waveforms.a(cyPm.o)
                                0x73d (size before relaxing)
 .debug_str     0x00001b4a      0x133 .\CortexM3\ARM_GCC_541\Debug\Waveforms.a(Waveform_ISR.o)
                                0x312 (size before relaxing)
 .debug_str     0x00001c7d       0x7d .\CortexM3\ARM_GCC_541\Debug\Waveforms.a(DACBuffer.o)
                                0x21d (size before relaxing)
 .debug_str     0x00001cfa      0x1bb .\CortexM3\ARM_GCC_541\Debug\Waveforms.a(CyFlash.o)
                                0x3ca (size before relaxing)
 .debug_str     0x00001eb5       0xac .\CortexM3\ARM_GCC_541\Debug\Waveforms.a(CySpc.o)
                                0x342 (size before relaxing)

.debug_loc      0x00000000     0x28d1
 *(.debug_loc)
 .debug_loc     0x00000000       0x1f .\CortexM3\ARM_GCC_541\Debug\main.o
 .debug_loc     0x0000001f      0x1d7 .\CortexM3\ARM_GCC_541\Debug\cyfitter_cfg.o
 .debug_loc     0x000001f6      0x144 .\CortexM3\ARM_GCC_541\Debug\Cm3Start.o
 .debug_loc     0x0000033a       0x42 .\CortexM3\ARM_GCC_541\Debug\Waveforms.a(Fs.o)
 .debug_loc     0x0000037c       0x7b .\CortexM3\ARM_GCC_541\Debug\Waveforms.a(Wave_Out.o)
 .debug_loc     0x000003f7       0x84 .\CortexM3\ARM_GCC_541\Debug\Waveforms.a(Wave_Out_DMA_dma.o)
 .debug_loc     0x0000047b       0x79 .\CortexM3\ARM_GCC_541\Debug\Waveforms.a(Wave_Out_VDAC8.o)
 .debug_loc     0x000004f4      0x12c .\CortexM3\ARM_GCC_541\Debug\Waveforms.a(Wave_Out_IntClock.o)
 .debug_loc     0x00000620      0xb8e .\CortexM3\ARM_GCC_541\Debug\Waveforms.a(CyDmac.o)
 .debug_loc     0x000011ae      0xa11 .\CortexM3\ARM_GCC_541\Debug\Waveforms.a(CyLib.o)
 .debug_loc     0x00001bbf      0x1e4 .\CortexM3\ARM_GCC_541\Debug\Waveforms.a(cyPm.o)
 .debug_loc     0x00001da3       0x56 .\CortexM3\ARM_GCC_541\Debug\Waveforms.a(Waveform_ISR.o)
 .debug_loc     0x00001df9       0x21 .\CortexM3\ARM_GCC_541\Debug\Waveforms.a(DACBuffer.o)
 .debug_loc     0x00001e1a      0x3b2 .\CortexM3\ARM_GCC_541\Debug\Waveforms.a(CyFlash.o)
 .debug_loc     0x000021cc      0x705 .\CortexM3\ARM_GCC_541\Debug\Waveforms.a(CySpc.o)

.debug_macinfo
 *(.debug_macinfo)

.debug_ranges   0x00000000      0x798
 *(.debug_ranges)
 .debug_ranges  0x00000000       0x18 .\CortexM3\ARM_GCC_541\Debug\main.o
 .debug_ranges  0x00000018       0x48 .\CortexM3\ARM_GCC_541\Debug\cyfitter_cfg.o
 .debug_ranges  0x00000060       0x38 .\CortexM3\ARM_GCC_541\Debug\Cm3Start.o
 .debug_ranges  0x00000098       0x78 .\CortexM3\ARM_GCC_541\Debug\Waveforms.a(Waveform_Send.o)
 .debug_ranges  0x00000110       0x28 .\CortexM3\ARM_GCC_541\Debug\Waveforms.a(Fs.o)
 .debug_ranges  0x00000138       0x38 .\CortexM3\ARM_GCC_541\Debug\Waveforms.a(Wave_Out.o)
 .debug_ranges  0x00000170       0x18 .\CortexM3\ARM_GCC_541\Debug\Waveforms.a(Wave_Out_DMA_dma.o)
 .debug_ranges  0x00000188       0x48 .\CortexM3\ARM_GCC_541\Debug\Waveforms.a(Wave_Out_VDAC8.o)
 .debug_ranges  0x000001d0       0x60 .\CortexM3\ARM_GCC_541\Debug\Waveforms.a(Wave_Out_IntClock.o)
 .debug_ranges  0x00000230       0xc8 .\CortexM3\ARM_GCC_541\Debug\Waveforms.a(CyDmac.o)
 .debug_ranges  0x000002f8      0x290 .\CortexM3\ARM_GCC_541\Debug\Waveforms.a(CyLib.o)
 .debug_ranges  0x00000588       0x88 .\CortexM3\ARM_GCC_541\Debug\Waveforms.a(cyPm.o)
 .debug_ranges  0x00000610       0x70 .\CortexM3\ARM_GCC_541\Debug\Waveforms.a(Waveform_ISR.o)
 .debug_ranges  0x00000680       0x30 .\CortexM3\ARM_GCC_541\Debug\Waveforms.a(DACBuffer.o)
 .debug_ranges  0x000006b0       0x78 .\CortexM3\ARM_GCC_541\Debug\Waveforms.a(CyFlash.o)
 .debug_ranges  0x00000728       0x70 .\CortexM3\ARM_GCC_541\Debug\Waveforms.a(CySpc.o)

.comment        0x00000000       0x6e
 .comment       0x00000000       0x6e .\CortexM3\ARM_GCC_541\Debug\main.o
                                 0x6f (size before relaxing)
 .comment       0x0000006e       0x6f .\CortexM3\ARM_GCC_541\Debug\waveforms.o
 .comment       0x0000006e       0x6f .\CortexM3\ARM_GCC_541\Debug\cyfitter_cfg.o
 .comment       0x0000006e       0x6f .\CortexM3\ARM_GCC_541\Debug\cymetadata.o
 .comment       0x0000006e       0x6f .\CortexM3\ARM_GCC_541\Debug\Cm3Start.o
 .comment       0x0000006e       0x6f .\CortexM3\ARM_GCC_541\Debug\Waveforms.a(Waveform_Send.o)
 .comment       0x0000006e       0x6f .\CortexM3\ARM_GCC_541\Debug\Waveforms.a(Fs.o)
 .comment       0x0000006e       0x6f .\CortexM3\ARM_GCC_541\Debug\Waveforms.a(Wave_Out.o)
 .comment       0x0000006e       0x6f .\CortexM3\ARM_GCC_541\Debug\Waveforms.a(Wave_Out_DMA_dma.o)
 .comment       0x0000006e       0x6f .\CortexM3\ARM_GCC_541\Debug\Waveforms.a(Wave_Out_VDAC8.o)
 .comment       0x0000006e       0x6f .\CortexM3\ARM_GCC_541\Debug\Waveforms.a(Wave_Out_IntClock.o)
 .comment       0x0000006e       0x6f .\CortexM3\ARM_GCC_541\Debug\Waveforms.a(CyDmac.o)
 .comment       0x0000006e       0x6f .\CortexM3\ARM_GCC_541\Debug\Waveforms.a(CyLib.o)
 .comment       0x0000006e       0x6f .\CortexM3\ARM_GCC_541\Debug\Waveforms.a(cyPm.o)
 .comment       0x0000006e       0x6f .\CortexM3\ARM_GCC_541\Debug\Waveforms.a(Waveform_ISR.o)
 .comment       0x0000006e       0x6f .\CortexM3\ARM_GCC_541\Debug\Waveforms.a(DACBuffer.o)
 .comment       0x0000006e       0x6f .\CortexM3\ARM_GCC_541\Debug\Waveforms.a(CyFlash.o)
 .comment       0x0000006e       0x6f .\CortexM3\ARM_GCC_541\Debug\Waveforms.a(CySpc.o)

.debug_weaknames
 *(.debug_weaknames)

.debug_funcnames
 *(.debug_funcnames)

.debug_typenames
 *(.debug_typenames)

.debug_varnames
 *(.debug_varnames)

.note.gnu.arm.ident
 *(.note.gnu.arm.ident)

.ARM.attributes
                0x00000000       0x29
 *(.ARM.attributes)
 .ARM.attributes
                0x00000000       0x1d c:/program files (x86)/cypress/psoc creator/4.4/psoc creator/import/gnu/arm/5.4.1/bin/../lib/gcc/arm-none-eabi/5.4.1/armv7-m/crti.o
 .ARM.attributes
                0x0000001d       0x2d c:/program files (x86)/cypress/psoc creator/4.4/psoc creator/import/gnu/arm/5.4.1/bin/../lib/gcc/arm-none-eabi/5.4.1/armv7-m/crtbegin.o
 .ARM.attributes
                0x0000004a       0x1b c:/program files (x86)/cypress/psoc creator/4.4/psoc creator/import/gnu/arm/5.4.1/bin/../lib/gcc/arm-none-eabi/5.4.1/../../../../arm-none-eabi/lib/armv7-m/crt0.o
 .ARM.attributes
                0x00000065       0x33 .\CortexM3\ARM_GCC_541\Debug\main.o
 .ARM.attributes
                0x00000098       0x33 .\CortexM3\ARM_GCC_541\Debug\waveforms.o
 .ARM.attributes
                0x000000cb       0x33 .\CortexM3\ARM_GCC_541\Debug\cyfitter_cfg.o
 .ARM.attributes
                0x000000fe       0x33 .\CortexM3\ARM_GCC_541\Debug\cymetadata.o
 .ARM.attributes
                0x00000131       0x33 .\CortexM3\ARM_GCC_541\Debug\Cm3Start.o
 .ARM.attributes
                0x00000164       0x33 .\CortexM3\ARM_GCC_541\Debug\Waveforms.a(Waveform_Send.o)
 .ARM.attributes
                0x00000197       0x33 .\CortexM3\ARM_GCC_541\Debug\Waveforms.a(Fs.o)
 .ARM.attributes
                0x000001ca       0x33 .\CortexM3\ARM_GCC_541\Debug\Waveforms.a(Wave_Out.o)
 .ARM.attributes
                0x000001fd       0x33 .\CortexM3\ARM_GCC_541\Debug\Waveforms.a(Wave_Out_DMA_dma.o)
 .ARM.attributes
                0x00000230       0x33 .\CortexM3\ARM_GCC_541\Debug\Waveforms.a(Wave_Out_VDAC8.o)
 .ARM.attributes
                0x00000263       0x33 .\CortexM3\ARM_GCC_541\Debug\Waveforms.a(Wave_Out_IntClock.o)
 .ARM.attributes
                0x00000296       0x33 .\CortexM3\ARM_GCC_541\Debug\Waveforms.a(CyDmac.o)
 .ARM.attributes
                0x000002c9       0x33 .\CortexM3\ARM_GCC_541\Debug\Waveforms.a(CyLib.o)
 .ARM.attributes
                0x000002fc       0x33 .\CortexM3\ARM_GCC_541\Debug\Waveforms.a(cyPm.o)
 .ARM.attributes
                0x0000032f       0x33 .\CortexM3\ARM_GCC_541\Debug\Waveforms.a(Waveform_ISR.o)
 .ARM.attributes
                0x00000362       0x33 .\CortexM3\ARM_GCC_541\Debug\Waveforms.a(DACBuffer.o)
 .ARM.attributes
                0x00000395       0x21 .\CortexM3\ARM_GCC_541\Debug\Waveforms.a(CyBootAsmGnu.o)
 .ARM.attributes
                0x000003b6       0x33 .\CortexM3\ARM_GCC_541\Debug\Waveforms.a(CyFlash.o)
 .ARM.attributes
                0x000003e9       0x33 .\CortexM3\ARM_GCC_541\Debug\Waveforms.a(CySpc.o)
 .ARM.attributes
                0x0000041c       0x2d c:/program files (x86)/cypress/psoc creator/4.4/psoc creator/import/gnu/arm/5.4.1/bin/../lib/gcc/arm-none-eabi/5.4.1/../../../../arm-none-eabi/lib/armv7-m\libg_nano.a(lib_a-errno.o)
 .ARM.attributes
                0x00000449       0x2d c:/program files (x86)/cypress/psoc creator/4.4/psoc creator/import/gnu/arm/5.4.1/bin/../lib/gcc/arm-none-eabi/5.4.1/../../../../arm-none-eabi/lib/armv7-m\libg_nano.a(lib_a-exit.o)
 .ARM.attributes
                0x00000476       0x2d c:/program files (x86)/cypress/psoc creator/4.4/psoc creator/import/gnu/arm/5.4.1/bin/../lib/gcc/arm-none-eabi/5.4.1/../../../../arm-none-eabi/lib/armv7-m\libg_nano.a(lib_a-impure.o)
 .ARM.attributes
                0x000004a3       0x2d c:/program files (x86)/cypress/psoc creator/4.4/psoc creator/import/gnu/arm/5.4.1/bin/../lib/gcc/arm-none-eabi/5.4.1/../../../../arm-none-eabi/lib/armv7-m\libg_nano.a(lib_a-init.o)
 .ARM.attributes
                0x000004d0       0x2d c:/program files (x86)/cypress/psoc creator/4.4/psoc creator/import/gnu/arm/5.4.1/bin/../lib/gcc/arm-none-eabi/5.4.1/../../../../arm-none-eabi/lib/armv7-m\libg_nano.a(lib_a-memcpy-stub.o)
 .ARM.attributes
                0x000004fd       0x2d c:/program files (x86)/cypress/psoc creator/4.4/psoc creator/import/gnu/arm/5.4.1/bin/../lib/gcc/arm-none-eabi/5.4.1/../../../../arm-none-eabi/lib/armv7-m\libg_nano.a(lib_a-memset.o)
 .ARM.attributes
                0x0000052a       0x2d c:/program files (x86)/cypress/psoc creator/4.4/psoc creator/import/gnu/arm/5.4.1/bin/../lib/gcc/arm-none-eabi/5.4.1/armv7-m/crtend.o
 .ARM.attributes
                0x00000557       0x1d c:/program files (x86)/cypress/psoc creator/4.4/psoc creator/import/gnu/arm/5.4.1/bin/../lib/gcc/arm-none-eabi/5.4.1/armv7-m/crtn.o

/DISCARD/
 *(.note.GNU-stack)
OUTPUT(C:\Users\simon\OneDrive\Documents\PSoC Creator\FinalProject\Waveforms.cydsn\CortexM3\ARM_GCC_541\Debug\Waveforms.elf elf32-littlearm)
