Archive member included to satisfy reference by file (symbol)

.\CortexM3\ARM_GCC_541\Debug\KeysToNote.a(Button_Switch.o)
                              .\CortexM3\ARM_GCC_541\Debug\main.o (Button_Switch_StartEx)
.\CortexM3\ARM_GCC_541\Debug\KeysToNote.a(KeyNote_Low.o)
                              .\CortexM3\ARM_GCC_541\Debug\main.o (KeyNote_Low_Read)
.\CortexM3\ARM_GCC_541\Debug\KeysToNote.a(CyDmac.o)
                              .\CortexM3\ARM_GCC_541\Debug\Cm3Start.o (CyDmacConfigure)
.\CortexM3\ARM_GCC_541\Debug\KeysToNote.a(CyLib.o)
                              .\CortexM3\ARM_GCC_541\Debug\Cm3Start.o (CyHalt)
.\CortexM3\ARM_GCC_541\Debug\KeysToNote.a(cyPm.o)
                              .\CortexM3\ARM_GCC_541\Debug\KeysToNote.a(CyLib.o) (CyPmReadStatus)
.\CortexM3\ARM_GCC_541\Debug\KeysToNote.a(Waveform_Send.o)
                              .\CortexM3\ARM_GCC_541\Debug\main.o (Waveform_Send_ReadStatusRegister)
.\CortexM3\ARM_GCC_541\Debug\KeysToNote.a(Fs.o)
                              .\CortexM3\ARM_GCC_541\Debug\main.o (Fs_Write)
.\CortexM3\ARM_GCC_541\Debug\KeysToNote.a(Waveform_ISR.o)
                              .\CortexM3\ARM_GCC_541\Debug\main.o (Waveform_ISR_StartEx)
.\CortexM3\ARM_GCC_541\Debug\KeysToNote.a(Wave_Out.o)
                              .\CortexM3\ARM_GCC_541\Debug\main.o (Wave_Out_Start)
.\CortexM3\ARM_GCC_541\Debug\KeysToNote.a(DACBuffer.o)
                              .\CortexM3\ARM_GCC_541\Debug\main.o (DACBuffer_Start)
.\CortexM3\ARM_GCC_541\Debug\KeysToNote.a(Wave_Out_DMA_dma.o)
                              .\CortexM3\ARM_GCC_541\Debug\KeysToNote.a(Wave_Out.o) (Wave_Out_DMA_DmaInitialize)
.\CortexM3\ARM_GCC_541\Debug\KeysToNote.a(Wave_Out_VDAC8.o)
                              .\CortexM3\ARM_GCC_541\Debug\KeysToNote.a(Wave_Out.o) (Wave_Out_VDAC8_Enable)
.\CortexM3\ARM_GCC_541\Debug\KeysToNote.a(Wave_Out_IntClock.o)
                              .\CortexM3\ARM_GCC_541\Debug\KeysToNote.a(Wave_Out.o) (Wave_Out_IntClock_Start)
.\CortexM3\ARM_GCC_541\Debug\KeysToNote.a(KeyNote_High.o)
                              .\CortexM3\ARM_GCC_541\Debug\main.o (KeyNote_High_Read)
.\CortexM3\ARM_GCC_541\Debug\KeysToNote.a(CyBootAsmGnu.o)
                              .\CortexM3\ARM_GCC_541\Debug\cyfitter_cfg.o (CyDelayCycles)
.\CortexM3\ARM_GCC_541\Debug\KeysToNote.a(CyFlash.o)
                              .\CortexM3\ARM_GCC_541\Debug\KeysToNote.a(cyPm.o) (CyFlash_SetWaitCycles)
.\CortexM3\ARM_GCC_541\Debug\KeysToNote.a(CySpc.o)
                              .\CortexM3\ARM_GCC_541\Debug\KeysToNote.a(CyFlash.o) (CySpcStart)
c:/program files (x86)/cypress/psoc creator/4.4/psoc creator/import/gnu/arm/5.4.1/bin/../lib/gcc/arm-none-eabi/5.4.1/../../../../arm-none-eabi/lib/armv7-m\libg_nano.a(lib_a-errno.o)
                              .\CortexM3\ARM_GCC_541\Debug\Cm3Start.o (__errno)
c:/program files (x86)/cypress/psoc creator/4.4/psoc creator/import/gnu/arm/5.4.1/bin/../lib/gcc/arm-none-eabi/5.4.1/../../../../arm-none-eabi/lib/armv7-m\libg_nano.a(lib_a-exit.o)
                              c:/program files (x86)/cypress/psoc creator/4.4/psoc creator/import/gnu/arm/5.4.1/bin/../lib/gcc/arm-none-eabi/5.4.1/../../../../arm-none-eabi/lib/armv7-m/crt0.o (exit)
c:/program files (x86)/cypress/psoc creator/4.4/psoc creator/import/gnu/arm/5.4.1/bin/../lib/gcc/arm-none-eabi/5.4.1/../../../../arm-none-eabi/lib/armv7-m\libg_nano.a(lib_a-impure.o)
                              c:/program files (x86)/cypress/psoc creator/4.4/psoc creator/import/gnu/arm/5.4.1/bin/../lib/gcc/arm-none-eabi/5.4.1/../../../../arm-none-eabi/lib/armv7-m\libg_nano.a(lib_a-exit.o) (_global_impure_ptr)
c:/program files (x86)/cypress/psoc creator/4.4/psoc creator/import/gnu/arm/5.4.1/bin/../lib/gcc/arm-none-eabi/5.4.1/../../../../arm-none-eabi/lib/armv7-m\libg_nano.a(lib_a-init.o)
                              c:/program files (x86)/cypress/psoc creator/4.4/psoc creator/import/gnu/arm/5.4.1/bin/../lib/gcc/arm-none-eabi/5.4.1/../../../../arm-none-eabi/lib/armv7-m/crt0.o (__libc_init_array)
c:/program files (x86)/cypress/psoc creator/4.4/psoc creator/import/gnu/arm/5.4.1/bin/../lib/gcc/arm-none-eabi/5.4.1/../../../../arm-none-eabi/lib/armv7-m\libg_nano.a(lib_a-memcpy-stub.o)
                              .\CortexM3\ARM_GCC_541\Debug\cyfitter_cfg.o (memcpy)
c:/program files (x86)/cypress/psoc creator/4.4/psoc creator/import/gnu/arm/5.4.1/bin/../lib/gcc/arm-none-eabi/5.4.1/../../../../arm-none-eabi/lib/armv7-m\libg_nano.a(lib_a-memset.o)
                              c:/program files (x86)/cypress/psoc creator/4.4/psoc creator/import/gnu/arm/5.4.1/bin/../lib/gcc/arm-none-eabi/5.4.1/../../../../arm-none-eabi/lib/armv7-m/crt0.o (memset)

Allocating common symbols
Common symbol       size              file

dieTemperature      0x2               .\CortexM3\ARM_GCC_541\Debug\KeysToNote.a(CyFlash.o)

Discarded input sections

 .text          0x00000000        0x0 c:/program files (x86)/cypress/psoc creator/4.4/psoc creator/import/gnu/arm/5.4.1/bin/../lib/gcc/arm-none-eabi/5.4.1/armv7-m/crti.o
 .data          0x00000000        0x0 c:/program files (x86)/cypress/psoc creator/4.4/psoc creator/import/gnu/arm/5.4.1/bin/../lib/gcc/arm-none-eabi/5.4.1/armv7-m/crti.o
 .bss           0x00000000        0x0 c:/program files (x86)/cypress/psoc creator/4.4/psoc creator/import/gnu/arm/5.4.1/bin/../lib/gcc/arm-none-eabi/5.4.1/armv7-m/crti.o
 .data          0x00000000        0x4 c:/program files (x86)/cypress/psoc creator/4.4/psoc creator/import/gnu/arm/5.4.1/bin/../lib/gcc/arm-none-eabi/5.4.1/armv7-m/crtbegin.o
 .text          0x00000000       0x74 c:/program files (x86)/cypress/psoc creator/4.4/psoc creator/import/gnu/arm/5.4.1/bin/../lib/gcc/arm-none-eabi/5.4.1/../../../../arm-none-eabi/lib/armv7-m/crt0.o
 .data          0x00000000        0x0 c:/program files (x86)/cypress/psoc creator/4.4/psoc creator/import/gnu/arm/5.4.1/bin/../lib/gcc/arm-none-eabi/5.4.1/../../../../arm-none-eabi/lib/armv7-m/crt0.o
 .bss           0x00000000        0x0 c:/program files (x86)/cypress/psoc creator/4.4/psoc creator/import/gnu/arm/5.4.1/bin/../lib/gcc/arm-none-eabi/5.4.1/../../../../arm-none-eabi/lib/armv7-m/crt0.o
 .ARM.extab     0x00000000        0x0 c:/program files (x86)/cypress/psoc creator/4.4/psoc creator/import/gnu/arm/5.4.1/bin/../lib/gcc/arm-none-eabi/5.4.1/../../../../arm-none-eabi/lib/armv7-m/crt0.o
 .ARM.exidx     0x00000000        0x8 c:/program files (x86)/cypress/psoc creator/4.4/psoc creator/import/gnu/arm/5.4.1/bin/../lib/gcc/arm-none-eabi/5.4.1/../../../../arm-none-eabi/lib/armv7-m/crt0.o
 .text          0x00000000        0x0 .\CortexM3\ARM_GCC_541\Debug\main.o
 .text          0x00000000        0x0 .\CortexM3\ARM_GCC_541\Debug\waveforms.o
 .text          0x00000000        0x0 .\CortexM3\ARM_GCC_541\Debug\cyfitter_cfg.o
 .data          0x00000000        0x0 .\CortexM3\ARM_GCC_541\Debug\cyfitter_cfg.o
 .bss           0x00000000        0x0 .\CortexM3\ARM_GCC_541\Debug\cyfitter_cfg.o
 .text.SetAnalogRoutingPumps
                0x00000000       0x1c .\CortexM3\ARM_GCC_541\Debug\cyfitter_cfg.o
 .text          0x00000000        0x0 .\CortexM3\ARM_GCC_541\Debug\cymetadata.o
 .data          0x00000000        0x0 .\CortexM3\ARM_GCC_541\Debug\cymetadata.o
 .bss           0x00000000        0x0 .\CortexM3\ARM_GCC_541\Debug\cymetadata.o
 .text          0x00000000        0x0 .\CortexM3\ARM_GCC_541\Debug\Cm3Start.o
 .data          0x00000000        0x4 .\CortexM3\ARM_GCC_541\Debug\Cm3Start.o
 .bss           0x00000000        0x0 .\CortexM3\ARM_GCC_541\Debug\Cm3Start.o
 .text._exit    0x00000000        0xc .\CortexM3\ARM_GCC_541\Debug\Cm3Start.o
 .text._sbrk    0x00000000       0x30 .\CortexM3\ARM_GCC_541\Debug\Cm3Start.o
 .text          0x00000000        0x0 .\CortexM3\ARM_GCC_541\Debug\KeysToNote.a(Button_Switch.o)
 .data          0x00000000        0x0 .\CortexM3\ARM_GCC_541\Debug\KeysToNote.a(Button_Switch.o)
 .bss           0x00000000        0x0 .\CortexM3\ARM_GCC_541\Debug\KeysToNote.a(Button_Switch.o)
 .text.Button_Switch_Interrupt
                0x00000000        0x4 .\CortexM3\ARM_GCC_541\Debug\KeysToNote.a(Button_Switch.o)
 .text.Button_Switch_GetVector
                0x00000000        0xc .\CortexM3\ARM_GCC_541\Debug\KeysToNote.a(Button_Switch.o)
 .text.Button_Switch_GetPriority
                0x00000000        0xc .\CortexM3\ARM_GCC_541\Debug\KeysToNote.a(Button_Switch.o)
 .text.Button_Switch_GetState
                0x00000000       0x10 .\CortexM3\ARM_GCC_541\Debug\KeysToNote.a(Button_Switch.o)
 .text.Button_Switch_Start
                0x00000000       0x1c .\CortexM3\ARM_GCC_541\Debug\KeysToNote.a(Button_Switch.o)
 .text.Button_Switch_Stop
                0x00000000       0x14 .\CortexM3\ARM_GCC_541\Debug\KeysToNote.a(Button_Switch.o)
 .text.Button_Switch_SetPending
                0x00000000        0xc .\CortexM3\ARM_GCC_541\Debug\KeysToNote.a(Button_Switch.o)
 .text.Button_Switch_ClearPending
                0x00000000        0xc .\CortexM3\ARM_GCC_541\Debug\KeysToNote.a(Button_Switch.o)
 .text          0x00000000        0x0 .\CortexM3\ARM_GCC_541\Debug\KeysToNote.a(KeyNote_Low.o)
 .data          0x00000000        0x0 .\CortexM3\ARM_GCC_541\Debug\KeysToNote.a(KeyNote_Low.o)
 .bss           0x00000000        0x0 .\CortexM3\ARM_GCC_541\Debug\KeysToNote.a(KeyNote_Low.o)
 .text.KeyNote_Low_InterruptEnable
                0x00000000       0x1c .\CortexM3\ARM_GCC_541\Debug\KeysToNote.a(KeyNote_Low.o)
 .text.KeyNote_Low_InterruptDisable
                0x00000000       0x1c .\CortexM3\ARM_GCC_541\Debug\KeysToNote.a(KeyNote_Low.o)
 .text.KeyNote_Low_WriteMask
                0x00000000        0xc .\CortexM3\ARM_GCC_541\Debug\KeysToNote.a(KeyNote_Low.o)
 .text.KeyNote_Low_ReadMask
                0x00000000        0xc .\CortexM3\ARM_GCC_541\Debug\KeysToNote.a(KeyNote_Low.o)
 .text          0x00000000        0x0 .\CortexM3\ARM_GCC_541\Debug\KeysToNote.a(CyDmac.o)
 .bss           0x00000000        0x0 .\CortexM3\ARM_GCC_541\Debug\KeysToNote.a(CyDmac.o)
 .text.CyDmacError
                0x00000000       0x10 .\CortexM3\ARM_GCC_541\Debug\KeysToNote.a(CyDmac.o)
 .text.CyDmacClearError
                0x00000000       0x10 .\CortexM3\ARM_GCC_541\Debug\KeysToNote.a(CyDmac.o)
 .text.CyDmacErrorAddress
                0x00000000        0xc .\CortexM3\ARM_GCC_541\Debug\KeysToNote.a(CyDmac.o)
 .text.CyDmaChAlloc
                0x00000000       0x38 .\CortexM3\ARM_GCC_541\Debug\KeysToNote.a(CyDmac.o)
 .text.CyDmaChFree
                0x00000000       0x2c .\CortexM3\ARM_GCC_541\Debug\KeysToNote.a(CyDmac.o)
 .text.CyDmaChDisable
                0x00000000       0x24 .\CortexM3\ARM_GCC_541\Debug\KeysToNote.a(CyDmac.o)
 .text.CyDmaClearPendingDrq
                0x00000000       0x28 .\CortexM3\ARM_GCC_541\Debug\KeysToNote.a(CyDmac.o)
 .text.CyDmaChSetRequest
                0x00000000       0x20 .\CortexM3\ARM_GCC_541\Debug\KeysToNote.a(CyDmac.o)
 .text.CyDmaChGetRequest
                0x00000000       0x1c .\CortexM3\ARM_GCC_541\Debug\KeysToNote.a(CyDmac.o)
 .text.CyDmaChStatus
                0x00000000       0x30 .\CortexM3\ARM_GCC_541\Debug\KeysToNote.a(CyDmac.o)
 .text.CyDmaTdFree
                0x00000000       0x34 .\CortexM3\ARM_GCC_541\Debug\KeysToNote.a(CyDmac.o)
 .text.CyDmaTdFreeCount
                0x00000000       0x10 .\CortexM3\ARM_GCC_541\Debug\KeysToNote.a(CyDmac.o)
 .text.CyDmaTdGetConfiguration
                0x00000000       0x4c .\CortexM3\ARM_GCC_541\Debug\KeysToNote.a(CyDmac.o)
 .text.CyDmaTdGetAddress
                0x00000000       0x34 .\CortexM3\ARM_GCC_541\Debug\KeysToNote.a(CyDmac.o)
 .text.CyDmaChRoundRobin
                0x00000000       0x30 .\CortexM3\ARM_GCC_541\Debug\KeysToNote.a(CyDmac.o)
 .text          0x00000000        0x0 .\CortexM3\ARM_GCC_541\Debug\KeysToNote.a(CyLib.o)
 .data          0x00000000       0x10 .\CortexM3\ARM_GCC_541\Debug\KeysToNote.a(CyLib.o)
 .bss           0x00000000       0x1c .\CortexM3\ARM_GCC_541\Debug\KeysToNote.a(CyLib.o)
 .text.CyUSB_PowerOnCheck
                0x00000000       0x48 .\CortexM3\ARM_GCC_541\Debug\KeysToNote.a(CyLib.o)
 .text.CyBusClk_Internal_SetDivider
                0x00000000       0x48 .\CortexM3\ARM_GCC_541\Debug\KeysToNote.a(CyLib.o)
 .text.CyPLL_OUT_Stop
                0x00000000       0x10 .\CortexM3\ARM_GCC_541\Debug\KeysToNote.a(CyLib.o)
 .text.CyIMO_Stop
                0x00000000       0x1c .\CortexM3\ARM_GCC_541\Debug\KeysToNote.a(CyLib.o)
 .text.CyIMO_EnableDoubler
                0x00000000       0x10 .\CortexM3\ARM_GCC_541\Debug\KeysToNote.a(CyLib.o)
 .text.CyIMO_DisableDoubler
                0x00000000       0x10 .\CortexM3\ARM_GCC_541\Debug\KeysToNote.a(CyLib.o)
 .text.CyMasterClk_SetSource
                0x00000000       0x18 .\CortexM3\ARM_GCC_541\Debug\KeysToNote.a(CyLib.o)
 .text.CyMasterClk_SetDivider
                0x00000000        0xc .\CortexM3\ARM_GCC_541\Debug\KeysToNote.a(CyLib.o)
 .text.CyBusClk_SetDivider
                0x00000000       0x70 .\CortexM3\ARM_GCC_541\Debug\KeysToNote.a(CyLib.o)
 .text.CyUsbClk_SetSource
                0x00000000       0x18 .\CortexM3\ARM_GCC_541\Debug\KeysToNote.a(CyLib.o)
 .text.CyILO_Start1K
                0x00000000       0x10 .\CortexM3\ARM_GCC_541\Debug\KeysToNote.a(CyLib.o)
 .text.CyILO_Stop1K
                0x00000000       0x10 .\CortexM3\ARM_GCC_541\Debug\KeysToNote.a(CyLib.o)
 .text.CyILO_Start100K
                0x00000000       0x10 .\CortexM3\ARM_GCC_541\Debug\KeysToNote.a(CyLib.o)
 .text.CyILO_Stop100K
                0x00000000       0x10 .\CortexM3\ARM_GCC_541\Debug\KeysToNote.a(CyLib.o)
 .text.CyPLL_OUT_Start
                0x00000000       0x78 .\CortexM3\ARM_GCC_541\Debug\KeysToNote.a(CyLib.o)
 .text.CyIMO_Start
                0x00000000       0x60 .\CortexM3\ARM_GCC_541\Debug\KeysToNote.a(CyLib.o)
 .text.CyILO_Enable33K
                0x00000000       0x10 .\CortexM3\ARM_GCC_541\Debug\KeysToNote.a(CyLib.o)
 .text.CyILO_Disable33K
                0x00000000       0x10 .\CortexM3\ARM_GCC_541\Debug\KeysToNote.a(CyLib.o)
 .text.CyILO_SetSource
                0x00000000       0x18 .\CortexM3\ARM_GCC_541\Debug\KeysToNote.a(CyLib.o)
 .text.CyILO_SetPowerMode
                0x00000000       0x24 .\CortexM3\ARM_GCC_541\Debug\KeysToNote.a(CyLib.o)
 .text.CyXTAL_32KHZ_Stop
                0x00000000       0x30 .\CortexM3\ARM_GCC_541\Debug\KeysToNote.a(CyLib.o)
 .text.CyXTAL_32KHZ_ReadStatus
                0x00000000       0x10 .\CortexM3\ARM_GCC_541\Debug\KeysToNote.a(CyLib.o)
 .text.CyXTAL_Start
                0x00000000       0xac .\CortexM3\ARM_GCC_541\Debug\KeysToNote.a(CyLib.o)
 .text.CyXTAL_Stop
                0x00000000       0x10 .\CortexM3\ARM_GCC_541\Debug\KeysToNote.a(CyLib.o)
 .text.CyXTAL_EnableErrStatus
                0x00000000       0x10 .\CortexM3\ARM_GCC_541\Debug\KeysToNote.a(CyLib.o)
 .text.CyXTAL_DisableErrStatus
                0x00000000       0x10 .\CortexM3\ARM_GCC_541\Debug\KeysToNote.a(CyLib.o)
 .text.CyXTAL_ReadStatus
                0x00000000       0x18 .\CortexM3\ARM_GCC_541\Debug\KeysToNote.a(CyLib.o)
 .text.CyXTAL_EnableFaultRecovery
                0x00000000       0x10 .\CortexM3\ARM_GCC_541\Debug\KeysToNote.a(CyLib.o)
 .text.CyXTAL_DisableFaultRecovery
                0x00000000       0x10 .\CortexM3\ARM_GCC_541\Debug\KeysToNote.a(CyLib.o)
 .text.CyXTAL_SetStartup
                0x00000000       0x18 .\CortexM3\ARM_GCC_541\Debug\KeysToNote.a(CyLib.o)
 .text.CyXTAL_SetFbVoltage
                0x00000000       0x18 .\CortexM3\ARM_GCC_541\Debug\KeysToNote.a(CyLib.o)
 .text.CyXTAL_SetWdVoltage
                0x00000000       0x18 .\CortexM3\ARM_GCC_541\Debug\KeysToNote.a(CyLib.o)
 .text.CyPLL_OUT_SetPQ
                0x00000000       0x60 .\CortexM3\ARM_GCC_541\Debug\KeysToNote.a(CyLib.o)
 .text.CyPLL_OUT_SetSource
                0x00000000       0x34 .\CortexM3\ARM_GCC_541\Debug\KeysToNote.a(CyLib.o)
 .text.CyIMO_SetTrimValue
                0x00000000       0xcc .\CortexM3\ARM_GCC_541\Debug\KeysToNote.a(CyLib.o)
 .text.CyIMO_SetFreq
                0x00000000       0xf4 .\CortexM3\ARM_GCC_541\Debug\KeysToNote.a(CyLib.o)
 .text.CyIMO_SetSource
                0x00000000       0x58 .\CortexM3\ARM_GCC_541\Debug\KeysToNote.a(CyLib.o)
 .text.CySoftwareReset
                0x00000000       0x10 .\CortexM3\ARM_GCC_541\Debug\KeysToNote.a(CyLib.o)
 .text.CyDelay  0x00000000       0x2c .\CortexM3\ARM_GCC_541\Debug\KeysToNote.a(CyLib.o)
 .text.CyDelayUs
                0x00000000       0x14 .\CortexM3\ARM_GCC_541\Debug\KeysToNote.a(CyLib.o)
 .text.CyXTAL_32KHZ_SetPowerMode
                0x00000000       0x84 .\CortexM3\ARM_GCC_541\Debug\KeysToNote.a(CyLib.o)
 .text.CyXTAL_32KHZ_Start
                0x00000000       0x74 .\CortexM3\ARM_GCC_541\Debug\KeysToNote.a(CyLib.o)
 .text.CyDelayFreq
                0x00000000       0x4c .\CortexM3\ARM_GCC_541\Debug\KeysToNote.a(CyLib.o)
 .text.CyWdtStart
                0x00000000       0x40 .\CortexM3\ARM_GCC_541\Debug\KeysToNote.a(CyLib.o)
 .text.CyWdtClear
                0x00000000        0xc .\CortexM3\ARM_GCC_541\Debug\KeysToNote.a(CyLib.o)
 .text.CyVdStickyStatus
                0x00000000       0x2c .\CortexM3\ARM_GCC_541\Debug\KeysToNote.a(CyLib.o)
 .text.CyVdLvDigitEnable
                0x00000000       0x84 .\CortexM3\ARM_GCC_541\Debug\KeysToNote.a(CyLib.o)
 .text.CyVdLvAnalogEnable
                0x00000000       0x80 .\CortexM3\ARM_GCC_541\Debug\KeysToNote.a(CyLib.o)
 .text.CyVdLvDigitDisable
                0x00000000       0x30 .\CortexM3\ARM_GCC_541\Debug\KeysToNote.a(CyLib.o)
 .text.CyVdLvAnalogDisable
                0x00000000       0x28 .\CortexM3\ARM_GCC_541\Debug\KeysToNote.a(CyLib.o)
 .text.CyVdHvAnalogEnable
                0x00000000       0x54 .\CortexM3\ARM_GCC_541\Debug\KeysToNote.a(CyLib.o)
 .text.CyVdHvAnalogDisable
                0x00000000       0x20 .\CortexM3\ARM_GCC_541\Debug\KeysToNote.a(CyLib.o)
 .text.CyVdRealTimeStatus
                0x00000000       0x1c .\CortexM3\ARM_GCC_541\Debug\KeysToNote.a(CyLib.o)
 .text.CyDisableInts
                0x00000000       0x1c .\CortexM3\ARM_GCC_541\Debug\KeysToNote.a(CyLib.o)
 .text.CyEnableInts
                0x00000000       0x18 .\CortexM3\ARM_GCC_541\Debug\KeysToNote.a(CyLib.o)
 .text.CyFlushCache
                0x00000000       0x44 .\CortexM3\ARM_GCC_541\Debug\KeysToNote.a(CyLib.o)
 .text.CyIntSetSysVector
                0x00000000       0x28 .\CortexM3\ARM_GCC_541\Debug\KeysToNote.a(CyLib.o)
 .text.CyIntGetSysVector
                0x00000000       0x20 .\CortexM3\ARM_GCC_541\Debug\KeysToNote.a(CyLib.o)
 .text.CyIntSetVector
                0x00000000       0x28 .\CortexM3\ARM_GCC_541\Debug\KeysToNote.a(CyLib.o)
 .text.CyIntGetVector
                0x00000000       0x24 .\CortexM3\ARM_GCC_541\Debug\KeysToNote.a(CyLib.o)
 .text.CyIntSetPriority
                0x00000000       0x30 .\CortexM3\ARM_GCC_541\Debug\KeysToNote.a(CyLib.o)
 .text.CyIntGetPriority
                0x00000000       0x20 .\CortexM3\ARM_GCC_541\Debug\KeysToNote.a(CyLib.o)
 .text.CyIntGetState
                0x00000000       0x24 .\CortexM3\ARM_GCC_541\Debug\KeysToNote.a(CyLib.o)
 .text.CySysTickStop
                0x00000000       0x10 .\CortexM3\ARM_GCC_541\Debug\KeysToNote.a(CyLib.o)
 .text.CySysTickEnableInterrupt
                0x00000000       0x10 .\CortexM3\ARM_GCC_541\Debug\KeysToNote.a(CyLib.o)
 .text.CySysTickEnable
                0x00000000       0x18 .\CortexM3\ARM_GCC_541\Debug\KeysToNote.a(CyLib.o)
 .text.CySysTickDisableInterrupt
                0x00000000       0x10 .\CortexM3\ARM_GCC_541\Debug\KeysToNote.a(CyLib.o)
 .text.CySysTickSetReload
                0x00000000       0x10 .\CortexM3\ARM_GCC_541\Debug\KeysToNote.a(CyLib.o)
 .text.CySysTickGetReload
                0x00000000       0x10 .\CortexM3\ARM_GCC_541\Debug\KeysToNote.a(CyLib.o)
 .text.CySysTickGetValue
                0x00000000       0x10 .\CortexM3\ARM_GCC_541\Debug\KeysToNote.a(CyLib.o)
 .text.CySysTickSetClockSource
                0x00000000       0x20 .\CortexM3\ARM_GCC_541\Debug\KeysToNote.a(CyLib.o)
 .text.CySysTickGetClockSource
                0x00000000       0x10 .\CortexM3\ARM_GCC_541\Debug\KeysToNote.a(CyLib.o)
 .text.CySysTickGetCountFlag
                0x00000000       0x10 .\CortexM3\ARM_GCC_541\Debug\KeysToNote.a(CyLib.o)
 .text.CySysTickServiceCallbacks
                0x00000000       0x28 .\CortexM3\ARM_GCC_541\Debug\KeysToNote.a(CyLib.o)
 .text.CySysTickClear
                0x00000000        0xc .\CortexM3\ARM_GCC_541\Debug\KeysToNote.a(CyLib.o)
 .text.CySysTickInit
                0x00000000       0x58 .\CortexM3\ARM_GCC_541\Debug\KeysToNote.a(CyLib.o)
 .text.CySysTickStart
                0x00000000       0x1c .\CortexM3\ARM_GCC_541\Debug\KeysToNote.a(CyLib.o)
 .text.CySysTickSetCallback
                0x00000000       0x10 .\CortexM3\ARM_GCC_541\Debug\KeysToNote.a(CyLib.o)
 .text.CySysTickGetCallback
                0x00000000       0x10 .\CortexM3\ARM_GCC_541\Debug\KeysToNote.a(CyLib.o)
 .text.CyGetUniqueId
                0x00000000       0x70 .\CortexM3\ARM_GCC_541\Debug\KeysToNote.a(CyLib.o)
 .text          0x00000000        0x0 .\CortexM3\ARM_GCC_541\Debug\KeysToNote.a(cyPm.o)
 .data          0x00000000        0x0 .\CortexM3\ARM_GCC_541\Debug\KeysToNote.a(cyPm.o)
 .bss           0x00000000       0x43 .\CortexM3\ARM_GCC_541\Debug\KeysToNote.a(cyPm.o)
 .text.CyPmHibSlpSaveSet
                0x00000000      0x1dc .\CortexM3\ARM_GCC_541\Debug\KeysToNote.a(cyPm.o)
 .text.CyPmHibSlpRestore
                0x00000000       0xd8 .\CortexM3\ARM_GCC_541\Debug\KeysToNote.a(cyPm.o)
 .text.CyPmHviLviSaveDisable
                0x00000000       0xa0 .\CortexM3\ARM_GCC_541\Debug\KeysToNote.a(cyPm.o)
 .text.CyPmHibSaveSet
                0x00000000       0x98 .\CortexM3\ARM_GCC_541\Debug\KeysToNote.a(cyPm.o)
 .text.CyPmHviLviRestore
                0x00000000       0x48 .\CortexM3\ARM_GCC_541\Debug\KeysToNote.a(cyPm.o)
 .text.CyPmHibRestore
                0x00000000       0x60 .\CortexM3\ARM_GCC_541\Debug\KeysToNote.a(cyPm.o)
 .text.CyPmSaveClocks
                0x00000000      0x218 .\CortexM3\ARM_GCC_541\Debug\KeysToNote.a(cyPm.o)
 .text.CyPmRestoreClocks
                0x00000000      0x24c .\CortexM3\ARM_GCC_541\Debug\KeysToNote.a(cyPm.o)
 .text.CyPmAltAct
                0x00000000       0x6c .\CortexM3\ARM_GCC_541\Debug\KeysToNote.a(cyPm.o)
 .text.CyPmSleep
                0x00000000       0xf4 .\CortexM3\ARM_GCC_541\Debug\KeysToNote.a(cyPm.o)
 .text.CyPmHibernateEx
                0x00000000       0xf4 .\CortexM3\ARM_GCC_541\Debug\KeysToNote.a(cyPm.o)
 .text.CyPmHibernate
                0x00000000        0xc .\CortexM3\ARM_GCC_541\Debug\KeysToNote.a(cyPm.o)
 .text.CyPmReadStatus
                0x00000000       0x30 .\CortexM3\ARM_GCC_541\Debug\KeysToNote.a(cyPm.o)
 .text.CyPmCtwSetInterval
                0x00000000       0x5c .\CortexM3\ARM_GCC_541\Debug\KeysToNote.a(cyPm.o)
 .text.CyPmOppsSet
                0x00000000       0x2c .\CortexM3\ARM_GCC_541\Debug\KeysToNote.a(cyPm.o)
 .text.CyPmFtwSetInterval
                0x00000000       0x5c .\CortexM3\ARM_GCC_541\Debug\KeysToNote.a(cyPm.o)
 .rodata        0x00000000        0xf .\CortexM3\ARM_GCC_541\Debug\KeysToNote.a(cyPm.o)
 .text          0x00000000        0x0 .\CortexM3\ARM_GCC_541\Debug\KeysToNote.a(Waveform_Send.o)
 .data          0x00000000        0x0 .\CortexM3\ARM_GCC_541\Debug\KeysToNote.a(Waveform_Send.o)
 .text.Waveform_Send_Stop
                0x00000000       0x28 .\CortexM3\ARM_GCC_541\Debug\KeysToNote.a(Waveform_Send.o)
 .text.Waveform_Send_SoftwareCapture
                0x00000000        0xc .\CortexM3\ARM_GCC_541\Debug\KeysToNote.a(Waveform_Send.o)
 .text.Waveform_Send_ReadControlRegister
                0x00000000        0xc .\CortexM3\ARM_GCC_541\Debug\KeysToNote.a(Waveform_Send.o)
 .text.Waveform_Send_WriteControlRegister
                0x00000000        0xc .\CortexM3\ARM_GCC_541\Debug\KeysToNote.a(Waveform_Send.o)
 .text.Waveform_Send_ReadPeriod
                0x00000000        0xc .\CortexM3\ARM_GCC_541\Debug\KeysToNote.a(Waveform_Send.o)
 .text.Waveform_Send_ReadCapture
                0x00000000        0xc .\CortexM3\ARM_GCC_541\Debug\KeysToNote.a(Waveform_Send.o)
 .text.Waveform_Send_ReadCounter
                0x00000000       0x14 .\CortexM3\ARM_GCC_541\Debug\KeysToNote.a(Waveform_Send.o)
 .text          0x00000000        0x0 .\CortexM3\ARM_GCC_541\Debug\KeysToNote.a(Fs.o)
 .data          0x00000000        0x0 .\CortexM3\ARM_GCC_541\Debug\KeysToNote.a(Fs.o)
 .bss           0x00000000        0x0 .\CortexM3\ARM_GCC_541\Debug\KeysToNote.a(Fs.o)
 .text.Fs_SetDriveMode
                0x00000000       0x18 .\CortexM3\ARM_GCC_541\Debug\KeysToNote.a(Fs.o)
 .text.Fs_ReadDataReg
                0x00000000       0x10 .\CortexM3\ARM_GCC_541\Debug\KeysToNote.a(Fs.o)
 .text          0x00000000        0x0 .\CortexM3\ARM_GCC_541\Debug\KeysToNote.a(Waveform_ISR.o)
 .data          0x00000000        0x0 .\CortexM3\ARM_GCC_541\Debug\KeysToNote.a(Waveform_ISR.o)
 .bss           0x00000000        0x0 .\CortexM3\ARM_GCC_541\Debug\KeysToNote.a(Waveform_ISR.o)
 .text.Waveform_ISR_Interrupt
                0x00000000        0x4 .\CortexM3\ARM_GCC_541\Debug\KeysToNote.a(Waveform_ISR.o)
 .text.Waveform_ISR_GetVector
                0x00000000       0x10 .\CortexM3\ARM_GCC_541\Debug\KeysToNote.a(Waveform_ISR.o)
 .text.Waveform_ISR_GetPriority
                0x00000000        0xc .\CortexM3\ARM_GCC_541\Debug\KeysToNote.a(Waveform_ISR.o)
 .text.Waveform_ISR_GetState
                0x00000000       0x18 .\CortexM3\ARM_GCC_541\Debug\KeysToNote.a(Waveform_ISR.o)
 .text.Waveform_ISR_Start
                0x00000000       0x1c .\CortexM3\ARM_GCC_541\Debug\KeysToNote.a(Waveform_ISR.o)
 .text.Waveform_ISR_Stop
                0x00000000       0x14 .\CortexM3\ARM_GCC_541\Debug\KeysToNote.a(Waveform_ISR.o)
 .text.Waveform_ISR_SetPending
                0x00000000       0x10 .\CortexM3\ARM_GCC_541\Debug\KeysToNote.a(Waveform_ISR.o)
 .text.Waveform_ISR_ClearPending
                0x00000000       0x10 .\CortexM3\ARM_GCC_541\Debug\KeysToNote.a(Waveform_ISR.o)
 .text          0x00000000        0x0 .\CortexM3\ARM_GCC_541\Debug\KeysToNote.a(Wave_Out.o)
 .text.Wave_Out_Stop
                0x00000000       0x18 .\CortexM3\ARM_GCC_541\Debug\KeysToNote.a(Wave_Out.o)
 .text          0x00000000        0x0 .\CortexM3\ARM_GCC_541\Debug\KeysToNote.a(DACBuffer.o)
 .data          0x00000000        0x0 .\CortexM3\ARM_GCC_541\Debug\KeysToNote.a(DACBuffer.o)
 .text.DACBuffer_Stop
                0x00000000       0x34 .\CortexM3\ARM_GCC_541\Debug\KeysToNote.a(DACBuffer.o)
 .text          0x00000000        0x0 .\CortexM3\ARM_GCC_541\Debug\KeysToNote.a(Wave_Out_DMA_dma.o)
 .bss           0x00000000        0x0 .\CortexM3\ARM_GCC_541\Debug\KeysToNote.a(Wave_Out_DMA_dma.o)
 .text.Wave_Out_DMA_DmaRelease
                0x00000000       0x10 .\CortexM3\ARM_GCC_541\Debug\KeysToNote.a(Wave_Out_DMA_dma.o)
 .text          0x00000000        0x0 .\CortexM3\ARM_GCC_541\Debug\KeysToNote.a(Wave_Out_VDAC8.o)
 .data          0x00000000        0x0 .\CortexM3\ARM_GCC_541\Debug\KeysToNote.a(Wave_Out_VDAC8.o)
 .bss           0x00000000        0x1 .\CortexM3\ARM_GCC_541\Debug\KeysToNote.a(Wave_Out_VDAC8.o)
 .text.Wave_Out_VDAC8_Stop
                0x00000000       0x1c .\CortexM3\ARM_GCC_541\Debug\KeysToNote.a(Wave_Out_VDAC8.o)
 .text.Wave_Out_VDAC8_SetValue
                0x00000000        0xc .\CortexM3\ARM_GCC_541\Debug\KeysToNote.a(Wave_Out_VDAC8.o)
 .text.Wave_Out_VDAC8_Start
                0x00000000       0x24 .\CortexM3\ARM_GCC_541\Debug\KeysToNote.a(Wave_Out_VDAC8.o)
 .text          0x00000000        0x0 .\CortexM3\ARM_GCC_541\Debug\KeysToNote.a(Wave_Out_IntClock.o)
 .data          0x00000000        0x0 .\CortexM3\ARM_GCC_541\Debug\KeysToNote.a(Wave_Out_IntClock.o)
 .bss           0x00000000        0x0 .\CortexM3\ARM_GCC_541\Debug\KeysToNote.a(Wave_Out_IntClock.o)
 .text.Wave_Out_IntClock_Stop
                0x00000000       0x1c .\CortexM3\ARM_GCC_541\Debug\KeysToNote.a(Wave_Out_IntClock.o)
 .text.Wave_Out_IntClock_StopBlock
                0x00000000       0x6c .\CortexM3\ARM_GCC_541\Debug\KeysToNote.a(Wave_Out_IntClock.o)
 .text.Wave_Out_IntClock_StandbyPower
                0x00000000       0x20 .\CortexM3\ARM_GCC_541\Debug\KeysToNote.a(Wave_Out_IntClock.o)
 .text.Wave_Out_IntClock_GetDividerRegister
                0x00000000        0xc .\CortexM3\ARM_GCC_541\Debug\KeysToNote.a(Wave_Out_IntClock.o)
 .text.Wave_Out_IntClock_SetModeRegister
                0x00000000       0x14 .\CortexM3\ARM_GCC_541\Debug\KeysToNote.a(Wave_Out_IntClock.o)
 .text.Wave_Out_IntClock_ClearModeRegister
                0x00000000       0x18 .\CortexM3\ARM_GCC_541\Debug\KeysToNote.a(Wave_Out_IntClock.o)
 .text.Wave_Out_IntClock_GetModeRegister
                0x00000000       0x10 .\CortexM3\ARM_GCC_541\Debug\KeysToNote.a(Wave_Out_IntClock.o)
 .text.Wave_Out_IntClock_GetSourceRegister
                0x00000000       0x10 .\CortexM3\ARM_GCC_541\Debug\KeysToNote.a(Wave_Out_IntClock.o)
 .text.Wave_Out_IntClock_SetDividerRegister
                0x00000000       0xd8 .\CortexM3\ARM_GCC_541\Debug\KeysToNote.a(Wave_Out_IntClock.o)
 .text.Wave_Out_IntClock_SetSourceRegister
                0x00000000       0x5c .\CortexM3\ARM_GCC_541\Debug\KeysToNote.a(Wave_Out_IntClock.o)
 .text          0x00000000        0x0 .\CortexM3\ARM_GCC_541\Debug\KeysToNote.a(KeyNote_High.o)
 .data          0x00000000        0x0 .\CortexM3\ARM_GCC_541\Debug\KeysToNote.a(KeyNote_High.o)
 .bss           0x00000000        0x0 .\CortexM3\ARM_GCC_541\Debug\KeysToNote.a(KeyNote_High.o)
 .text.KeyNote_High_InterruptEnable
                0x00000000       0x1c .\CortexM3\ARM_GCC_541\Debug\KeysToNote.a(KeyNote_High.o)
 .text.KeyNote_High_InterruptDisable
                0x00000000       0x1c .\CortexM3\ARM_GCC_541\Debug\KeysToNote.a(KeyNote_High.o)
 .text.KeyNote_High_WriteMask
                0x00000000       0x10 .\CortexM3\ARM_GCC_541\Debug\KeysToNote.a(KeyNote_High.o)
 .text.KeyNote_High_ReadMask
                0x00000000        0xc .\CortexM3\ARM_GCC_541\Debug\KeysToNote.a(KeyNote_High.o)
 .data          0x00000000        0x0 .\CortexM3\ARM_GCC_541\Debug\KeysToNote.a(CyBootAsmGnu.o)
 .bss           0x00000000        0x0 .\CortexM3\ARM_GCC_541\Debug\KeysToNote.a(CyBootAsmGnu.o)
 .text          0x00000000        0x0 .\CortexM3\ARM_GCC_541\Debug\KeysToNote.a(CyFlash.o)
 .data          0x00000000        0x0 .\CortexM3\ARM_GCC_541\Debug\KeysToNote.a(CyFlash.o)
 .bss           0x00000000        0x0 .\CortexM3\ARM_GCC_541\Debug\KeysToNote.a(CyFlash.o)
 .text.CySetTempInt
                0x00000000       0x60 .\CortexM3\ARM_GCC_541\Debug\KeysToNote.a(CyFlash.o)
 .text.CyFlash_Start
                0x00000000       0x54 .\CortexM3\ARM_GCC_541\Debug\KeysToNote.a(CyFlash.o)
 .text.CyFlash_Stop
                0x00000000       0x24 .\CortexM3\ARM_GCC_541\Debug\KeysToNote.a(CyFlash.o)
 .text.CyFlash_EraseRow
                0x00000000       0x78 .\CortexM3\ARM_GCC_541\Debug\KeysToNote.a(CyFlash.o)
 .text.CyFlashGetSpcAlgorithm
                0x00000000       0x4c .\CortexM3\ARM_GCC_541\Debug\KeysToNote.a(CyFlash.o)
 .text.CySetTemp
                0x00000000       0x14 .\CortexM3\ARM_GCC_541\Debug\KeysToNote.a(CyFlash.o)
 .text.CySetFlashEEBuffer
                0x00000000       0x20 .\CortexM3\ARM_GCC_541\Debug\KeysToNote.a(CyFlash.o)
 .text.CyWriteRowFull
                0x00000000       0xf8 .\CortexM3\ARM_GCC_541\Debug\KeysToNote.a(CyFlash.o)
 .text.CyWriteRowData
                0x00000000       0x14 .\CortexM3\ARM_GCC_541\Debug\KeysToNote.a(CyFlash.o)
 .text.CyFlash_SetWaitCycles
                0x00000000       0x7c .\CortexM3\ARM_GCC_541\Debug\KeysToNote.a(CyFlash.o)
 .text.CyEEPROM_Start
                0x00000000       0x54 .\CortexM3\ARM_GCC_541\Debug\KeysToNote.a(CyFlash.o)
 .text.CyEEPROM_Stop
                0x00000000       0x24 .\CortexM3\ARM_GCC_541\Debug\KeysToNote.a(CyFlash.o)
 .text.CyEEPROM_ReadReserve
                0x00000000       0x1c .\CortexM3\ARM_GCC_541\Debug\KeysToNote.a(CyFlash.o)
 .text.CyEEPROM_ReadRelease
                0x00000000       0x10 .\CortexM3\ARM_GCC_541\Debug\KeysToNote.a(CyFlash.o)
 COMMON         0x00000000        0x2 .\CortexM3\ARM_GCC_541\Debug\KeysToNote.a(CyFlash.o)
 .text          0x00000000        0x0 .\CortexM3\ARM_GCC_541\Debug\KeysToNote.a(CySpc.o)
 .data          0x00000000        0x0 .\CortexM3\ARM_GCC_541\Debug\KeysToNote.a(CySpc.o)
 .bss           0x00000000        0x8 .\CortexM3\ARM_GCC_541\Debug\KeysToNote.a(CySpc.o)
 .text.CySpcStart
                0x00000000       0x24 .\CortexM3\ARM_GCC_541\Debug\KeysToNote.a(CySpc.o)
 .text.CySpcStop
                0x00000000       0x24 .\CortexM3\ARM_GCC_541\Debug\KeysToNote.a(CySpc.o)
 .text.CySpcReadData
                0x00000000       0x34 .\CortexM3\ARM_GCC_541\Debug\KeysToNote.a(CySpc.o)
 .text.CySpcLoadMultiByte
                0x00000000       0x78 .\CortexM3\ARM_GCC_541\Debug\KeysToNote.a(CySpc.o)
 .text.CySpcLoadRow
                0x00000000       0x50 .\CortexM3\ARM_GCC_541\Debug\KeysToNote.a(CySpc.o)
 .text.CySpcLoadRowFull
                0x00000000       0x80 .\CortexM3\ARM_GCC_541\Debug\KeysToNote.a(CySpc.o)
 .text.CySpcWriteRow
                0x00000000       0x4c .\CortexM3\ARM_GCC_541\Debug\KeysToNote.a(CySpc.o)
 .text.CySpcEraseSector
                0x00000000       0x3c .\CortexM3\ARM_GCC_541\Debug\KeysToNote.a(CySpc.o)
 .text.CySpcEraseRow
                0x00000000       0x4c .\CortexM3\ARM_GCC_541\Debug\KeysToNote.a(CySpc.o)
 .text.CySpcGetTemp
                0x00000000       0x3c .\CortexM3\ARM_GCC_541\Debug\KeysToNote.a(CySpc.o)
 .text.CySpcLock
                0x00000000       0x4c .\CortexM3\ARM_GCC_541\Debug\KeysToNote.a(CySpc.o)
 .text.CySpcUnlock
                0x00000000       0x38 .\CortexM3\ARM_GCC_541\Debug\KeysToNote.a(CySpc.o)
 .text.CySpcGetAlgorithm
                0x00000000       0x28 .\CortexM3\ARM_GCC_541\Debug\KeysToNote.a(CySpc.o)
 .text          0x00000000        0x0 c:/program files (x86)/cypress/psoc creator/4.4/psoc creator/import/gnu/arm/5.4.1/bin/../lib/gcc/arm-none-eabi/5.4.1/../../../../arm-none-eabi/lib/armv7-m\libg_nano.a(lib_a-errno.o)
 .data          0x00000000        0x0 c:/program files (x86)/cypress/psoc creator/4.4/psoc creator/import/gnu/arm/5.4.1/bin/../lib/gcc/arm-none-eabi/5.4.1/../../../../arm-none-eabi/lib/armv7-m\libg_nano.a(lib_a-errno.o)
 .bss           0x00000000        0x0 c:/program files (x86)/cypress/psoc creator/4.4/psoc creator/import/gnu/arm/5.4.1/bin/../lib/gcc/arm-none-eabi/5.4.1/../../../../arm-none-eabi/lib/armv7-m\libg_nano.a(lib_a-errno.o)
 .text          0x00000000        0x0 c:/program files (x86)/cypress/psoc creator/4.4/psoc creator/import/gnu/arm/5.4.1/bin/../lib/gcc/arm-none-eabi/5.4.1/../../../../arm-none-eabi/lib/armv7-m\libg_nano.a(lib_a-exit.o)
 .data          0x00000000        0x0 c:/program files (x86)/cypress/psoc creator/4.4/psoc creator/import/gnu/arm/5.4.1/bin/../lib/gcc/arm-none-eabi/5.4.1/../../../../arm-none-eabi/lib/armv7-m\libg_nano.a(lib_a-exit.o)
 .bss           0x00000000        0x0 c:/program files (x86)/cypress/psoc creator/4.4/psoc creator/import/gnu/arm/5.4.1/bin/../lib/gcc/arm-none-eabi/5.4.1/../../../../arm-none-eabi/lib/armv7-m\libg_nano.a(lib_a-exit.o)
 .text.exit     0x00000000       0x28 c:/program files (x86)/cypress/psoc creator/4.4/psoc creator/import/gnu/arm/5.4.1/bin/../lib/gcc/arm-none-eabi/5.4.1/../../../../arm-none-eabi/lib/armv7-m\libg_nano.a(lib_a-exit.o)
 .text          0x00000000        0x0 c:/program files (x86)/cypress/psoc creator/4.4/psoc creator/import/gnu/arm/5.4.1/bin/../lib/gcc/arm-none-eabi/5.4.1/../../../../arm-none-eabi/lib/armv7-m\libg_nano.a(lib_a-impure.o)
 .data          0x00000000        0x0 c:/program files (x86)/cypress/psoc creator/4.4/psoc creator/import/gnu/arm/5.4.1/bin/../lib/gcc/arm-none-eabi/5.4.1/../../../../arm-none-eabi/lib/armv7-m\libg_nano.a(lib_a-impure.o)
 .bss           0x00000000        0x0 c:/program files (x86)/cypress/psoc creator/4.4/psoc creator/import/gnu/arm/5.4.1/bin/../lib/gcc/arm-none-eabi/5.4.1/../../../../arm-none-eabi/lib/armv7-m\libg_nano.a(lib_a-impure.o)
 .rodata._global_impure_ptr
                0x00000000        0x4 c:/program files (x86)/cypress/psoc creator/4.4/psoc creator/import/gnu/arm/5.4.1/bin/../lib/gcc/arm-none-eabi/5.4.1/../../../../arm-none-eabi/lib/armv7-m\libg_nano.a(lib_a-impure.o)
 .text          0x00000000        0x0 c:/program files (x86)/cypress/psoc creator/4.4/psoc creator/import/gnu/arm/5.4.1/bin/../lib/gcc/arm-none-eabi/5.4.1/../../../../arm-none-eabi/lib/armv7-m\libg_nano.a(lib_a-init.o)
 .data          0x00000000        0x0 c:/program files (x86)/cypress/psoc creator/4.4/psoc creator/import/gnu/arm/5.4.1/bin/../lib/gcc/arm-none-eabi/5.4.1/../../../../arm-none-eabi/lib/armv7-m\libg_nano.a(lib_a-init.o)
 .bss           0x00000000        0x0 c:/program files (x86)/cypress/psoc creator/4.4/psoc creator/import/gnu/arm/5.4.1/bin/../lib/gcc/arm-none-eabi/5.4.1/../../../../arm-none-eabi/lib/armv7-m\libg_nano.a(lib_a-init.o)
 .text          0x00000000        0x0 c:/program files (x86)/cypress/psoc creator/4.4/psoc creator/import/gnu/arm/5.4.1/bin/../lib/gcc/arm-none-eabi/5.4.1/../../../../arm-none-eabi/lib/armv7-m\libg_nano.a(lib_a-memcpy-stub.o)
 .data          0x00000000        0x0 c:/program files (x86)/cypress/psoc creator/4.4/psoc creator/import/gnu/arm/5.4.1/bin/../lib/gcc/arm-none-eabi/5.4.1/../../../../arm-none-eabi/lib/armv7-m\libg_nano.a(lib_a-memcpy-stub.o)
 .bss           0x00000000        0x0 c:/program files (x86)/cypress/psoc creator/4.4/psoc creator/import/gnu/arm/5.4.1/bin/../lib/gcc/arm-none-eabi/5.4.1/../../../../arm-none-eabi/lib/armv7-m\libg_nano.a(lib_a-memcpy-stub.o)
 .text          0x00000000        0x0 c:/program files (x86)/cypress/psoc creator/4.4/psoc creator/import/gnu/arm/5.4.1/bin/../lib/gcc/arm-none-eabi/5.4.1/../../../../arm-none-eabi/lib/armv7-m\libg_nano.a(lib_a-memset.o)
 .data          0x00000000        0x0 c:/program files (x86)/cypress/psoc creator/4.4/psoc creator/import/gnu/arm/5.4.1/bin/../lib/gcc/arm-none-eabi/5.4.1/../../../../arm-none-eabi/lib/armv7-m\libg_nano.a(lib_a-memset.o)
 .bss           0x00000000        0x0 c:/program files (x86)/cypress/psoc creator/4.4/psoc creator/import/gnu/arm/5.4.1/bin/../lib/gcc/arm-none-eabi/5.4.1/../../../../arm-none-eabi/lib/armv7-m\libg_nano.a(lib_a-memset.o)
 .text          0x00000000        0x0 c:/program files (x86)/cypress/psoc creator/4.4/psoc creator/import/gnu/arm/5.4.1/bin/../lib/gcc/arm-none-eabi/5.4.1/armv7-m/crtend.o
 .data          0x00000000        0x0 c:/program files (x86)/cypress/psoc creator/4.4/psoc creator/import/gnu/arm/5.4.1/bin/../lib/gcc/arm-none-eabi/5.4.1/armv7-m/crtend.o
 .bss           0x00000000        0x0 c:/program files (x86)/cypress/psoc creator/4.4/psoc creator/import/gnu/arm/5.4.1/bin/../lib/gcc/arm-none-eabi/5.4.1/armv7-m/crtend.o
 .text          0x00000000        0x0 c:/program files (x86)/cypress/psoc creator/4.4/psoc creator/import/gnu/arm/5.4.1/bin/../lib/gcc/arm-none-eabi/5.4.1/armv7-m/crtn.o
 .data          0x00000000        0x0 c:/program files (x86)/cypress/psoc creator/4.4/psoc creator/import/gnu/arm/5.4.1/bin/../lib/gcc/arm-none-eabi/5.4.1/armv7-m/crtn.o
 .bss           0x00000000        0x0 c:/program files (x86)/cypress/psoc creator/4.4/psoc creator/import/gnu/arm/5.4.1/bin/../lib/gcc/arm-none-eabi/5.4.1/armv7-m/crtn.o

Memory Configuration

Name             Origin             Length             Attributes
rom              0x00000000         0x00040000         xr
ram              0x1fff8000         0x00010000         xrw
*default*        0x00000000         0xffffffff

Linker script and memory map

LOAD c:/program files (x86)/cypress/psoc creator/4.4/psoc creator/import/gnu/arm/5.4.1/bin/../lib/gcc/arm-none-eabi/5.4.1/armv7-m/crti.o
LOAD c:/program files (x86)/cypress/psoc creator/4.4/psoc creator/import/gnu/arm/5.4.1/bin/../lib/gcc/arm-none-eabi/5.4.1/armv7-m/crtbegin.o
LOAD c:/program files (x86)/cypress/psoc creator/4.4/psoc creator/import/gnu/arm/5.4.1/bin/../lib/gcc/arm-none-eabi/5.4.1/../../../../arm-none-eabi/lib/armv7-m/crt0.o
START GROUP
LOAD .\CortexM3\ARM_GCC_541\Debug\main.o
LOAD .\CortexM3\ARM_GCC_541\Debug\waveforms.o
LOAD .\CortexM3\ARM_GCC_541\Debug\cyfitter_cfg.o
LOAD .\CortexM3\ARM_GCC_541\Debug\cymetadata.o
LOAD .\CortexM3\ARM_GCC_541\Debug\Cm3Start.o
LOAD .\CortexM3\ARM_GCC_541\Debug\KeysToNote.a
LOAD C:\Program Files (x86)\Cypress\PSoC Creator\4.4\PSoC Creator\psoc\content\cycomponentlibrary\CyComponentLibrary.cylib\CortexM3\ARM_GCC_541\Debug\CyComponentLibrary.a
END GROUP
START GROUP
LOAD c:/program files (x86)/cypress/psoc creator/4.4/psoc creator/import/gnu/arm/5.4.1/bin/../lib/gcc/arm-none-eabi/5.4.1/armv7-m\libgcc.a
LOAD c:/program files (x86)/cypress/psoc creator/4.4/psoc creator/import/gnu/arm/5.4.1/bin/../lib/gcc/arm-none-eabi/5.4.1/../../../../arm-none-eabi/lib/armv7-m\libg_nano.a
LOAD c:/program files (x86)/cypress/psoc creator/4.4/psoc creator/import/gnu/arm/5.4.1/bin/../lib/gcc/arm-none-eabi/5.4.1/../../../../arm-none-eabi/lib/armv7-m\libc_nano.a
END GROUP
START GROUP
LOAD c:/program files (x86)/cypress/psoc creator/4.4/psoc creator/import/gnu/arm/5.4.1/bin/../lib/gcc/arm-none-eabi/5.4.1/armv7-m\libgcc.a
LOAD c:/program files (x86)/cypress/psoc creator/4.4/psoc creator/import/gnu/arm/5.4.1/bin/../lib/gcc/arm-none-eabi/5.4.1/../../../../arm-none-eabi/lib/armv7-m\libc_nano.a
END GROUP
LOAD c:/program files (x86)/cypress/psoc creator/4.4/psoc creator/import/gnu/arm/5.4.1/bin/../lib/gcc/arm-none-eabi/5.4.1/armv7-m/crtend.o
LOAD c:/program files (x86)/cypress/psoc creator/4.4/psoc creator/import/gnu/arm/5.4.1/bin/../lib/gcc/arm-none-eabi/5.4.1/armv7-m/crtn.o
START GROUP
LOAD c:/program files (x86)/cypress/psoc creator/4.4/psoc creator/import/gnu/arm/5.4.1/bin/../lib/gcc/arm-none-eabi/5.4.1/armv7-m\libgcc.a
LOAD c:/program files (x86)/cypress/psoc creator/4.4/psoc creator/import/gnu/arm/5.4.1/bin/../lib/gcc/arm-none-eabi/5.4.1/../../../../arm-none-eabi/lib/armv7-m\libc.a
LOAD c:/program files (x86)/cypress/psoc creator/4.4/psoc creator/import/gnu/arm/5.4.1/bin/../lib/gcc/arm-none-eabi/5.4.1/../../../../arm-none-eabi/lib/armv7-m\libnosys.a
END GROUP
                0x00000000                CY_APPL_ORIGIN = 0x0
                0x00000100                CY_FLASH_ROW_SIZE = 0x100
                0x00000020                CY_ECC_ROW_SIZE = 0x20
                0x00000000                CY_EE_IN_BTLDR = 0x0
                0x00000000                CY_APPL_LOADABLE = 0x0
                0x00000800                CY_EE_SIZE = 0x800
                0x00000001                CY_APPL_NUM = 0x1
                0x00000001                CY_APPL_MAX = 0x1
                0x00000040                CY_METADATA_SIZE = 0x40
                0x00000000                CY_APPL_LOADABLE = 0x0
                0x00000000                CY_CHECKSUM_EXCLUDE_SIZE = ALIGN (0x0, CY_FLASH_ROW_SIZE)
                [!provide]                PROVIDE (__cy_heap_start, _end)
                0x00000001                PROVIDE (__cy_region_num, ((__cy_regions_end - __cy_regions) / 0x10))
                0x20008000                PROVIDE (__cy_stack, (ORIGIN (ram) + LENGTH (ram)))
                [!provide]                PROVIDE (__cy_heap_end, (__cy_stack - 0x800))

.cybootloader   0x00000000        0x0
 *(.cybootloader)
                0x00000000                appl1_start = CY_APPL_ORIGIN?CY_APPL_ORIGIN:ALIGN (CY_FLASH_ROW_SIZE)
                0x0001ff00                appl2_start = (appl1_start + ALIGN ((((LENGTH (rom) - appl1_start) - (0x2 * CY_FLASH_ROW_SIZE)) / 0x2), CY_FLASH_ROW_SIZE))
                0x00000000                appl_start = (CY_APPL_NUM == 0x1)?appl1_start:appl2_start
                0x00000000                ecc_offset = ((appl_start / CY_FLASH_ROW_SIZE) * CY_ECC_ROW_SIZE)
                0x00000000                ee_offset = (CY_APPL_LOADABLE && ! (CY_EE_IN_BTLDR))?((CY_EE_SIZE / CY_APPL_MAX) * (CY_APPL_NUM - 0x1)):0x0
                0x00000800                ee_size = (CY_APPL_LOADABLE && ! (CY_EE_IN_BTLDR))?(CY_EE_SIZE / CY_APPL_MAX):CY_EE_SIZE
                [!provide]                PROVIDE (CY_ECC_OFFSET, ecc_offset)

.text           0x00000000      0xce6
 CREATE_OBJECT_SYMBOLS
                0x00000000                PROVIDE (__cy_interrupt_vector, RomVectors)
 *(.romvectors)
 .romvectors    0x00000000       0x10 .\CortexM3\ARM_GCC_541\Debug\Cm3Start.o
                0x00000000                RomVectors
                0x00000001                ASSERT ((. != __cy_interrupt_vector), No interrupt vector)
                0x00000001                ASSERT (CY_APPL_ORIGIN?(SIZEOF (.cybootloader) <= CY_APPL_ORIGIN):0x1, Wrong image location)
                0x00000010                PROVIDE (__cy_reset, Reset)
 *(.text.Reset)
 .text.Reset    0x00000010       0x18 .\CortexM3\ARM_GCC_541\Debug\Cm3Start.o
                0x00000010                Reset
                0x00000001                ASSERT ((. != __cy_reset), No reset code)
 *(.dma_init)
                0x00000001                ASSERT ((((appl_start + .) <= 0x10000) || 0x1), DMA Init must be within the first 64k of flash)
 *(.text .text.* .gnu.linkonce.t.*)
 .text          0x00000028       0x5c c:/program files (x86)/cypress/psoc creator/4.4/psoc creator/import/gnu/arm/5.4.1/bin/../lib/gcc/arm-none-eabi/5.4.1/armv7-m/crtbegin.o
 .text.Waveform_ISR
                0x00000084       0xc4 .\CortexM3\ARM_GCC_541\Debug\main.o
                0x00000084                Waveform_ISR
 .text.Button_ISR
                0x00000148      0x1f0 .\CortexM3\ARM_GCC_541\Debug\main.o
                0x00000148                Button_ISR
 .text.main     0x00000338       0x28 .\CortexM3\ARM_GCC_541\Debug\main.o
                0x00000338                main
 .text.CyClockStartupError
                0x00000360        0x4 .\CortexM3\ARM_GCC_541\Debug\cyfitter_cfg.o
 .text.cfg_write_bytes32
                0x00000364       0x34 .\CortexM3\ARM_GCC_541\Debug\cyfitter_cfg.o
 .text.AnalogSetDefault
                0x00000398       0x38 .\CortexM3\ARM_GCC_541\Debug\cyfitter_cfg.o
 .text.CYMEMZERO
                0x000003d0        0xc .\CortexM3\ARM_GCC_541\Debug\cyfitter_cfg.o
 .text.ClockSetup
                0x000003dc       0xc4 .\CortexM3\ARM_GCC_541\Debug\cyfitter_cfg.o
 .text.CYCONFIGCPY
                0x000004a0        0x8 .\CortexM3\ARM_GCC_541\Debug\cyfitter_cfg.o
 .text.cyfitter_cfg
                0x000004a8      0x10c .\CortexM3\ARM_GCC_541\Debug\cyfitter_cfg.o
                0x000004a8                cyfitter_cfg
 .text.IntDefaultHandler
                0x000005b4       0x10 .\CortexM3\ARM_GCC_541\Debug\Cm3Start.o
                0x000005b4                IntDefaultHandler
 .text.Start_c  0x000005c4       0x4c .\CortexM3\ARM_GCC_541\Debug\Cm3Start.o
                0x000005c4                Start_c
 .text.initialize_psoc
                0x00000610       0x6c .\CortexM3\ARM_GCC_541\Debug\Cm3Start.o
                0x00000610                initialize_psoc
 .text.Button_Switch_SetVector
                0x0000067c        0xc .\CortexM3\ARM_GCC_541\Debug\KeysToNote.a(Button_Switch.o)
                0x0000067c                Button_Switch_SetVector
 .text.Button_Switch_SetPriority
                0x00000688       0x10 .\CortexM3\ARM_GCC_541\Debug\KeysToNote.a(Button_Switch.o)
                0x00000688                Button_Switch_SetPriority
 .text.Button_Switch_Enable
                0x00000698        0xc .\CortexM3\ARM_GCC_541\Debug\KeysToNote.a(Button_Switch.o)
                0x00000698                Button_Switch_Enable
 .text.Button_Switch_Disable
                0x000006a4        0xc .\CortexM3\ARM_GCC_541\Debug\KeysToNote.a(Button_Switch.o)
                0x000006a4                Button_Switch_Disable
 .text.Button_Switch_StartEx
                0x000006b0       0x1c .\CortexM3\ARM_GCC_541\Debug\KeysToNote.a(Button_Switch.o)
                0x000006b0                Button_Switch_StartEx
 .text.KeyNote_Low_Read
                0x000006cc        0xc .\CortexM3\ARM_GCC_541\Debug\KeysToNote.a(KeyNote_Low.o)
                0x000006cc                KeyNote_Low_Read
 .text.CyDmacConfigure
                0x000006d8       0x34 .\CortexM3\ARM_GCC_541\Debug\KeysToNote.a(CyDmac.o)
                0x000006d8                CyDmacConfigure
 .text.CyDmaChEnable
                0x0000070c       0x38 .\CortexM3\ARM_GCC_541\Debug\KeysToNote.a(CyDmac.o)
                0x0000070c                CyDmaChEnable
 .text.CyDmaChPriority
                0x00000744       0x24 .\CortexM3\ARM_GCC_541\Debug\KeysToNote.a(CyDmac.o)
                0x00000744                CyDmaChPriority
 .text.CyDmaChSetExtendedAddress
                0x00000768       0x34 .\CortexM3\ARM_GCC_541\Debug\KeysToNote.a(CyDmac.o)
                0x00000768                CyDmaChSetExtendedAddress
 .text.CyDmaChSetInitialTd
                0x0000079c       0x18 .\CortexM3\ARM_GCC_541\Debug\KeysToNote.a(CyDmac.o)
                0x0000079c                CyDmaChSetInitialTd
 .text.CyDmaChSetConfiguration
                0x000007b4       0x44 .\CortexM3\ARM_GCC_541\Debug\KeysToNote.a(CyDmac.o)
                0x000007b4                CyDmaChSetConfiguration
 .text.CyDmaTdAllocate
                0x000007f8       0x34 .\CortexM3\ARM_GCC_541\Debug\KeysToNote.a(CyDmac.o)
                0x000007f8                CyDmaTdAllocate
 .text.CyDmaTdSetConfiguration
                0x0000082c       0x28 .\CortexM3\ARM_GCC_541\Debug\KeysToNote.a(CyDmac.o)
                0x0000082c                CyDmaTdSetConfiguration
 .text.CyDmaTdSetAddress
                0x00000854       0x1c .\CortexM3\ARM_GCC_541\Debug\KeysToNote.a(CyDmac.o)
                0x00000854                CyDmaTdSetAddress
 .text.CyHalt   0x00000870        0x4 .\CortexM3\ARM_GCC_541\Debug\KeysToNote.a(CyLib.o)
                0x00000870                CyHalt
 .text.Waveform_Send_Enable
                0x00000874       0x28 .\CortexM3\ARM_GCC_541\Debug\KeysToNote.a(Waveform_Send.o)
                0x00000874                Waveform_Send_Enable
 .text.Waveform_Send_SetInterruptMode
                0x0000089c        0xc .\CortexM3\ARM_GCC_541\Debug\KeysToNote.a(Waveform_Send.o)
                0x0000089c                Waveform_Send_SetInterruptMode
 .text.Waveform_Send_ReadStatusRegister
                0x000008a8        0xc .\CortexM3\ARM_GCC_541\Debug\KeysToNote.a(Waveform_Send.o)
                0x000008a8                Waveform_Send_ReadStatusRegister
 .text.Waveform_Send_WritePeriod
                0x000008b4        0xc .\CortexM3\ARM_GCC_541\Debug\KeysToNote.a(Waveform_Send.o)
                0x000008b4                Waveform_Send_WritePeriod
 .text.Waveform_Send_WriteCounter
                0x000008c0        0xc .\CortexM3\ARM_GCC_541\Debug\KeysToNote.a(Waveform_Send.o)
                0x000008c0                Waveform_Send_WriteCounter
 .text.Waveform_Send_Init
                0x000008cc       0x68 .\CortexM3\ARM_GCC_541\Debug\KeysToNote.a(Waveform_Send.o)
                0x000008cc                Waveform_Send_Init
 .text.Waveform_Send_Start
                0x00000934       0x1c .\CortexM3\ARM_GCC_541\Debug\KeysToNote.a(Waveform_Send.o)
                0x00000934                Waveform_Send_Start
 .text.Fs_Write
                0x00000950       0x18 .\CortexM3\ARM_GCC_541\Debug\KeysToNote.a(Fs.o)
                0x00000950                Fs_Write
 .text.Fs_Read  0x00000968       0x10 .\CortexM3\ARM_GCC_541\Debug\KeysToNote.a(Fs.o)
                0x00000968                Fs_Read
 .text.Waveform_ISR_SetVector
                0x00000978       0x10 .\CortexM3\ARM_GCC_541\Debug\KeysToNote.a(Waveform_ISR.o)
                0x00000978                Waveform_ISR_SetVector
 .text.Waveform_ISR_SetPriority
                0x00000988       0x10 .\CortexM3\ARM_GCC_541\Debug\KeysToNote.a(Waveform_ISR.o)
                0x00000988                Waveform_ISR_SetPriority
 .text.Waveform_ISR_Enable
                0x00000998       0x10 .\CortexM3\ARM_GCC_541\Debug\KeysToNote.a(Waveform_ISR.o)
                0x00000998                Waveform_ISR_Enable
 .text.Waveform_ISR_Disable
                0x000009a8       0x10 .\CortexM3\ARM_GCC_541\Debug\KeysToNote.a(Waveform_ISR.o)
                0x000009a8                Waveform_ISR_Disable
 .text.Waveform_ISR_StartEx
                0x000009b8       0x1c .\CortexM3\ARM_GCC_541\Debug\KeysToNote.a(Waveform_ISR.o)
                0x000009b8                Waveform_ISR_StartEx
 .text.Wave_Out_InitDma
                0x000009d4       0x4c .\CortexM3\ARM_GCC_541\Debug\KeysToNote.a(Wave_Out.o)
 .text.Wave_Out_Init
                0x00000a20       0x18 .\CortexM3\ARM_GCC_541\Debug\KeysToNote.a(Wave_Out.o)
                0x00000a20                Wave_Out_Init
 .text.Wave_Out_Enable
                0x00000a38       0x1c .\CortexM3\ARM_GCC_541\Debug\KeysToNote.a(Wave_Out.o)
                0x00000a38                Wave_Out_Enable
 .text.Wave_Out_Start
                0x00000a54       0x1c .\CortexM3\ARM_GCC_541\Debug\KeysToNote.a(Wave_Out.o)
                0x00000a54                Wave_Out_Start
 .text.Wave_Out_SetValue
                0x00000a70       0x5c .\CortexM3\ARM_GCC_541\Debug\KeysToNote.a(Wave_Out.o)
                0x00000a70                Wave_Out_SetValue
 .text.DACBuffer_Enable
                0x00000acc       0x28 .\CortexM3\ARM_GCC_541\Debug\KeysToNote.a(DACBuffer.o)
                0x00000acc                DACBuffer_Enable
 .text.DACBuffer_SetPower
                0x00000af4       0x1c .\CortexM3\ARM_GCC_541\Debug\KeysToNote.a(DACBuffer.o)
                0x00000af4                DACBuffer_SetPower
 .text.DACBuffer_Init
                0x00000b10        0xc .\CortexM3\ARM_GCC_541\Debug\KeysToNote.a(DACBuffer.o)
                0x00000b10                DACBuffer_Init
 .text.DACBuffer_Start
                0x00000b1c       0x1c .\CortexM3\ARM_GCC_541\Debug\KeysToNote.a(DACBuffer.o)
                0x00000b1c                DACBuffer_Start
 .text.Wave_Out_DMA_DmaInitialize
                0x00000b38       0x3c .\CortexM3\ARM_GCC_541\Debug\KeysToNote.a(Wave_Out_DMA_dma.o)
                0x00000b38                Wave_Out_DMA_DmaInitialize
 .text.Wave_Out_VDAC8_Enable
                0x00000b74       0x1c .\CortexM3\ARM_GCC_541\Debug\KeysToNote.a(Wave_Out_VDAC8.o)
                0x00000b74                Wave_Out_VDAC8_Enable
 .text.Wave_Out_VDAC8_SetSpeed
                0x00000b90       0x1c .\CortexM3\ARM_GCC_541\Debug\KeysToNote.a(Wave_Out_VDAC8.o)
                0x00000b90                Wave_Out_VDAC8_SetSpeed
 .text.Wave_Out_VDAC8_DacTrim
                0x00000bac       0x24 .\CortexM3\ARM_GCC_541\Debug\KeysToNote.a(Wave_Out_VDAC8.o)
                0x00000bac                Wave_Out_VDAC8_DacTrim
 .text.Wave_Out_VDAC8_SetRange
                0x00000bd0       0x20 .\CortexM3\ARM_GCC_541\Debug\KeysToNote.a(Wave_Out_VDAC8.o)
                0x00000bd0                Wave_Out_VDAC8_SetRange
 .text.Wave_Out_VDAC8_Init
                0x00000bf0       0x2c .\CortexM3\ARM_GCC_541\Debug\KeysToNote.a(Wave_Out_VDAC8.o)
                0x00000bf0                Wave_Out_VDAC8_Init
 .text.Wave_Out_IntClock_Start
                0x00000c1c       0x1c .\CortexM3\ARM_GCC_541\Debug\KeysToNote.a(Wave_Out_IntClock.o)
                0x00000c1c                Wave_Out_IntClock_Start
 .text.KeyNote_High_Read
                0x00000c38        0xc .\CortexM3\ARM_GCC_541\Debug\KeysToNote.a(KeyNote_High.o)
                0x00000c38                KeyNote_High_Read
 *fill*         0x00000c44        0x4 
 .text          0x00000c48       0x20 .\CortexM3\ARM_GCC_541\Debug\KeysToNote.a(CyBootAsmGnu.o)
                0x00000c48                CyDelayCycles
                0x00000c58                CyEnterCriticalSection
                0x00000c60                CyExitCriticalSection
 .text.__errno  0x00000c68        0xc c:/program files (x86)/cypress/psoc creator/4.4/psoc creator/import/gnu/arm/5.4.1/bin/../lib/gcc/arm-none-eabi/5.4.1/../../../../arm-none-eabi/lib/armv7-m\libg_nano.a(lib_a-errno.o)
                0x00000c68                __errno
 .text.__libc_init_array
                0x00000c74       0x4c c:/program files (x86)/cypress/psoc creator/4.4/psoc creator/import/gnu/arm/5.4.1/bin/../lib/gcc/arm-none-eabi/5.4.1/../../../../arm-none-eabi/lib/armv7-m\libg_nano.a(lib_a-init.o)
                0x00000c74                __libc_init_array
 .text.memcpy   0x00000cc0       0x16 c:/program files (x86)/cypress/psoc creator/4.4/psoc creator/import/gnu/arm/5.4.1/bin/../lib/gcc/arm-none-eabi/5.4.1/../../../../arm-none-eabi/lib/armv7-m\libg_nano.a(lib_a-memcpy-stub.o)
                0x00000cc0                memcpy
 .text.memset   0x00000cd6       0x10 c:/program files (x86)/cypress/psoc creator/4.4/psoc creator/import/gnu/arm/5.4.1/bin/../lib/gcc/arm-none-eabi/5.4.1/../../../../arm-none-eabi/lib/armv7-m\libg_nano.a(lib_a-memset.o)
                0x00000cd6                memset
 *(.plt)
 *(.gnu.warning)
 *(.glue_7t)
 .glue_7t       0x00000ce6        0x0 linker stubs
 *(.glue_7)
 .glue_7        0x00000ce6        0x0 linker stubs
 *(.vfp11_veneer)
 .vfp11_veneer  0x00000ce6        0x0 linker stubs
 *(.bootloader)
 *(.ARM.extab* .gnu.linkonce.armextab.*)
 *(.gcc_except_table)

.v4_bx          0x00000ce8        0x0
 .v4_bx         0x00000ce8        0x0 linker stubs

.iplt           0x00000ce8        0x0
 .iplt          0x00000ce8        0x0 c:/program files (x86)/cypress/psoc creator/4.4/psoc creator/import/gnu/arm/5.4.1/bin/../lib/gcc/arm-none-eabi/5.4.1/armv7-m/crtbegin.o

.eh_frame_hdr
 *(.eh_frame_hdr)

.eh_frame       0x00000ce8        0x4
 *(.eh_frame)
 .eh_frame      0x00000ce8        0x0 c:/program files (x86)/cypress/psoc creator/4.4/psoc creator/import/gnu/arm/5.4.1/bin/../lib/gcc/arm-none-eabi/5.4.1/armv7-m/crtbegin.o
 .eh_frame      0x00000ce8        0x4 c:/program files (x86)/cypress/psoc creator/4.4/psoc creator/import/gnu/arm/5.4.1/bin/../lib/gcc/arm-none-eabi/5.4.1/armv7-m/crtend.o
                [!provide]                PROVIDE (__exidx_start, .)

.ARM.exidx
 *(.ARM.exidx* .gnu.linkonce.armexidx.*)
                0x00000cec                __exidx_end = .

.rodata         0x00000cec       0x74
 *(.rodata .rodata.* .gnu.linkonce.r.*)
 .rodata        0x00000cec       0x3c .\CortexM3\ARM_GCC_541\Debug\cyfitter_cfg.o
 .rodata.str1.1
                0x00000d28        0x2 c:/program files (x86)/cypress/psoc creator/4.4/psoc creator/import/gnu/arm/5.4.1/bin/../lib/gcc/arm-none-eabi/5.4.1/../../../../arm-none-eabi/lib/armv7-m\libg_nano.a(lib_a-impure.o)
                0x00000d2c                . = ALIGN (0x4)
 *fill*         0x00000d2a        0x2 
 *(.init)
 .init          0x00000d2c        0x4 c:/program files (x86)/cypress/psoc creator/4.4/psoc creator/import/gnu/arm/5.4.1/bin/../lib/gcc/arm-none-eabi/5.4.1/armv7-m/crti.o
                0x00000d2c                _init
 .init          0x00000d30        0x8 c:/program files (x86)/cypress/psoc creator/4.4/psoc creator/import/gnu/arm/5.4.1/bin/../lib/gcc/arm-none-eabi/5.4.1/armv7-m/crtn.o
                0x00000d38                . = ALIGN (0x4)
                0x00000d38                __preinit_array_start = .
 *(.preinit_array)
                0x00000d38                __preinit_array_end = .
                0x00000d38                . = ALIGN (0x4)
                0x00000d38                __init_array_start = .
 *(SORT(.init_array.*))
 *(.init_array)
 .init_array    0x00000d38        0x4 c:/program files (x86)/cypress/psoc creator/4.4/psoc creator/import/gnu/arm/5.4.1/bin/../lib/gcc/arm-none-eabi/5.4.1/armv7-m/crtbegin.o
 .init_array    0x00000d3c        0x4 .\CortexM3\ARM_GCC_541\Debug\Cm3Start.o
                0x00000d40                __init_array_end = .
                0x00000d40                . = ALIGN (0x4)
 *(.fini)
 .fini          0x00000d40        0x4 c:/program files (x86)/cypress/psoc creator/4.4/psoc creator/import/gnu/arm/5.4.1/bin/../lib/gcc/arm-none-eabi/5.4.1/armv7-m/crti.o
                0x00000d40                _fini
 .fini          0x00000d44        0x8 c:/program files (x86)/cypress/psoc creator/4.4/psoc creator/import/gnu/arm/5.4.1/bin/../lib/gcc/arm-none-eabi/5.4.1/armv7-m/crtn.o
                0x00000d4c                . = ALIGN (0x4)
                0x00000d4c                __fini_array_start = .
 *(.fini_array)
 .fini_array    0x00000d4c        0x4 c:/program files (x86)/cypress/psoc creator/4.4/psoc creator/import/gnu/arm/5.4.1/bin/../lib/gcc/arm-none-eabi/5.4.1/armv7-m/crtbegin.o
 *(SORT(.fini_array.*))
                0x00000d50                __fini_array_end = .
                0x00000d50                . = ALIGN (0x4)
 *crtbegin.o(.ctors)
 *(EXCLUDE_FILE(*crtend.o) .ctors)
 *(SORT(.ctors.*))
 *crtend.o(.ctors)
                0x00000d50                . = ALIGN (0x4)
 *crtbegin.o(.dtors)
 *(EXCLUDE_FILE(*crtend.o) .dtors)
 *(SORT(.dtors.*))
 *crtend.o(.dtors)
                0x00000d50                . = ALIGN (0x4)
                0x00000d50                __cy_regions = .
                0x00000d50        0x4 LONG 0xd60 __cy_region_init_ram
                0x00000d54        0x4 LONG 0x1fff80c8 __cy_region_start_data
                0x00000d58        0x4 LONG 0x4068 __cy_region_init_size_ram
                0x00000d5c        0x4 LONG 0x48 __cy_region_zero_size_ram
                0x00000d60                __cy_regions_end = .
                0x00000d60                . = ALIGN (0x8)
                0x00000d60                _etext = .

.cy_checksum_exclude
                0x00000d60        0x0
 *(.cy_checksum_exclude)

.ramvectors     0x1fff8000       0xc0
                0x1fff8000                __cy_region_start_ram = .
 *(.ramvectors)
 .ramvectors    0x1fff8000       0xc0 .\CortexM3\ARM_GCC_541\Debug\Cm3Start.o
                0x1fff8000                CyRamVectors

.noinit         0x1fff80c0        0x1
 *(.noinit)
 .noinit        0x1fff80c0        0x1 .\CortexM3\ARM_GCC_541\Debug\KeysToNote.a(CyLib.o)
                0x1fff80c0                CyResetStatus

.data           0x1fff80c8     0x4068 load address 0x00000d60
                0x1fff80c8                __cy_region_start_data = .
 *(.jcr)
 .jcr           0x1fff80c8        0x0 c:/program files (x86)/cypress/psoc creator/4.4/psoc creator/import/gnu/arm/5.4.1/bin/../lib/gcc/arm-none-eabi/5.4.1/armv7-m/crtbegin.o
 .jcr           0x1fff80c8        0x4 c:/program files (x86)/cypress/psoc creator/4.4/psoc creator/import/gnu/arm/5.4.1/bin/../lib/gcc/arm-none-eabi/5.4.1/armv7-m/crtend.o
 *(.got.plt)
 *(.got)
 *(.shdata)
 *(.data .data.* .gnu.linkonce.d.*)
 .data          0x1fff80cc       0x52 .\CortexM3\ARM_GCC_541\Debug\main.o
                0x1fff80cc                waveform_select
                0x1fff80d0                waveforms
                0x1fff80e0                volume
                0x1fff80e1                note
                0x1fff80e4                periods
                0x1fff811c                new_period
 *fill*         0x1fff811e        0x2 
 .data          0x1fff8120     0x3fa0 .\CortexM3\ARM_GCC_541\Debug\waveforms.o
                0x1fff8120                end_waveform
                0x1fffae28                repeat_waveform
                0x1fffae98                beginning_waveform
                0x1fffc0b0                waveform_sizes
 .data          0x1fffc0c0        0x8 .\CortexM3\ARM_GCC_541\Debug\KeysToNote.a(CyDmac.o)
 .data          0x1fffc0c8        0x1 .\CortexM3\ARM_GCC_541\Debug\KeysToNote.a(Wave_Out.o)
 .data          0x1fffc0c9        0x1 .\CortexM3\ARM_GCC_541\Debug\KeysToNote.a(Wave_Out_DMA_dma.o)
                0x1fffc0c9                Wave_Out_DMA_DmaHandle
 *fill*         0x1fffc0ca        0x2 
 .data.impure_data
                0x1fffc0cc       0x60 c:/program files (x86)/cypress/psoc creator/4.4/psoc creator/import/gnu/arm/5.4.1/bin/../lib/gcc/arm-none-eabi/5.4.1/../../../../arm-none-eabi/lib/armv7-m\libg_nano.a(lib_a-impure.o)
 .data._impure_ptr
                0x1fffc12c        0x4 c:/program files (x86)/cypress/psoc creator/4.4/psoc creator/import/gnu/arm/5.4.1/bin/../lib/gcc/arm-none-eabi/5.4.1/../../../../arm-none-eabi/lib/armv7-m\libg_nano.a(lib_a-impure.o)
                0x1fffc12c                _impure_ptr
                0x1fffc130                . = ALIGN (0x8)
 *(.ram)
                0x1fffc130                _edata = .

.igot.plt       0x1fffc130        0x0 load address 0x00004dc8
 .igot.plt      0x1fffc130        0x0 c:/program files (x86)/cypress/psoc creator/4.4/psoc creator/import/gnu/arm/5.4.1/bin/../lib/gcc/arm-none-eabi/5.4.1/armv7-m/crtbegin.o

.bss            0x1fffc130       0x48 load address 0x00004dc8
                0x1fffc130                PROVIDE (__bss_start__, .)
 *(.shbss)
 *(.bss .bss.* .gnu.linkonce.b.*)
 .bss           0x1fffc130       0x1c c:/program files (x86)/cypress/psoc creator/4.4/psoc creator/import/gnu/arm/5.4.1/bin/../lib/gcc/arm-none-eabi/5.4.1/armv7-m/crtbegin.o
 .bss           0x1fffc14c        0xa .\CortexM3\ARM_GCC_541\Debug\main.o
                0x1fffc14c                waveformIndex
                0x1fffc150                waveVal
                0x1fffc152                new_waveform
                0x1fffc154                key_status
 *fill*         0x1fffc156        0x2 
 .bss           0x1fffc158        0x2 .\CortexM3\ARM_GCC_541\Debug\waveforms.o
                0x1fffc158                default_waveform
 .bss           0x1fffc15a        0x1 .\CortexM3\ARM_GCC_541\Debug\KeysToNote.a(Waveform_Send.o)
                0x1fffc15a                Waveform_Send_initVar
 *fill*         0x1fffc15b        0x1 
 .bss           0x1fffc15c       0x15 .\CortexM3\ARM_GCC_541\Debug\KeysToNote.a(Wave_Out.o)
                0x1fffc170                Wave_Out_initVar
 .bss           0x1fffc171        0x1 .\CortexM3\ARM_GCC_541\Debug\KeysToNote.a(DACBuffer.o)
                0x1fffc171                DACBuffer_initVar
 *(COMMON)
                0x1fffc178                . = ALIGN (0x8)
 *fill*         0x1fffc172        0x6 
 *(.ram.b)
                0x1fffc178                _end = .
                0x1fffc178                __end = .
                0x1fffc178                PROVIDE (end, .)
                0x1fffc178                PROVIDE (__bss_end__, .)
                0x00000d60                __cy_region_init_ram = LOADADDR (.data)
                0x00004068                __cy_region_init_size_ram = (_edata - ADDR (.data))
                0x00000048                __cy_region_zero_size_ram = (_end - _edata)

.heap           0x1fffc178       0x80 load address 0x00004dc8
                0x1fffc178                . = _end
                0x1fffc1f8                . = (. + 0x80)
 *fill*         0x1fffc178       0x80 
                0x1fffc1f8                __cy_heap_limit = .

.stack          0x20007800      0x800
                0x20007800                __cy_stack_limit = .
                0x20008000                . = (. + 0x800)
 *fill*         0x20007800      0x800 
                0x00000001                ASSERT ((__cy_stack_limit >= __cy_heap_limit), region RAM overflowed with stack)
                0x00000000                cy_checksum_exclude_size = (CY_APPL_LOADABLE == 0x1)?SIZEOF (.cy_checksum_exclude):0x0
                0x00000001                ASSERT ((cy_checksum_exclude_size <= CY_CHECKSUM_EXCLUDE_SIZE), CY_BOOT: Section .cy_checksum_exclude size exceedes specified limit.)

.cyloadermeta
 *(.cyloadermeta)

.cyloadablemeta
 *(.cyloadablemeta)

.cyconfigecc    0x80000000      0x458
 *(.cyconfigecc)
 .cyconfigecc   0x80000000      0x458 .\CortexM3\ARM_GCC_541\Debug\cymetadata.o
                0x80000000                cy_meta_configecc

.cycustnvl      0x90000000        0x4
 *(.cycustnvl)
 .cycustnvl     0x90000000        0x4 .\CortexM3\ARM_GCC_541\Debug\cymetadata.o
                0x90000000                cy_meta_custnvl

.cywolatch      0x90100000        0x4
 *(.cywolatch)
 .cywolatch     0x90100000        0x4 .\CortexM3\ARM_GCC_541\Debug\cymetadata.o
                0x90100000                cy_meta_wonvl

.cyeeprom       0x90200000        0x0
 *(.cyeeprom)
                0x00000001                ASSERT ((. <= ((0x90200000 + ee_offset) + ee_size)), .cyeeprom data will not fit in EEPROM)

.cyflashprotect
                0x90400000      0x100
 *(.cyflashprotect)
 .cyflashprotect
                0x90400000      0x100 .\CortexM3\ARM_GCC_541\Debug\cymetadata.o
                0x90400000                cy_meta_flashprotect

.cymeta         0x90500000        0xc
 *(.cymeta)
 .cymeta        0x90500000        0xc .\CortexM3\ARM_GCC_541\Debug\cymetadata.o
                0x90500000                cy_metadata

.rel.dyn        0x00004dc8        0x0 load address 0x9050000c
 .rel.iplt      0x00004dc8        0x0 c:/program files (x86)/cypress/psoc creator/4.4/psoc creator/import/gnu/arm/5.4.1/bin/../lib/gcc/arm-none-eabi/5.4.1/armv7-m/crtbegin.o

.stab
 *(.stab)

.stabstr
 *(.stabstr)

.debug
 *(.debug)

.line
 *(.line)

.debug_srcinfo
 *(.debug_srcinfo)

.debug_sfnames
 *(.debug_sfnames)

.debug_aranges  0x00000000      0x9f0
 *(.debug_aranges)
 .debug_aranges
                0x00000000       0x30 .\CortexM3\ARM_GCC_541\Debug\main.o
 .debug_aranges
                0x00000030       0x18 .\CortexM3\ARM_GCC_541\Debug\waveforms.o
 .debug_aranges
                0x00000048       0x58 .\CortexM3\ARM_GCC_541\Debug\cyfitter_cfg.o
 .debug_aranges
                0x000000a0       0x18 .\CortexM3\ARM_GCC_541\Debug\cymetadata.o
 .debug_aranges
                0x000000b8       0x48 .\CortexM3\ARM_GCC_541\Debug\Cm3Start.o
 .debug_aranges
                0x00000100       0x80 .\CortexM3\ARM_GCC_541\Debug\KeysToNote.a(Button_Switch.o)
 .debug_aranges
                0x00000180       0x40 .\CortexM3\ARM_GCC_541\Debug\KeysToNote.a(KeyNote_Low.o)
 .debug_aranges
                0x000001c0       0xd8 .\CortexM3\ARM_GCC_541\Debug\KeysToNote.a(CyDmac.o)
 .debug_aranges
                0x00000298      0x2a0 .\CortexM3\ARM_GCC_541\Debug\KeysToNote.a(CyLib.o)
 .debug_aranges
                0x00000538       0x98 .\CortexM3\ARM_GCC_541\Debug\KeysToNote.a(cyPm.o)
 .debug_aranges
                0x000005d0       0x88 .\CortexM3\ARM_GCC_541\Debug\KeysToNote.a(Waveform_Send.o)
 .debug_aranges
                0x00000658       0x38 .\CortexM3\ARM_GCC_541\Debug\KeysToNote.a(Fs.o)
 .debug_aranges
                0x00000690       0x80 .\CortexM3\ARM_GCC_541\Debug\KeysToNote.a(Waveform_ISR.o)
 .debug_aranges
                0x00000710       0x48 .\CortexM3\ARM_GCC_541\Debug\KeysToNote.a(Wave_Out.o)
 .debug_aranges
                0x00000758       0x40 .\CortexM3\ARM_GCC_541\Debug\KeysToNote.a(DACBuffer.o)
 .debug_aranges
                0x00000798       0x28 .\CortexM3\ARM_GCC_541\Debug\KeysToNote.a(Wave_Out_DMA_dma.o)
 .debug_aranges
                0x000007c0       0x58 .\CortexM3\ARM_GCC_541\Debug\KeysToNote.a(Wave_Out_VDAC8.o)
 .debug_aranges
                0x00000818       0x70 .\CortexM3\ARM_GCC_541\Debug\KeysToNote.a(Wave_Out_IntClock.o)
 .debug_aranges
                0x00000888       0x40 .\CortexM3\ARM_GCC_541\Debug\KeysToNote.a(KeyNote_High.o)
 .debug_aranges
                0x000008c8       0x20 .\CortexM3\ARM_GCC_541\Debug\KeysToNote.a(CyBootAsmGnu.o)
 .debug_aranges
                0x000008e8       0x88 .\CortexM3\ARM_GCC_541\Debug\KeysToNote.a(CyFlash.o)
 .debug_aranges
                0x00000970       0x80 .\CortexM3\ARM_GCC_541\Debug\KeysToNote.a(CySpc.o)

.debug_pubnames
 *(.debug_pubnames)

.debug_info     0x00000000     0x5a6b
 *(.debug_info .gnu.linkonce.wi.*)
 .debug_info    0x00000000      0x4c5 .\CortexM3\ARM_GCC_541\Debug\main.o
 .debug_info    0x000004c5      0x181 .\CortexM3\ARM_GCC_541\Debug\waveforms.o
 .debug_info    0x00000646      0x50a .\CortexM3\ARM_GCC_541\Debug\cyfitter_cfg.o
 .debug_info    0x00000b50      0x136 .\CortexM3\ARM_GCC_541\Debug\cymetadata.o
 .debug_info    0x00000c86      0x3cf .\CortexM3\ARM_GCC_541\Debug\Cm3Start.o
 .debug_info    0x00001055      0x2d2 .\CortexM3\ARM_GCC_541\Debug\KeysToNote.a(Button_Switch.o)
 .debug_info    0x00001327      0x17d .\CortexM3\ARM_GCC_541\Debug\KeysToNote.a(KeyNote_Low.o)
 .debug_info    0x000014a4      0x94e .\CortexM3\ARM_GCC_541\Debug\KeysToNote.a(CyDmac.o)
 .debug_info    0x00001df2     0x1374 .\CortexM3\ARM_GCC_541\Debug\KeysToNote.a(CyLib.o)
 .debug_info    0x00003166      0xa2a .\CortexM3\ARM_GCC_541\Debug\KeysToNote.a(cyPm.o)
 .debug_info    0x00003b90      0x295 .\CortexM3\ARM_GCC_541\Debug\KeysToNote.a(Waveform_Send.o)
 .debug_info    0x00003e25      0x11f .\CortexM3\ARM_GCC_541\Debug\KeysToNote.a(Fs.o)
 .debug_info    0x00003f44      0x2d2 .\CortexM3\ARM_GCC_541\Debug\KeysToNote.a(Waveform_ISR.o)
 .debug_info    0x00004216      0x343 .\CortexM3\ARM_GCC_541\Debug\KeysToNote.a(Wave_Out.o)
 .debug_info    0x00004559      0x151 .\CortexM3\ARM_GCC_541\Debug\KeysToNote.a(DACBuffer.o)
 .debug_info    0x000046aa      0x1aa .\CortexM3\ARM_GCC_541\Debug\KeysToNote.a(Wave_Out_DMA_dma.o)
 .debug_info    0x00004854      0x1dd .\CortexM3\ARM_GCC_541\Debug\KeysToNote.a(Wave_Out_VDAC8.o)
 .debug_info    0x00004a31      0x283 .\CortexM3\ARM_GCC_541\Debug\KeysToNote.a(Wave_Out_IntClock.o)
 .debug_info    0x00004cb4      0x17f .\CortexM3\ARM_GCC_541\Debug\KeysToNote.a(KeyNote_High.o)
 .debug_info    0x00004e33       0x9b .\CortexM3\ARM_GCC_541\Debug\KeysToNote.a(CyBootAsmGnu.o)
 .debug_info    0x00004ece      0x64d .\CortexM3\ARM_GCC_541\Debug\KeysToNote.a(CyFlash.o)
 .debug_info    0x0000551b      0x550 .\CortexM3\ARM_GCC_541\Debug\KeysToNote.a(CySpc.o)

.debug_abbrev   0x00000000     0x19ad
 *(.debug_abbrev)
 .debug_abbrev  0x00000000      0x133 .\CortexM3\ARM_GCC_541\Debug\main.o
 .debug_abbrev  0x00000133       0x77 .\CortexM3\ARM_GCC_541\Debug\waveforms.o
 .debug_abbrev  0x000001aa      0x1fe .\CortexM3\ARM_GCC_541\Debug\cyfitter_cfg.o
 .debug_abbrev  0x000003a8       0x77 .\CortexM3\ARM_GCC_541\Debug\cymetadata.o
 .debug_abbrev  0x0000041f      0x1e8 .\CortexM3\ARM_GCC_541\Debug\Cm3Start.o
 .debug_abbrev  0x00000607      0x173 .\CortexM3\ARM_GCC_541\Debug\KeysToNote.a(Button_Switch.o)
 .debug_abbrev  0x0000077a       0xac .\CortexM3\ARM_GCC_541\Debug\KeysToNote.a(KeyNote_Low.o)
 .debug_abbrev  0x00000826      0x1b2 .\CortexM3\ARM_GCC_541\Debug\KeysToNote.a(CyDmac.o)
 .debug_abbrev  0x000009d8      0x254 .\CortexM3\ARM_GCC_541\Debug\KeysToNote.a(CyLib.o)
 .debug_abbrev  0x00000c2c      0x1ab .\CortexM3\ARM_GCC_541\Debug\KeysToNote.a(cyPm.o)
 .debug_abbrev  0x00000dd7      0x11a .\CortexM3\ARM_GCC_541\Debug\KeysToNote.a(Waveform_Send.o)
 .debug_abbrev  0x00000ef1       0x90 .\CortexM3\ARM_GCC_541\Debug\KeysToNote.a(Fs.o)
 .debug_abbrev  0x00000f81      0x173 .\CortexM3\ARM_GCC_541\Debug\KeysToNote.a(Waveform_ISR.o)
 .debug_abbrev  0x000010f4      0x10f .\CortexM3\ARM_GCC_541\Debug\KeysToNote.a(Wave_Out.o)
 .debug_abbrev  0x00001203       0xb2 .\CortexM3\ARM_GCC_541\Debug\KeysToNote.a(DACBuffer.o)
 .debug_abbrev  0x000012b5       0xcd .\CortexM3\ARM_GCC_541\Debug\KeysToNote.a(Wave_Out_DMA_dma.o)
 .debug_abbrev  0x00001382       0xf7 .\CortexM3\ARM_GCC_541\Debug\KeysToNote.a(Wave_Out_VDAC8.o)
 .debug_abbrev  0x00001479      0x139 .\CortexM3\ARM_GCC_541\Debug\KeysToNote.a(Wave_Out_IntClock.o)
 .debug_abbrev  0x000015b2       0xac .\CortexM3\ARM_GCC_541\Debug\KeysToNote.a(KeyNote_High.o)
 .debug_abbrev  0x0000165e       0x14 .\CortexM3\ARM_GCC_541\Debug\KeysToNote.a(CyBootAsmGnu.o)
 .debug_abbrev  0x00001672      0x1a7 .\CortexM3\ARM_GCC_541\Debug\KeysToNote.a(CyFlash.o)
 .debug_abbrev  0x00001819      0x194 .\CortexM3\ARM_GCC_541\Debug\KeysToNote.a(CySpc.o)

.debug_line     0x00000000     0x26f7
 *(.debug_line)
 .debug_line    0x00000000      0x258 .\CortexM3\ARM_GCC_541\Debug\main.o
 .debug_line    0x00000258      0x14e .\CortexM3\ARM_GCC_541\Debug\waveforms.o
 .debug_line    0x000003a6      0x1de .\CortexM3\ARM_GCC_541\Debug\cyfitter_cfg.o
 .debug_line    0x00000584      0x141 .\CortexM3\ARM_GCC_541\Debug\cymetadata.o
 .debug_line    0x000006c5      0x241 .\CortexM3\ARM_GCC_541\Debug\Cm3Start.o
 .debug_line    0x00000906      0x13a .\CortexM3\ARM_GCC_541\Debug\KeysToNote.a(Button_Switch.o)
 .debug_line    0x00000a40       0xb6 .\CortexM3\ARM_GCC_541\Debug\KeysToNote.a(KeyNote_Low.o)
 .debug_line    0x00000af6      0x2e4 .\CortexM3\ARM_GCC_541\Debug\KeysToNote.a(CyDmac.o)
 .debug_line    0x00000dda      0x816 .\CortexM3\ARM_GCC_541\Debug\KeysToNote.a(CyLib.o)
 .debug_line    0x000015f0      0x367 .\CortexM3\ARM_GCC_541\Debug\KeysToNote.a(cyPm.o)
 .debug_line    0x00001957      0x15b .\CortexM3\ARM_GCC_541\Debug\KeysToNote.a(Waveform_Send.o)
 .debug_line    0x00001ab2       0x8f .\CortexM3\ARM_GCC_541\Debug\KeysToNote.a(Fs.o)
 .debug_line    0x00001b41      0x139 .\CortexM3\ARM_GCC_541\Debug\KeysToNote.a(Waveform_ISR.o)
 .debug_line    0x00001c7a      0x146 .\CortexM3\ARM_GCC_541\Debug\KeysToNote.a(Wave_Out.o)
 .debug_line    0x00001dc0       0xac .\CortexM3\ARM_GCC_541\Debug\KeysToNote.a(DACBuffer.o)
 .debug_line    0x00001e6c       0x89 .\CortexM3\ARM_GCC_541\Debug\KeysToNote.a(Wave_Out_DMA_dma.o)
 .debug_line    0x00001ef5       0xea .\CortexM3\ARM_GCC_541\Debug\KeysToNote.a(Wave_Out_VDAC8.o)
 .debug_line    0x00001fdf      0x180 .\CortexM3\ARM_GCC_541\Debug\KeysToNote.a(Wave_Out_IntClock.o)
 .debug_line    0x0000215f       0xb8 .\CortexM3\ARM_GCC_541\Debug\KeysToNote.a(KeyNote_High.o)
 .debug_line    0x00002217       0x66 .\CortexM3\ARM_GCC_541\Debug\KeysToNote.a(CyBootAsmGnu.o)
 .debug_line    0x0000227d      0x21a .\CortexM3\ARM_GCC_541\Debug\KeysToNote.a(CyFlash.o)
 .debug_line    0x00002497      0x260 .\CortexM3\ARM_GCC_541\Debug\KeysToNote.a(CySpc.o)

.debug_frame    0x00000000     0x186c
 *(.debug_frame)
 .debug_frame   0x00000000       0x68 .\CortexM3\ARM_GCC_541\Debug\main.o
 .debug_frame   0x00000068       0xe4 .\CortexM3\ARM_GCC_541\Debug\cyfitter_cfg.o
 .debug_frame   0x0000014c       0xb8 .\CortexM3\ARM_GCC_541\Debug\Cm3Start.o
 .debug_frame   0x00000204      0x104 .\CortexM3\ARM_GCC_541\Debug\KeysToNote.a(Button_Switch.o)
 .debug_frame   0x00000308       0x78 .\CortexM3\ARM_GCC_541\Debug\KeysToNote.a(KeyNote_Low.o)
 .debug_frame   0x00000380      0x1f8 .\CortexM3\ARM_GCC_541\Debug\KeysToNote.a(CyDmac.o)
 .debug_frame   0x00000578      0x738 .\CortexM3\ARM_GCC_541\Debug\KeysToNote.a(CyLib.o)
 .debug_frame   0x00000cb0      0x1f8 .\CortexM3\ARM_GCC_541\Debug\KeysToNote.a(cyPm.o)
 .debug_frame   0x00000ea8      0x108 .\CortexM3\ARM_GCC_541\Debug\KeysToNote.a(Waveform_Send.o)
 .debug_frame   0x00000fb0       0x50 .\CortexM3\ARM_GCC_541\Debug\KeysToNote.a(Fs.o)
 .debug_frame   0x00001000      0x104 .\CortexM3\ARM_GCC_541\Debug\KeysToNote.a(Waveform_ISR.o)
 .debug_frame   0x00001104       0xc0 .\CortexM3\ARM_GCC_541\Debug\KeysToNote.a(Wave_Out.o)
 .debug_frame   0x000011c4       0x78 .\CortexM3\ARM_GCC_541\Debug\KeysToNote.a(DACBuffer.o)
 .debug_frame   0x0000123c       0x54 .\CortexM3\ARM_GCC_541\Debug\KeysToNote.a(Wave_Out_DMA_dma.o)
 .debug_frame   0x00001290       0xb4 .\CortexM3\ARM_GCC_541\Debug\KeysToNote.a(Wave_Out_VDAC8.o)
 .debug_frame   0x00001344       0xe0 .\CortexM3\ARM_GCC_541\Debug\KeysToNote.a(Wave_Out_IntClock.o)
 .debug_frame   0x00001424       0x78 .\CortexM3\ARM_GCC_541\Debug\KeysToNote.a(KeyNote_High.o)
 .debug_frame   0x0000149c      0x194 .\CortexM3\ARM_GCC_541\Debug\KeysToNote.a(CyFlash.o)
 .debug_frame   0x00001630      0x180 .\CortexM3\ARM_GCC_541\Debug\KeysToNote.a(CySpc.o)
 .debug_frame   0x000017b0       0x20 c:/program files (x86)/cypress/psoc creator/4.4/psoc creator/import/gnu/arm/5.4.1/bin/../lib/gcc/arm-none-eabi/5.4.1/../../../../arm-none-eabi/lib/armv7-m\libg_nano.a(lib_a-errno.o)
 .debug_frame   0x000017d0       0x28 c:/program files (x86)/cypress/psoc creator/4.4/psoc creator/import/gnu/arm/5.4.1/bin/../lib/gcc/arm-none-eabi/5.4.1/../../../../arm-none-eabi/lib/armv7-m\libg_nano.a(lib_a-exit.o)
 .debug_frame   0x000017f8       0x2c c:/program files (x86)/cypress/psoc creator/4.4/psoc creator/import/gnu/arm/5.4.1/bin/../lib/gcc/arm-none-eabi/5.4.1/../../../../arm-none-eabi/lib/armv7-m\libg_nano.a(lib_a-init.o)
 .debug_frame   0x00001824       0x28 c:/program files (x86)/cypress/psoc creator/4.4/psoc creator/import/gnu/arm/5.4.1/bin/../lib/gcc/arm-none-eabi/5.4.1/../../../../arm-none-eabi/lib/armv7-m\libg_nano.a(lib_a-memcpy-stub.o)
 .debug_frame   0x0000184c       0x20 c:/program files (x86)/cypress/psoc creator/4.4/psoc creator/import/gnu/arm/5.4.1/bin/../lib/gcc/arm-none-eabi/5.4.1/../../../../arm-none-eabi/lib/armv7-m\libg_nano.a(lib_a-memset.o)

.debug_str      0x00000000     0x2276
 *(.debug_str)
 .debug_str     0x00000000      0x3b0 .\CortexM3\ARM_GCC_541\Debug\main.o
                                0x41a (size before relaxing)
 .debug_str     0x000003b0        0xc .\CortexM3\ARM_GCC_541\Debug\waveforms.o
                                0x229 (size before relaxing)
 .debug_str     0x000003bc      0x180 .\CortexM3\ARM_GCC_541\Debug\cyfitter_cfg.o
                                0x31a (size before relaxing)
 .debug_str     0x0000053c       0x75 .\CortexM3\ARM_GCC_541\Debug\cymetadata.o
                                0x1ef (size before relaxing)
 .debug_str     0x000005b1      0x154 .\CortexM3\ARM_GCC_541\Debug\Cm3Start.o
                                0x325 (size before relaxing)
 .debug_str     0x00000705      0x158 .\CortexM3\ARM_GCC_541\Debug\KeysToNote.a(Button_Switch.o)
                                0x321 (size before relaxing)
 .debug_str     0x0000085d       0xca .\CortexM3\ARM_GCC_541\Debug\KeysToNote.a(KeyNote_Low.o)
                                0x26c (size before relaxing)
 .debug_str     0x00000927      0x34d .\CortexM3\ARM_GCC_541\Debug\KeysToNote.a(CyDmac.o)
                                0x555 (size before relaxing)
 .debug_str     0x00000c74      0x7e5 .\CortexM3\ARM_GCC_541\Debug\KeysToNote.a(CyLib.o)
                                0xa52 (size before relaxing)
 .debug_str     0x00001459      0x365 .\CortexM3\ARM_GCC_541\Debug\KeysToNote.a(cyPm.o)
                                0x73e (size before relaxing)
 .debug_str     0x000017be      0x18c .\CortexM3\ARM_GCC_541\Debug\KeysToNote.a(Waveform_Send.o)
                                0x380 (size before relaxing)
 .debug_str     0x0000194a       0x46 .\CortexM3\ARM_GCC_541\Debug\KeysToNote.a(Fs.o)
                                0x1de (size before relaxing)
 .debug_str     0x00001990      0x133 .\CortexM3\ARM_GCC_541\Debug\KeysToNote.a(Waveform_ISR.o)
                                0x313 (size before relaxing)
 .debug_str     0x00001ac3      0x143 .\CortexM3\ARM_GCC_541\Debug\KeysToNote.a(Wave_Out.o)
                                0x37b (size before relaxing)
 .debug_str     0x00001c06       0x7d .\CortexM3\ARM_GCC_541\Debug\KeysToNote.a(DACBuffer.o)
                                0x21e (size before relaxing)
 .debug_str     0x00001c83       0x94 .\CortexM3\ARM_GCC_541\Debug\KeysToNote.a(Wave_Out_DMA_dma.o)
                                0x293 (size before relaxing)
 .debug_str     0x00001d17       0xbf .\CortexM3\ARM_GCC_541\Debug\KeysToNote.a(Wave_Out_VDAC8.o)
                                0x284 (size before relaxing)
 .debug_str     0x00001dd6      0x1ab .\CortexM3\ARM_GCC_541\Debug\KeysToNote.a(Wave_Out_IntClock.o)
                                0x371 (size before relaxing)
 .debug_str     0x00001f81       0x8e .\CortexM3\ARM_GCC_541\Debug\KeysToNote.a(KeyNote_High.o)
                                0x272 (size before relaxing)
 .debug_str     0x0000200f      0x1bb .\CortexM3\ARM_GCC_541\Debug\KeysToNote.a(CyFlash.o)
                                0x3cb (size before relaxing)
 .debug_str     0x000021ca       0xac .\CortexM3\ARM_GCC_541\Debug\KeysToNote.a(CySpc.o)
                                0x343 (size before relaxing)

.debug_loc      0x00000000     0x2972
 *(.debug_loc)
 .debug_loc     0x00000000      0x1d7 .\CortexM3\ARM_GCC_541\Debug\cyfitter_cfg.o
 .debug_loc     0x000001d7      0x144 .\CortexM3\ARM_GCC_541\Debug\Cm3Start.o
 .debug_loc     0x0000031b       0x56 .\CortexM3\ARM_GCC_541\Debug\KeysToNote.a(Button_Switch.o)
 .debug_loc     0x00000371       0x26 .\CortexM3\ARM_GCC_541\Debug\KeysToNote.a(KeyNote_Low.o)
 .debug_loc     0x00000397      0xb8e .\CortexM3\ARM_GCC_541\Debug\KeysToNote.a(CyDmac.o)
 .debug_loc     0x00000f25      0xa11 .\CortexM3\ARM_GCC_541\Debug\KeysToNote.a(CyLib.o)
 .debug_loc     0x00001936      0x1e4 .\CortexM3\ARM_GCC_541\Debug\KeysToNote.a(cyPm.o)
 .debug_loc     0x00001b1a       0x42 .\CortexM3\ARM_GCC_541\Debug\KeysToNote.a(Fs.o)
 .debug_loc     0x00001b5c       0x56 .\CortexM3\ARM_GCC_541\Debug\KeysToNote.a(Waveform_ISR.o)
 .debug_loc     0x00001bb2       0x7b .\CortexM3\ARM_GCC_541\Debug\KeysToNote.a(Wave_Out.o)
 .debug_loc     0x00001c2d       0x21 .\CortexM3\ARM_GCC_541\Debug\KeysToNote.a(DACBuffer.o)
 .debug_loc     0x00001c4e       0x84 .\CortexM3\ARM_GCC_541\Debug\KeysToNote.a(Wave_Out_DMA_dma.o)
 .debug_loc     0x00001cd2       0x79 .\CortexM3\ARM_GCC_541\Debug\KeysToNote.a(Wave_Out_VDAC8.o)
 .debug_loc     0x00001d4b      0x12c .\CortexM3\ARM_GCC_541\Debug\KeysToNote.a(Wave_Out_IntClock.o)
 .debug_loc     0x00001e77       0x44 .\CortexM3\ARM_GCC_541\Debug\KeysToNote.a(KeyNote_High.o)
 .debug_loc     0x00001ebb      0x3b2 .\CortexM3\ARM_GCC_541\Debug\KeysToNote.a(CyFlash.o)
 .debug_loc     0x0000226d      0x705 .\CortexM3\ARM_GCC_541\Debug\KeysToNote.a(CySpc.o)

.debug_macinfo
 *(.debug_macinfo)

.debug_ranges   0x00000000      0x870
 *(.debug_ranges)
 .debug_ranges  0x00000000       0x20 .\CortexM3\ARM_GCC_541\Debug\main.o
 .debug_ranges  0x00000020       0x48 .\CortexM3\ARM_GCC_541\Debug\cyfitter_cfg.o
 .debug_ranges  0x00000068       0x38 .\CortexM3\ARM_GCC_541\Debug\Cm3Start.o
 .debug_ranges  0x000000a0       0x70 .\CortexM3\ARM_GCC_541\Debug\KeysToNote.a(Button_Switch.o)
 .debug_ranges  0x00000110       0x30 .\CortexM3\ARM_GCC_541\Debug\KeysToNote.a(KeyNote_Low.o)
 .debug_ranges  0x00000140       0xc8 .\CortexM3\ARM_GCC_541\Debug\KeysToNote.a(CyDmac.o)
 .debug_ranges  0x00000208      0x290 .\CortexM3\ARM_GCC_541\Debug\KeysToNote.a(CyLib.o)
 .debug_ranges  0x00000498       0x88 .\CortexM3\ARM_GCC_541\Debug\KeysToNote.a(cyPm.o)
 .debug_ranges  0x00000520       0x78 .\CortexM3\ARM_GCC_541\Debug\KeysToNote.a(Waveform_Send.o)
 .debug_ranges  0x00000598       0x28 .\CortexM3\ARM_GCC_541\Debug\KeysToNote.a(Fs.o)
 .debug_ranges  0x000005c0       0x70 .\CortexM3\ARM_GCC_541\Debug\KeysToNote.a(Waveform_ISR.o)
 .debug_ranges  0x00000630       0x38 .\CortexM3\ARM_GCC_541\Debug\KeysToNote.a(Wave_Out.o)
 .debug_ranges  0x00000668       0x30 .\CortexM3\ARM_GCC_541\Debug\KeysToNote.a(DACBuffer.o)
 .debug_ranges  0x00000698       0x18 .\CortexM3\ARM_GCC_541\Debug\KeysToNote.a(Wave_Out_DMA_dma.o)
 .debug_ranges  0x000006b0       0x48 .\CortexM3\ARM_GCC_541\Debug\KeysToNote.a(Wave_Out_VDAC8.o)
 .debug_ranges  0x000006f8       0x60 .\CortexM3\ARM_GCC_541\Debug\KeysToNote.a(Wave_Out_IntClock.o)
 .debug_ranges  0x00000758       0x30 .\CortexM3\ARM_GCC_541\Debug\KeysToNote.a(KeyNote_High.o)
 .debug_ranges  0x00000788       0x78 .\CortexM3\ARM_GCC_541\Debug\KeysToNote.a(CyFlash.o)
 .debug_ranges  0x00000800       0x70 .\CortexM3\ARM_GCC_541\Debug\KeysToNote.a(CySpc.o)

.comment        0x00000000       0x6e
 .comment       0x00000000       0x6e .\CortexM3\ARM_GCC_541\Debug\main.o
                                 0x6f (size before relaxing)
 .comment       0x0000006e       0x6f .\CortexM3\ARM_GCC_541\Debug\waveforms.o
 .comment       0x0000006e       0x6f .\CortexM3\ARM_GCC_541\Debug\cyfitter_cfg.o
 .comment       0x0000006e       0x6f .\CortexM3\ARM_GCC_541\Debug\cymetadata.o
 .comment       0x0000006e       0x6f .\CortexM3\ARM_GCC_541\Debug\Cm3Start.o
 .comment       0x0000006e       0x6f .\CortexM3\ARM_GCC_541\Debug\KeysToNote.a(Button_Switch.o)
 .comment       0x0000006e       0x6f .\CortexM3\ARM_GCC_541\Debug\KeysToNote.a(KeyNote_Low.o)
 .comment       0x0000006e       0x6f .\CortexM3\ARM_GCC_541\Debug\KeysToNote.a(CyDmac.o)
 .comment       0x0000006e       0x6f .\CortexM3\ARM_GCC_541\Debug\KeysToNote.a(CyLib.o)
 .comment       0x0000006e       0x6f .\CortexM3\ARM_GCC_541\Debug\KeysToNote.a(cyPm.o)
 .comment       0x0000006e       0x6f .\CortexM3\ARM_GCC_541\Debug\KeysToNote.a(Waveform_Send.o)
 .comment       0x0000006e       0x6f .\CortexM3\ARM_GCC_541\Debug\KeysToNote.a(Fs.o)
 .comment       0x0000006e       0x6f .\CortexM3\ARM_GCC_541\Debug\KeysToNote.a(Waveform_ISR.o)
 .comment       0x0000006e       0x6f .\CortexM3\ARM_GCC_541\Debug\KeysToNote.a(Wave_Out.o)
 .comment       0x0000006e       0x6f .\CortexM3\ARM_GCC_541\Debug\KeysToNote.a(DACBuffer.o)
 .comment       0x0000006e       0x6f .\CortexM3\ARM_GCC_541\Debug\KeysToNote.a(Wave_Out_DMA_dma.o)
 .comment       0x0000006e       0x6f .\CortexM3\ARM_GCC_541\Debug\KeysToNote.a(Wave_Out_VDAC8.o)
 .comment       0x0000006e       0x6f .\CortexM3\ARM_GCC_541\Debug\KeysToNote.a(Wave_Out_IntClock.o)
 .comment       0x0000006e       0x6f .\CortexM3\ARM_GCC_541\Debug\KeysToNote.a(KeyNote_High.o)
 .comment       0x0000006e       0x6f .\CortexM3\ARM_GCC_541\Debug\KeysToNote.a(CyFlash.o)
 .comment       0x0000006e       0x6f .\CortexM3\ARM_GCC_541\Debug\KeysToNote.a(CySpc.o)

.debug_weaknames
 *(.debug_weaknames)

.debug_funcnames
 *(.debug_funcnames)

.debug_typenames
 *(.debug_typenames)

.debug_varnames
 *(.debug_varnames)

.note.gnu.arm.ident
 *(.note.gnu.arm.ident)

.ARM.attributes
                0x00000000       0x29
 *(.ARM.attributes)
 .ARM.attributes
                0x00000000       0x1d c:/program files (x86)/cypress/psoc creator/4.4/psoc creator/import/gnu/arm/5.4.1/bin/../lib/gcc/arm-none-eabi/5.4.1/armv7-m/crti.o
 .ARM.attributes
                0x0000001d       0x2d c:/program files (x86)/cypress/psoc creator/4.4/psoc creator/import/gnu/arm/5.4.1/bin/../lib/gcc/arm-none-eabi/5.4.1/armv7-m/crtbegin.o
 .ARM.attributes
                0x0000004a       0x1b c:/program files (x86)/cypress/psoc creator/4.4/psoc creator/import/gnu/arm/5.4.1/bin/../lib/gcc/arm-none-eabi/5.4.1/../../../../arm-none-eabi/lib/armv7-m/crt0.o
 .ARM.attributes
                0x00000065       0x33 .\CortexM3\ARM_GCC_541\Debug\main.o
 .ARM.attributes
                0x00000098       0x33 .\CortexM3\ARM_GCC_541\Debug\waveforms.o
 .ARM.attributes
                0x000000cb       0x33 .\CortexM3\ARM_GCC_541\Debug\cyfitter_cfg.o
 .ARM.attributes
                0x000000fe       0x33 .\CortexM3\ARM_GCC_541\Debug\cymetadata.o
 .ARM.attributes
                0x00000131       0x33 .\CortexM3\ARM_GCC_541\Debug\Cm3Start.o
 .ARM.attributes
                0x00000164       0x33 .\CortexM3\ARM_GCC_541\Debug\KeysToNote.a(Button_Switch.o)
 .ARM.attributes
                0x00000197       0x33 .\CortexM3\ARM_GCC_541\Debug\KeysToNote.a(KeyNote_Low.o)
 .ARM.attributes
                0x000001ca       0x33 .\CortexM3\ARM_GCC_541\Debug\KeysToNote.a(CyDmac.o)
 .ARM.attributes
                0x000001fd       0x33 .\CortexM3\ARM_GCC_541\Debug\KeysToNote.a(CyLib.o)
 .ARM.attributes
                0x00000230       0x33 .\CortexM3\ARM_GCC_541\Debug\KeysToNote.a(cyPm.o)
 .ARM.attributes
                0x00000263       0x33 .\CortexM3\ARM_GCC_541\Debug\KeysToNote.a(Waveform_Send.o)
 .ARM.attributes
                0x00000296       0x33 .\CortexM3\ARM_GCC_541\Debug\KeysToNote.a(Fs.o)
 .ARM.attributes
                0x000002c9       0x33 .\CortexM3\ARM_GCC_541\Debug\KeysToNote.a(Waveform_ISR.o)
 .ARM.attributes
                0x000002fc       0x33 .\CortexM3\ARM_GCC_541\Debug\KeysToNote.a(Wave_Out.o)
 .ARM.attributes
                0x0000032f       0x33 .\CortexM3\ARM_GCC_541\Debug\KeysToNote.a(DACBuffer.o)
 .ARM.attributes
                0x00000362       0x33 .\CortexM3\ARM_GCC_541\Debug\KeysToNote.a(Wave_Out_DMA_dma.o)
 .ARM.attributes
                0x00000395       0x33 .\CortexM3\ARM_GCC_541\Debug\KeysToNote.a(Wave_Out_VDAC8.o)
 .ARM.attributes
                0x000003c8       0x33 .\CortexM3\ARM_GCC_541\Debug\KeysToNote.a(Wave_Out_IntClock.o)
 .ARM.attributes
                0x000003fb       0x33 .\CortexM3\ARM_GCC_541\Debug\KeysToNote.a(KeyNote_High.o)
 .ARM.attributes
                0x0000042e       0x21 .\CortexM3\ARM_GCC_541\Debug\KeysToNote.a(CyBootAsmGnu.o)
 .ARM.attributes
                0x0000044f       0x33 .\CortexM3\ARM_GCC_541\Debug\KeysToNote.a(CyFlash.o)
 .ARM.attributes
                0x00000482       0x33 .\CortexM3\ARM_GCC_541\Debug\KeysToNote.a(CySpc.o)
 .ARM.attributes
                0x000004b5       0x2d c:/program files (x86)/cypress/psoc creator/4.4/psoc creator/import/gnu/arm/5.4.1/bin/../lib/gcc/arm-none-eabi/5.4.1/../../../../arm-none-eabi/lib/armv7-m\libg_nano.a(lib_a-errno.o)
 .ARM.attributes
                0x000004e2       0x2d c:/program files (x86)/cypress/psoc creator/4.4/psoc creator/import/gnu/arm/5.4.1/bin/../lib/gcc/arm-none-eabi/5.4.1/../../../../arm-none-eabi/lib/armv7-m\libg_nano.a(lib_a-exit.o)
 .ARM.attributes
                0x0000050f       0x2d c:/program files (x86)/cypress/psoc creator/4.4/psoc creator/import/gnu/arm/5.4.1/bin/../lib/gcc/arm-none-eabi/5.4.1/../../../../arm-none-eabi/lib/armv7-m\libg_nano.a(lib_a-impure.o)
 .ARM.attributes
                0x0000053c       0x2d c:/program files (x86)/cypress/psoc creator/4.4/psoc creator/import/gnu/arm/5.4.1/bin/../lib/gcc/arm-none-eabi/5.4.1/../../../../arm-none-eabi/lib/armv7-m\libg_nano.a(lib_a-init.o)
 .ARM.attributes
                0x00000569       0x2d c:/program files (x86)/cypress/psoc creator/4.4/psoc creator/import/gnu/arm/5.4.1/bin/../lib/gcc/arm-none-eabi/5.4.1/../../../../arm-none-eabi/lib/armv7-m\libg_nano.a(lib_a-memcpy-stub.o)
 .ARM.attributes
                0x00000596       0x2d c:/program files (x86)/cypress/psoc creator/4.4/psoc creator/import/gnu/arm/5.4.1/bin/../lib/gcc/arm-none-eabi/5.4.1/../../../../arm-none-eabi/lib/armv7-m\libg_nano.a(lib_a-memset.o)
 .ARM.attributes
                0x000005c3       0x2d c:/program files (x86)/cypress/psoc creator/4.4/psoc creator/import/gnu/arm/5.4.1/bin/../lib/gcc/arm-none-eabi/5.4.1/armv7-m/crtend.o
 .ARM.attributes
                0x000005f0       0x1d c:/program files (x86)/cypress/psoc creator/4.4/psoc creator/import/gnu/arm/5.4.1/bin/../lib/gcc/arm-none-eabi/5.4.1/armv7-m/crtn.o

/DISCARD/
 *(.note.GNU-stack)
OUTPUT(C:\Users\simon\OneDrive\Documents\PSoC Creator\FinalProject\KeysToNote.cydsn\CortexM3\ARM_GCC_541\Debug\KeysToNote.elf elf32-littlearm)
